122.106.118.192 - - [16/May/2009:04:13:20 -0700] "GET www.kinneryandrajan.com/?p=11 HTTP/1.1" 200 105 "http://images.google.com.au/imgres?imgurl=http://www.kinneryandrajan.com/wp-content/uploads/2009/03/trek.jpg&imgrefurl=http://www.kinneryandrajan.com/%3Fp%3D11&usg=__hhceH_tA7i4bBIH8yrpUEoUt8BM=&h=332&w=500&sz=145&hl=en&start=1&um=1&tbnid=7FSg9mKTF9Y45M:&tbnh=86&tbnw=130&prev=/images%3Fq%3Dtrek%2B470%2Bbike%26hl%3Den%26rlz%3D1T4GGLJ_en-GBSG311SG311%26sa%3DN%26um%3D1" "Mozilla/4.0 (compatible; MSIE 7.0; Windows NT 6.0; GTB6; SLCC1; .NET CLR 2.0.50727; .NET CLR 3.0.04506; .NET CLR 1.0.3705; .NET CLR 1.1.4322; InfoPath.2)"
122.106.118.192 - - [16/May/2009:04:13:22 -0700] "GET www.kinneryandrajan.com/wp-content/uploads/2009/03/trek.jpg HTTP/1.1" 200 147712 "http://images.google.com.au/imgres?imgurl=http://www.kinneryandrajan.com/wp-content/uploads/2009/03/trek.jpg&imgrefurl=http://www.kinneryandrajan.com/%3Fp%3D11&usg=__hhceH_tA7i4bBIH8yrpUEoUt8BM=&h=332&w=500&sz=145&hl=en&start=1&um=1&tbnid=7FSg9mKTF9Y45M:&tbnh=86&tbnw=130&prev=/images%3Fq%3Dtrek%2B470%2Bbike%26hl%3Den%26rlz%3D1T4GGLJ_en-GBSG311SG311%26sa%3DN%26um%3D1" "Mozilla/4.0 (compatible; MSIE 7.0; Windows NT 6.0; GTB6; SLCC1; .NET CLR 2.0.50727; .NET CLR 3.0.04506; .NET CLR 1.0.3705; .NET CLR 1.1.4322; InfoPath.2)"
122.106.118.192 - - [16/May/2009:04:13:23 -0700] "GET www.kinneryandrajan.com/favicon.ico HTTP/1.1" 404 - "-" "Mozilla/4.0 (compatible; MSIE 7.0; Windows NT 6.0; GTB6; SLCC1; .NET CLR 2.0.50727; .NET CLR 3.0.04506; .NET CLR 1.0.3705; .NET CLR 1.1.4322; InfoPath.2)"
122.106.118.192 - - [16/May/2009:04:13:37 -0700] "GET www.kinneryandrajan.com/?p=11 HTTP/1.1" 200 6002 "http://images.google.com.au/imgres?imgurl=http://www.kinneryandrajan.com/wp-content/uploads/2009/03/trek.jpg&imgrefurl=http://www.kinneryandrajan.com/%3Fp%3D11&usg=__hhceH_tA7i4bBIH8yrpUEoUt8BM=&h=332&w=500&sz=145&hl=en&start=1&um=1&tbnid=7FSg9mKTF9Y45M:&tbnh=86&tbnw=130&prev=/images%3Fq%3Dtrek%2B470%2Bbike%26hl%3Den%26rlz%3D1T4GGLJ_en-GBSG311SG311%26sa%3DN%26um%3D1" "Mozilla/4.0 (compatible; MSIE 7.0; Windows NT 6.0; GTB6; SLCC1; .NET CLR 2.0.50727; .NET CLR 3.0.04506; .NET CLR 1.0.3705; .NET CLR 1.1.4322; InfoPath.2)"
66.249.70.102 - - [16/May/2009:04:16:08 -0700] "GET www.twibuzz.com/cgi/tweets.py?q=%23railsconf HTTP/1.1" 200 7853 "-" "Mozilla/5.0 (compatible; Googlebot/2.1; +http://www.google.com/bot.html)"
66.249.70.102 - - [16/May/2009:04:30:04 -0700] "GET www.twibuzz.com/cgi/search.py?query=chuck HTTP/1.1" 200 82151 "-" "Mozilla/5.0 (compatible; Googlebot/2.1; +http://www.google.com/bot.html)"
66.249.70.102 - - [16/May/2009:04:32:15 -0700] "GET www.twibuzz.com/cgi/tweets.py?q=%23mamapedia HTTP/1.1" 200 7071 "-" "Mozilla/5.0 (compatible; Googlebot/2.1; +http://www.google.com/bot.html)"
66.249.70.102 - - [16/May/2009:04:35:58 -0700] "GET www.twibuzz.com/cgi/search.py?query=chrysler HTTP/1.1" 200 111808 "-" "Mozilla/5.0 (compatible; Googlebot/2.1; +http://www.google.com/bot.html)"
66.249.70.102 - - [16/May/2009:04:36:45 -0700] "GET www.twibuzz.com/cgi/search.py?query=%23dance HTTP/1.1" 200 15046 "-" "Mozilla/5.0 (compatible; Googlebot/2.1; +http://www.google.com/bot.html)"
66.249.70.102 - - [16/May/2009:04:45:10 -0700] "GET www.twibuzz.com/cgi/search.py?query=coldplay HTTP/1.1" 200 11178 "-" "Mozilla/5.0 (compatible; Googlebot/2.1; +http://www.google.com/bot.html)"
194.8.74.220 - - [16/May/2009:04:47:00 -0700] "GET www.kinneryandrajan.com/?page_id=2 HTTP/1.0" 200 14125 "http://www.kinneryandrajan.com/?page_id=2" "Mozilla/0.6 Beta (Windows)"
194.8.74.220 - - [16/May/2009:04:47:02 -0700] "POST www.kinneryandrajan.com/wp-comments-post.php HTTP/1.0" 302 0 "http://www.kinneryandrajan.com/?page_id=2" "Mozilla/0.6 Beta (Windows)"
194.8.75.163 - - [16/May/2009:04:47:36 -0700] "GET www.kinneryandrajan.com/?page_id=2 HTTP/1.0" 200 14125 "http://www.kinneryandrajan.com/?page_id=2" "Mozilla/4.0 (compatible; MSIE 6.0; Windows NT 5.1; en) Opera 9.0"
194.8.75.163 - - [16/May/2009:04:47:38 -0700] "POST www.kinneryandrajan.com/wp-comments-post.php HTTP/1.0" 302 0 "http://www.kinneryandrajan.com/?page_id=2" "Mozilla/4.0 (compatible; MSIE 6.0; Windows NT 5.1; en) Opera 9.0"
66.249.70.102 - - [16/May/2009:04:52:15 -0700] "GET www.twibuzz.com/cgi/search.py?query=oprah HTTP/1.1" 200 118181 "-" "Mozilla/5.0 (compatible; Googlebot/2.1; +http://www.google.com/bot.html)"
66.249.70.102 - - [16/May/2009:04:59:23 -0700] "GET www.twibuzz.com/cgi/search.py?query=sis HTTP/1.1" 200 16761 "-" "Mozilla/5.0 (compatible; Googlebot/2.1; +http://www.google.com/bot.html)"
66.249.70.102 - - [16/May/2009:05:00:31 -0700] "GET www.twibuzz.com/cgi/search.py?query=gossip+girl HTTP/1.1" 200 76142 "-" "Mozilla/5.0 (compatible; Googlebot/2.1; +http://www.google.com/bot.html)"
66.249.70.102 - - [16/May/2009:05:06:44 -0700] "GET www.twibuzz.com/cgi/search.py?query=miami HTTP/1.1" 200 88533 "-" "Mozilla/5.0 (compatible; Googlebot/2.1; +http://www.google.com/bot.html)"
66.249.70.102 - - [16/May/2009:05:07:30 -0700] "GET www.twibuzz.com/cgi/search.py?query=%23mcfly HTTP/1.1" 200 19231 "-" "Mozilla/5.0 (compatible; Googlebot/2.1; +http://www.google.com/bot.html)"
66.249.70.102 - - [16/May/2009:05:13:07 -0700] "GET www.twibuzz.com/cgi/search.py?query=green+day HTTP/1.1" 200 103348 "-" "Mozilla/5.0 (compatible; Googlebot/2.1; +http://www.google.com/bot.html)"
194.8.75.149 - - [16/May/2009:05:14:12 -0700] "GET www.kinneryandrajan.com/?page_id=2 HTTP/1.0" 200 14125 "http://www.kinneryandrajan.com/?page_id=2" "Mozilla/4.0 (compatible; MSIE 6.0; Windows NT 5.2; Win64; x64; SV1; .NET CLR 2.0.50727)"
194.8.75.149 - - [16/May/2009:05:14:13 -0700] "POST www.kinneryandrajan.com/wp-comments-post.php HTTP/1.0" 302 0 "http://www.kinneryandrajan.com/?page_id=2" "Mozilla/4.0 (compatible; MSIE 6.0; Windows NT 5.2; Win64; x64; SV1; .NET CLR 2.0.50727)"
66.249.70.102 - - [16/May/2009:05:18:29 -0700] "GET www.twibuzz.com/cgi/search.py?query=caps HTTP/1.1" 200 92206 "-" "Mozilla/5.0 (compatible; Googlebot/2.1; +http://www.google.com/bot.html)"
66.249.70.102 - - [16/May/2009:05:19:29 -0700] "GET www.twibuzz.com/cgi/search.py?query=conchords HTTP/1.1" 200 20696 "-" "Mozilla/5.0 (compatible; Googlebot/2.1; +http://www.google.com/bot.html)"
66.249.70.102 - - [16/May/2009:05:34:31 -0700] "GET www.twibuzz.com/cgi/search.py?query=%23getaway HTTP/1.1" 200 14229 "-" "Mozilla/5.0 (compatible; Googlebot/2.1; +http://www.google.com/bot.html)"
66.249.70.102 - - [16/May/2009:05:35:01 -0700] "GET www.twibuzz.com/cgi/search.py?query=danny HTTP/1.1" 200 127541 "-" "Mozilla/5.0 (compatible; Googlebot/2.1; +http://www.google.com/bot.html)"
66.249.70.102 - - [16/May/2009:05:41:44 -0700] "GET www.twibuzz.com/cgi/search.py?query=allison HTTP/1.1" 200 127968 "-" "Mozilla/5.0 (compatible; Googlebot/2.1; +http://www.google.com/bot.html)"
66.249.70.102 - - [16/May/2009:05:42:09 -0700] "GET www.twibuzz.com/cgi/search.py?query=craigslist HTTP/1.1" 200 19549 "-" "Mozilla/5.0 (compatible; Googlebot/2.1; +http://www.google.com/bot.html)"
66.249.70.102 - - [16/May/2009:05:43:02 -0700] "GET www.twibuzz.com/cgi/tweets.py?q=lord HTTP/1.1" 200 7867 "-" "Mozilla/5.0 (compatible; Googlebot/2.1; +http://www.google.com/bot.html)"
66.249.70.102 - - [16/May/2009:05:43:35 -0700] "GET www.twibuzz.com/cgi/tweets.py?q=kris HTTP/1.1" 200 7679 "-" "Mozilla/5.0 (compatible; Googlebot/2.1; +http://www.google.com/bot.html)"
66.249.70.102 - - [16/May/2009:05:49:48 -0700] "GET www.twibuzz.com/cgi/search.py?query=%23lofnotc HTTP/1.1" 200 8607 "-" "Mozilla/5.0 (compatible; Googlebot/2.1; +http://www.google.com/bot.html)"
66.249.70.102 - - [16/May/2009:06:03:00 -0700] "GET www.twibuzz.com/cgi/search.py?query=rome HTTP/1.1" 200 69901 "-" "Mozilla/5.0 (compatible; Googlebot/2.1; +http://www.google.com/bot.html)"
209.131.41.49 - - [16/May/2009:06:07:37 -0700] "GET www.kinneryandrajan.com/?feed=rss2 HTTP/1.0" 200 14428 "-" "YahooFeedSeeker/2.0 (compatible; Mozilla 4.0; MSIE 5.5; http://publisher.yahoo.com/rssguide; users 1; views 101)"
66.249.70.102 - - [16/May/2009:06:08:01 -0700] "GET www.twibuzz.com/cgi/search.py?query=swineflu HTTP/1.1" 200 144186 "-" "Mozilla/5.0 (compatible; Googlebot/2.1; +http://www.google.com/bot.html)"
66.249.70.102 - - [16/May/2009:06:22:19 -0700] "GET www.twibuzz.com/cgi/search.py?query=iphone HTTP/1.1" 200 85948 "-" "Mozilla/5.0 (compatible; Googlebot/2.1; +http://www.google.com/bot.html)"
66.249.70.102 - - [16/May/2009:06:36:56 -0700] "GET www.twibuzz.com/cgi/search.py?query=cassie HTTP/1.1" 200 58521 "-" "Mozilla/5.0 (compatible; Googlebot/2.1; +http://www.google.com/bot.html)"
66.249.70.102 - - [16/May/2009:06:42:53 -0700] "GET www.twibuzz.com/cgi/search.py?query=holland HTTP/1.1" 200 107391 "-" "Mozilla/5.0 (compatible; Googlebot/2.1; +http://www.google.com/bot.html)"
66.249.70.102 - - [16/May/2009:06:45:40 -0700] "GET www.twibuzz.com/cgi/search.py?query=eurovision HTTP/1.1" 200 25147 "-" "Mozilla/5.0 (compatible; Googlebot/2.1; +http://www.google.com/bot.html)"
66.249.70.102 - - [16/May/2009:06:46:29 -0700] "GET www.kinneryandrajan.com/?p=1 HTTP/1.1" 200 23085 "-" "Mozilla/5.0 (compatible; Googlebot/2.1; +http://www.google.com/bot.html)"
216.129.119.44 - - [16/May/2009:06:46:47 -0700] "GET www.kinneryandrajan.com/wp-trackback.php?p=19 HTTP/1.0" 302 0 "-" "Mozilla/5.0 (Twiceler-0.9 http://www.cuil.com/twiceler/robot.html)"
66.249.70.102 - - [16/May/2009:06:46:47 -0700] "GET www.twibuzz.com/cgi/search.py?query=dom+deluise HTTP/1.1" 200 49053 "-" "Mozilla/5.0 (compatible; Googlebot/2.1; +http://www.google.com/bot.html)"
66.249.70.102 - - [16/May/2009:06:48:23 -0700] "GET www.twibuzz.com/cgi/search.py?query=danny+gokey HTTP/1.1" 200 62653 "-" "Mozilla/5.0 (compatible; Googlebot/2.1; +http://www.google.com/bot.html)"
66.249.70.102 - - [16/May/2009:06:49:39 -0700] "GET www.twibuzz.com/cgi/search.py?query=apprentice HTTP/1.1" 200 112427 "-" "Mozilla/5.0 (compatible; Googlebot/2.1; +http://www.google.com/bot.html)"
66.249.70.102 - - [16/May/2009:06:54:44 -0700] "GET www.twibuzz.com/cgi/search.py?query=musso HTTP/1.1" 200 48510 "-" "Mozilla/5.0 (compatible; Googlebot/2.1; +http://www.google.com/bot.html)"
194.8.74.220 - - [16/May/2009:07:13:00 -0700] "GET www.kinneryandrajan.com/?page_id=2 HTTP/1.0" 200 14125 "http://www.kinneryandrajan.com/?page_id=2" "Mozilla/3.0 (compatible; WebCapture 2.0; Auto; Windows)"
194.8.74.220 - - [16/May/2009:07:13:03 -0700] "POST www.kinneryandrajan.com/wp-comments-post.php HTTP/1.0" 302 0 "http://www.kinneryandrajan.com/?page_id=2" "Mozilla/3.0 (compatible; WebCapture 2.0; Auto; Windows)"
194.8.75.163 - - [16/May/2009:07:13:36 -0700] "GET www.kinneryandrajan.com/?page_id=2 HTTP/1.0" 200 14125 "http://www.kinneryandrajan.com/?page_id=2" "Mozilla/4.0 (compatible; MSIE 6.0; Windows NT 5.1; SV1; .NET CLR 1.1.4322; .NET CLR 2.0.50727)"
194.8.75.163 - - [16/May/2009:07:13:38 -0700] "POST www.kinneryandrajan.com/wp-comments-post.php HTTP/1.0" 302 0 "http://www.kinneryandrajan.com/?page_id=2" "Mozilla/4.0 (compatible; MSIE 6.0; Windows NT 5.1; SV1; .NET CLR 1.1.4322; .NET CLR 2.0.50727)"
66.249.70.102 - - [16/May/2009:07:14:18 -0700] "GET www.twibuzz.com/cgi/search.py?query=canucks HTTP/1.1" 200 95394 "-" "Mozilla/5.0 (compatible; Googlebot/2.1; +http://www.google.com/bot.html)"
72.30.142.90 - - [16/May/2009:07:16:28 -0700] "GET www.kinneryandrajan.com/wp-trackback.php?p=15 HTTP/1.0" 302 0 "-" "Mozilla/5.0 (compatible; Yahoo! Slurp/3.0; http://help.yahoo.com/help/us/ysearch/slurp)"
72.30.142.90 - - [16/May/2009:07:16:33 -0700] "GET www.kinneryandrajan.com/?p=15 HTTP/1.0" 200 15866 "-" "Mozilla/5.0 (compatible; Yahoo! Slurp/3.0; http://help.yahoo.com/help/us/ysearch/slurp)"
72.30.142.90 - - [16/May/2009:07:16:35 -0700] "GET www.kinneryandrajan.com/wp-content/themes/inove/style.css HTTP/1.0" 200 19374 "http://www.kinneryandrajan.com/?p=15" "Mozilla/5.0 (compatible; Yahoo! Slurp/3.0; http://help.yahoo.com/help/us/ysearch/slurp)"
72.30.142.90 - - [16/May/2009:07:16:38 -0700] "GET www.kinneryandrajan.com/wp-content/plugins/wp-recaptcha/recaptcha.css HTTP/1.0" 304 - "http://www.kinneryandrajan.com/?p=15" "Mozilla/5.0 (compatible; Yahoo! Slurp/3.0; http://help.yahoo.com/help/us/ysearch/slurp)"
66.249.70.102 - - [16/May/2009:07:27:34 -0700] "GET www.twibuzz.com/cgi/search.py?query=%23knitting HTTP/1.1" 200 17567 "-" "Mozilla/5.0 (compatible; Googlebot/2.1; +http://www.google.com/bot.html)"
66.249.70.102 - - [16/May/2009:07:32:17 -0700] "GET www.twibuzz.com/cgi/search.py?query=mac+os+x+10 HTTP/1.1" 200 22202 "-" "Mozilla/5.0 (compatible; Googlebot/2.1; +http://www.google.com/bot.html)"
66.249.70.102 - - [16/May/2009:07:33:34 -0700] "GET www.twibuzz.com/cgi/search.py?query=%23crapnamesforpubs HTTP/1.1" 200 34044 "-" "Mozilla/5.0 (compatible; Googlebot/2.1; +http://www.google.com/bot.html)"
66.249.70.102 - - [16/May/2009:07:35:10 -0700] "GET www.twibuzz.com/cgi/search.py?query=prison+break HTTP/1.1" 200 9104 "-" "Mozilla/5.0 (compatible; Googlebot/2.1; +http://www.google.com/bot.html)"
66.249.70.102 - - [16/May/2009:07:36:39 -0700] "GET www.twibuzz.com/cgi/search.py?query=wolframalpha HTTP/1.1" 200 9277 "-" "Mozilla/5.0 (compatible; Googlebot/2.1; +http://www.google.com/bot.html)"
194.8.75.149 - - [16/May/2009:07:40:13 -0700] "GET www.kinneryandrajan.com/?page_id=2 HTTP/1.0" 200 14125 "http://www.kinneryandrajan.com/?page_id=2" "Mozilla/4.0 (compatible; MSIE 6.0; Windows NT 5.1; SV1; YPC 3.0.2; .NET CLR 1.1.4322; yplus 4.4.02b)"
194.8.75.149 - - [16/May/2009:07:40:15 -0700] "POST www.kinneryandrajan.com/wp-comments-post.php HTTP/1.0" 302 0 "http://www.kinneryandrajan.com/?page_id=2" "Mozilla/4.0 (compatible; MSIE 6.0; Windows NT 5.1; SV1; YPC 3.0.2; .NET CLR 1.1.4322; yplus 4.4.02b)"
72.30.142.90 - - [16/May/2009:07:56:21 -0700] "GET www.kinneryandrajan.com/?p=11 HTTP/1.0" 200 15681 "-" "Mozilla/5.0 (compatible; Yahoo! Slurp/3.0; http://help.yahoo.com/help/us/ysearch/slurp)"
72.30.142.90 - - [16/May/2009:07:56:22 -0700] "GET www.kinneryandrajan.com/wp-content/themes/inove/style.css HTTP/1.0" 200 19374 "http://www.kinneryandrajan.com/?p=11" "Mozilla/5.0 (compatible; Yahoo! Slurp/3.0; http://help.yahoo.com/help/us/ysearch/slurp)"
66.249.70.102 - - [16/May/2009:07:57:35 -0700] "GET www.twibuzz.com/cgi/search.py?query=brett+favre HTTP/1.1" 200 61816 "-" "Mozilla/5.0 (compatible; Googlebot/2.1; +http://www.google.com/bot.html)"
66.249.70.102 - - [16/May/2009:08:05:14 -0700] "GET www.twibuzz.com/cgi/search.py?query=moscow HTTP/1.1" 200 6997 "-" "Mozilla/5.0 (compatible; Googlebot/2.1; +http://www.google.com/bot.html)"
66.249.70.102 - - [16/May/2009:08:12:41 -0700] "GET www.twibuzz.com/cgi/search.py?query=%23redwings HTTP/1.1" 200 38966 "-" "Mozilla/5.0 (compatible; Googlebot/2.1; +http://www.google.com/bot.html)"
72.30.142.90 - - [16/May/2009:08:12:48 -0700] "GET www.kinneryandrajan.com/robots.txt HTTP/1.0" 404 - "-" "Mozilla/5.0 (compatible; Yahoo! Slurp; http://help.yahoo.com/help/us/ysearch/slurp)"
72.30.142.90 - - [16/May/2009:08:12:49 -0700] "GET www.kinneryandrajan.com/?m=200902 HTTP/1.0" 200 12201 "-" "Mozilla/5.0 (compatible; Yahoo! Slurp/3.0; http://help.yahoo.com/help/us/ysearch/slurp)"
66.249.70.102 - - [16/May/2009:08:18:02 -0700] "GET www.twibuzz.com/cgi/search.py?query=donald+trump HTTP/1.1" 200 22995 "-" "Mozilla/5.0 (compatible; Googlebot/2.1; +http://www.google.com/bot.html)"
66.249.70.102 - - [16/May/2009:08:20:07 -0700] "GET www.twibuzz.com/cgi/tweets.py?q=%23woofwednesday HTTP/1.1" 200 7850 "-" "Mozilla/5.0 (compatible; Googlebot/2.1; +http://www.google.com/bot.html)"
66.249.70.102 - - [16/May/2009:08:20:35 -0700] "GET www.twibuzz.com/cgi/search.py?query=adam+lambert HTTP/1.1" 200 109041 "-" "Mozilla/5.0 (compatible; Googlebot/2.1; +http://www.google.com/bot.html)"
72.30.142.90 - - [16/May/2009:08:23:39 -0700] "GET www.kinneryandrajan.com/xmlrpc.php?rsd HTTP/1.0" 200 876 "-" "Mozilla/5.0 (compatible; Yahoo! Slurp/3.0; http://help.yahoo.com/help/us/ysearch/slurp)"
70.231.229.80 - - [16/May/2009:08:28:23 -0700] "GET www.twibuzz.com/ HTTP/1.1" 200 132626 "-" "Mozilla/5.0 (Windows; U; Windows NT 5.1; en-US) AppleWebKit/525.19 (KHTML, like Gecko) Chrome/1.0.154.65 Safari/525.19"
70.231.229.80 - - [16/May/2009:08:28:23 -0700] "GET www.twibuzz.com/style.css HTTP/1.1" 304 - "http://www.twibuzz.com/" "Mozilla/5.0 (Windows; U; Windows NT 5.1; en-US) AppleWebKit/525.19 (KHTML, like Gecko) Chrome/1.0.154.65 Safari/525.19"
70.231.229.80 - - [16/May/2009:08:28:23 -0700] "GET www.twibuzz.com/logo.png HTTP/1.1" 304 - "http://www.twibuzz.com/" "Mozilla/5.0 (Windows; U; Windows NT 5.1; en-US) AppleWebKit/525.19 (KHTML, like Gecko) Chrome/1.0.154.65 Safari/525.19"
70.231.229.80 - - [16/May/2009:08:28:26 -0700] "GET www.twibuzz.com/cgi/search.py?query=prison+break HTTP/1.1" 200 9191 "http://www.twibuzz.com/" "Mozilla/5.0 (Windows; U; Windows NT 5.1; en-US) AppleWebKit/525.19 (KHTML, like Gecko) Chrome/1.0.154.65 Safari/525.19"
70.231.229.80 - - [16/May/2009:08:28:27 -0700] "GET www.twibuzz.com/style.css HTTP/1.1" 304 - "http://www.twibuzz.com/cgi/search.py?query=prison+break" "Mozilla/5.0 (Windows; U; Windows NT 5.1; en-US) AppleWebKit/525.19 (KHTML, like Gecko) Chrome/1.0.154.65 Safari/525.19"
70.231.229.80 - - [16/May/2009:08:28:27 -0700] "GET www.twibuzz.com/logo.png HTTP/1.1" 304 - "http://www.twibuzz.com/cgi/search.py?query=prison+break" "Mozilla/5.0 (Windows; U; Windows NT 5.1; en-US) AppleWebKit/525.19 (KHTML, like Gecko) Chrome/1.0.154.65 Safari/525.19"
70.231.229.80 - - [16/May/2009:08:28:27 -0700] "GET www.twibuzz.com/cgi/tweets.py?q=prison%20break HTTP/1.1" 200 7606 "http://www.twibuzz.com/cgi/search.py?query=prison+break" "Mozilla/5.0 (Windows; U; Windows NT 5.1; en-US) AppleWebKit/525.19 (KHTML, like Gecko) Chrome/1.0.154.65 Safari/525.19"
70.231.229.80 - - [16/May/2009:08:28:28 -0700] "GET www.twibuzz.com/style.css HTTP/1.1" 304 - "http://www.twibuzz.com/cgi/tweets.py?q=prison%20break" "Mozilla/5.0 (Windows; U; Windows NT 5.1; en-US) AppleWebKit/525.19 (KHTML, like Gecko) Chrome/1.0.154.65 Safari/525.19"
66.249.70.102 - - [16/May/2009:08:43:30 -0700] "GET www.twibuzz.com/cgi/search.py?query=%23hiring HTTP/1.1" 200 43705 "-" "Mozilla/5.0 (compatible; Googlebot/2.1; +http://www.google.com/bot.html)"
66.249.70.102 - - [16/May/2009:08:49:12 -0700] "GET www.twibuzz.com/cgi/search.py?query=charm+school HTTP/1.1" 200 24951 "-" "Mozilla/5.0 (compatible; Googlebot/2.1; +http://www.google.com/bot.html)"
66.249.70.102 - - [16/May/2009:09:16:04 -0700] "GET www.twibuzz.com/cgi/search.py?query=toronto HTTP/1.1" 200 44196 "-" "Mozilla/5.0 (compatible; Googlebot/2.1; +http://www.google.com/bot.html)"
187.3.48.108 - - [16/May/2009:09:25:29 -0700] "GET www.twibuzz.com/ HTTP/1.1" 200 132800 "http://www.interney.net/blogs/alexprimo/2009/05/14/a_rapida_e_competente_resposta_do_twitte/" "Mozilla/5.0 (Windows; U; Windows NT 5.1; pt-BR; rv:1.9.0.10) Gecko/2009042316 Firefox/3.0.10"
187.3.48.108 - - [16/May/2009:09:25:32 -0700] "GET www.twibuzz.com/style.css HTTP/1.1" 200 639 "http://www.twibuzz.com/" "Mozilla/5.0 (Windows; U; Windows NT 5.1; pt-BR; rv:1.9.0.10) Gecko/2009042316 Firefox/3.0.10"
187.3.48.108 - - [16/May/2009:09:25:32 -0700] "GET www.twibuzz.com/logo.png HTTP/1.1" 200 5410 "http://www.twibuzz.com/" "Mozilla/5.0 (Windows; U; Windows NT 5.1; pt-BR; rv:1.9.0.10) Gecko/2009042316 Firefox/3.0.10"
187.3.48.108 - - [16/May/2009:09:25:35 -0700] "GET www.twibuzz.com/favicon.ico HTTP/1.1" 404 - "-" "Mozilla/5.0 (Windows; U; Windows NT 5.1; pt-BR; rv:1.9.0.10) Gecko/2009042316 Firefox/3.0.10"
187.3.48.108 - - [16/May/2009:09:25:38 -0700] "GET www.twibuzz.com/favicon.ico HTTP/1.1" 404 - "-" "Mozilla/5.0 (Windows; U; Windows NT 5.1; pt-BR; rv:1.9.0.10) Gecko/2009042316 Firefox/3.0.10"
187.3.48.108 - - [16/May/2009:09:26:57 -0700] "GET www.twibuzz.com/cgi/search.py?query=%23fixreplies HTTP/1.1" 200 23606 "http://www.twibuzz.com/" "Mozilla/5.0 (Windows; U; Windows NT 5.1; pt-BR; rv:1.9.0.10) Gecko/2009042316 Firefox/3.0.10"
187.3.48.108 - - [16/May/2009:09:27:02 -0700] "GET www.twibuzz.com/cgi/tweets.py?q=%23fixreplies HTTP/1.1" 200 7626 "http://www.twibuzz.com/cgi/search.py?query=%23fixreplies" "Mozilla/5.0 (Windows; U; Windows NT 5.1; pt-BR; rv:1.9.0.10) Gecko/2009042316 Firefox/3.0.10"
187.3.48.108 - - [16/May/2009:09:28:09 -0700] "GET www.twibuzz.com/cgi/tweets.py?q= HTTP/1.1" 200 7113 "http://www.twibuzz.com/cgi/search.py?query=%23fixreplies" "Mozilla/5.0 (Windows; U; Windows NT 5.1; pt-BR; rv:1.9.0.10) Gecko/2009042316 Firefox/3.0.10"
66.249.70.102 - - [16/May/2009:09:28:17 -0700] "GET www.twibuzz.com/cgi/search.py?query=%23whyitweet HTTP/1.1" 200 16980 "-" "Mozilla/5.0 (compatible; Googlebot/2.1; +http://www.google.com/bot.html)"
66.249.70.102 - - [16/May/2009:09:29:14 -0700] "GET www.kinneryandrajan.com/?p=11 HTTP/1.1" 200 16631 "-" "Mozilla/5.0 (compatible; Googlebot/2.1; +http://www.google.com/bot.html)"
194.8.74.220 - - [16/May/2009:09:39:00 -0700] "GET www.kinneryandrajan.com/?page_id=2 HTTP/1.0" 200 14125 "http://www.kinneryandrajan.com/?page_id=2" "Mozilla/5.0 (Windows NT 5.1; U; en) Opera 8.00"
194.8.74.220 - - [16/May/2009:09:39:02 -0700] "POST www.kinneryandrajan.com/wp-comments-post.php HTTP/1.0" 302 0 "http://www.kinneryandrajan.com/?page_id=2" "Mozilla/5.0 (Windows NT 5.1; U; en) Opera 8.00"
194.8.75.163 - - [16/May/2009:09:39:34 -0700] "GET www.kinneryandrajan.com/?page_id=2 HTTP/1.0" 200 14125 "http://www.kinneryandrajan.com/?page_id=2" "Mozilla/4.0 (compatible; MSIE 6.0; Windows NT 5.1)"
194.8.75.163 - - [16/May/2009:09:39:45 -0700] "POST www.kinneryandrajan.com/wp-comments-post.php HTTP/1.0" 302 0 "http://www.kinneryandrajan.com/?page_id=2" "Mozilla/4.0 (compatible; MSIE 6.0; Windows NT 5.1)"
74.6.22.103 - - [16/May/2009:09:50:19 -0700] "GET www.twibuzz.com/style.css HTTP/1.0" 304 - "http://www.twibuzz.com/cgi/search.py?query=magic" "Mozilla/5.0 (compatible; Yahoo! Slurp/3.0; http://help.yahoo.com/help/us/ysearch/slurp)"
74.6.22.103 - - [16/May/2009:09:50:19 -0700] "GET www.twibuzz.com/cgi/search.py?query=magic HTTP/1.0" 200 36109 "-" "Mozilla/5.0 (compatible; Yahoo! Slurp/3.0; http://help.yahoo.com/help/us/ysearch/slurp)"
74.6.22.103 - - [16/May/2009:09:51:21 -0700] "GET www.twibuzz.com/cgi/tweets.py?q=magic HTTP/1.0" 200 - "http://www.twibuzz.com/cgi/search.py?query=magic" "Mozilla/5.0 (compatible; Yahoo! Slurp/3.0; http://help.yahoo.com/help/us/ysearch/slurp)"
74.6.22.103 - - [16/May/2009:09:51:49 -0700] "GET www.twibuzz.com/cgi/tweets.py?q=magic HTTP/1.0" 200 7673 "http://www.twibuzz.com/cgi/search.py?query=magic" "Mozilla/5.0 (compatible; Yahoo! Slurp/3.0; http://help.yahoo.com/help/us/ysearch/slurp)"
74.6.22.103 - - [16/May/2009:09:51:49 -0700] "GET www.twibuzz.com/cgi/tweets.py?q=magic HTTP/1.0" 200 7727 "http://www.twibuzz.com/cgi/search.py?query=magic" "Mozilla/5.0 (compatible; Yahoo! Slurp/3.0; http://help.yahoo.com/help/us/ysearch/slurp)"
201.246.107.133 - - [16/May/2009:09:53:57 -0700] "GET twibuzz.com/ HTTP/1.1" 200 132820 "-" "Mozilla/5.0 (Windows; U; Windows NT 5.1; en-US) AppleWebKit/525.19 (KHTML, like Gecko) Chrome/1.0.154.65 Safari/525.19"
201.246.107.133 - - [16/May/2009:09:53:57 -0700] "GET twibuzz.com/style.css HTTP/1.1" 200 639 "http://twibuzz.com/" "Mozilla/5.0 (Windows; U; Windows NT 5.1; en-US) AppleWebKit/525.19 (KHTML, like Gecko) Chrome/1.0.154.65 Safari/525.19"
201.246.107.133 - - [16/May/2009:09:53:58 -0700] "GET twibuzz.com/logo.png HTTP/1.1" 200 5410 "http://twibuzz.com/" "Mozilla/5.0 (Windows; U; Windows NT 5.1; en-US) AppleWebKit/525.19 (KHTML, like Gecko) Chrome/1.0.154.65 Safari/525.19"
201.246.107.133 - - [16/May/2009:09:53:59 -0700] "GET twibuzz.com/favicon.ico HTTP/1.1" 404 - "-" "Mozilla/5.0 (Windows; U; Windows NT 5.1; en-US) AppleWebKit/525.19 (KHTML, like Gecko) Chrome/1.0.154.65 Safari/525.19"
194.8.75.149 - - [16/May/2009:10:06:13 -0700] "GET www.kinneryandrajan.com/?page_id=2 HTTP/1.0" 200 14125 "http://www.kinneryandrajan.com/?page_id=2" "Mozilla/0.6 Beta (Windows)"
194.8.75.149 - - [16/May/2009:10:06:14 -0700] "POST www.kinneryandrajan.com/wp-comments-post.php HTTP/1.0" 302 0 "http://www.kinneryandrajan.com/?page_id=2" "Mozilla/0.6 Beta (Windows)"
66.249.70.102 - - [16/May/2009:10:11:42 -0700] "GET www.twibuzz.com/cgi/search.py?query=realwizkhalifa HTTP/1.1" 200 46089 "-" "Mozilla/5.0 (compatible; Googlebot/2.1; +http://www.google.com/bot.html)"
66.249.70.102 - - [16/May/2009:10:14:08 -0700] "GET www.twibuzz.com/cgi/search.py?query=man+utd HTTP/1.1" 200 6912 "-" "Mozilla/5.0 (compatible; Googlebot/2.1; +http://www.google.com/bot.html)"
66.249.70.102 - - [16/May/2009:10:32:24 -0700] "GET www.twibuzz.com/cgi/search.py?query=newcastle HTTP/1.1" 200 76967 "-" "Mozilla/5.0 (compatible; Googlebot/2.1; +http://www.google.com/bot.html)"
66.249.70.102 - - [16/May/2009:10:34:13 -0700] "GET www.twibuzz.com/cgi/search.py?query=yao HTTP/1.1" 200 40175 "-" "Mozilla/5.0 (compatible; Googlebot/2.1; +http://www.google.com/bot.html)"
66.249.70.102 - - [16/May/2009:10:43:24 -0700] "GET www.twibuzz.com/cgi/search.py?query=champions HTTP/1.1" 200 6909 "-" "Mozilla/5.0 (compatible; Googlebot/2.1; +http://www.google.com/bot.html)"
66.249.70.102 - - [16/May/2009:10:51:01 -0700] "GET www.twibuzz.com/cgi/search.py?query=chuck+daly HTTP/1.1" 200 32158 "-" "Mozilla/5.0 (compatible; Googlebot/2.1; +http://www.google.com/bot.html)"
66.249.70.102 - - [16/May/2009:10:51:34 -0700] "GET www.twibuzz.com/cgi/search.py?query=morning HTTP/1.1" 200 46754 "-" "Mozilla/5.0 (compatible; Googlebot/2.1; +http://www.google.com/bot.html)"
74.6.22.103 - - [16/May/2009:10:51:46 -0700] "GET www.twibuzz.com/cgi/search.py?query=texas HTTP/1.0" 200 134996 "-" "Mozilla/5.0 (compatible; Yahoo! Slurp/3.0; http://help.yahoo.com/help/us/ysearch/slurp)"
74.6.22.103 - - [16/May/2009:10:51:52 -0700] "GET www.twibuzz.com/cgi/tweets.py?q=texas HTTP/1.0" 200 7594 "http://www.twibuzz.com/cgi/search.py?query=texas" "Mozilla/5.0 (compatible; Yahoo! Slurp/3.0; http://help.yahoo.com/help/us/ysearch/slurp)"
66.249.70.102 - - [16/May/2009:11:02:53 -0700] "GET www.twibuzz.com/cgi/tweets.py?q=%23hiring HTTP/1.1" 200 8102 "-" "Mozilla/5.0 (compatible; Googlebot/2.1; +http://www.google.com/bot.html)"
66.249.70.102 - - [16/May/2009:11:08:18 -0700] "GET www.twibuzz.com/cgi/search.py?query=%23googlefail HTTP/1.1" 200 14076 "-" "Mozilla/5.0 (compatible; Googlebot/2.1; +http://www.google.com/bot.html)"
66.249.70.102 - - [16/May/2009:11:14:11 -0700] "GET www.twibuzz.com/cgi/search.py?query=%23bwetweetup HTTP/1.1" 200 12174 "-" "Mozilla/5.0 (compatible; Googlebot/2.1; +http://www.google.com/bot.html)"
66.249.70.102 - - [16/May/2009:11:23:10 -0700] "GET www.twibuzz.com/cgi/search.py?query=%23unconf2009 HTTP/1.1" 200 8173 "-" "Mozilla/5.0 (compatible; Googlebot/2.1; +http://www.google.com/bot.html)"
66.249.70.102 - - [16/May/2009:11:23:28 -0700] "GET www.twibuzz.com/cgi/search.py?query=%23bouvierb-day HTTP/1.1" 200 21262 "-" "Mozilla/5.0 (compatible; Googlebot/2.1; +http://www.google.com/bot.html)"
66.249.70.102 - - [16/May/2009:11:31:29 -0700] "GET www.twibuzz.com/cgi/search.py?query=supreme+court HTTP/1.1" 200 99005 "-" "Mozilla/5.0 (compatible; Googlebot/2.1; +http://www.google.com/bot.html)"
81.203.21.220 - - [16/May/2009:11:33:14 -0700] "GET twibuzz.com/style.css HTTP/1.1" 200 639 "http://twibuzz.com/" "Mozilla/5.0 (Windows; U; Windows NT 6.1; es-ES; rv:1.9.0.10) Gecko/2009042316 Firefox/3.0.10 (.NET CLR 3.5.30729)"
81.203.21.220 - - [16/May/2009:11:33:14 -0700] "GET twibuzz.com/logo.png HTTP/1.1" 200 5410 "http://twibuzz.com/" "Mozilla/5.0 (Windows; U; Windows NT 6.1; es-ES; rv:1.9.0.10) Gecko/2009042316 Firefox/3.0.10 (.NET CLR 3.5.30729)"
81.203.21.220 - - [16/May/2009:11:33:15 -0700] "GET twibuzz.com/ HTTP/1.1" 200 133168 "http://es.wikipedia.org/wiki/Twitter" "Mozilla/5.0 (Windows; U; Windows NT 6.1; es-ES; rv:1.9.0.10) Gecko/2009042316 Firefox/3.0.10 (.NET CLR 3.5.30729)"
81.203.21.220 - - [16/May/2009:11:33:16 -0700] "GET twibuzz.com/favicon.ico HTTP/1.1" 404 - "-" "Mozilla/5.0 (Windows; U; Windows NT 6.1; es-ES; rv:1.9.0.10) Gecko/2009042316 Firefox/3.0.10 (.NET CLR 3.5.30729)"
81.203.21.220 - - [16/May/2009:11:33:19 -0700] "GET twibuzz.com/favicon.ico HTTP/1.1" 404 - "-" "Mozilla/5.0 (Windows; U; Windows NT 6.1; es-ES; rv:1.9.0.10) Gecko/2009042316 Firefox/3.0.10 (.NET CLR 3.5.30729)"
66.249.70.102 - - [16/May/2009:11:35:14 -0700] "GET www.twibuzz.com/cgi/search.py?query=biggest+loser HTTP/1.1" 200 22572 "-" "Mozilla/5.0 (compatible; Googlebot/2.1; +http://www.google.com/bot.html)"
66.249.70.102 - - [16/May/2009:11:39:31 -0700] "GET www.twibuzz.com/cgi/search.py?query=derek+fisher HTTP/1.1" 200 40306 "-" "Mozilla/5.0 (compatible; Googlebot/2.1; +http://www.google.com/bot.html)"
66.249.70.102 - - [16/May/2009:11:42:32 -0700] "GET www.twibuzz.com/cgi/search.py?query=%23alltimelow HTTP/1.1" 200 16899 "-" "Mozilla/5.0 (compatible; Googlebot/2.1; +http://www.google.com/bot.html)"
66.249.70.102 - - [16/May/2009:11:43:23 -0700] "GET www.twibuzz.com/cgi/search.py?query=free+kfc HTTP/1.1" 200 63328 "-" "Mozilla/5.0 (compatible; Googlebot/2.1; +http://www.google.com/bot.html)"
216.129.119.44 - - [16/May/2009:11:45:24 -0700] "GET www.kinneryandrajan.com/robots.txt HTTP/1.0" 404 - "-" "Mozilla/5.0 (Twiceler-0.9 http://www.cuil.com/twiceler/robot.html)"
66.249.70.102 - - [16/May/2009:11:45:42 -0700] "GET www.twibuzz.com/cgi/tweets.py?q=happy%20may%20day HTTP/1.1" 200 6510 "-" "Mozilla/5.0 (compatible; Googlebot/2.1; +http://www.google.com/bot.html)"
66.249.70.102 - - [16/May/2009:11:48:46 -0700] "GET www.twibuzz.com/cgi/search.py?query=wayman+tisdale HTTP/1.1" 200 11335 "-" "Mozilla/5.0 (compatible; Googlebot/2.1; +http://www.google.com/bot.html)"
98.151.136.229 - - [16/May/2009:11:54:12 -0700] "GET twibuzz.com/style.css HTTP/1.1" 200 639 "http://twibuzz.com/" "Mozilla/4.0 (compatible; MSIE 8.0; Windows NT 6.0; Trident/4.0; SLCC1; .NET CLR 2.0.50727; Media Center PC 5.0; .NET CLR 3.5.30729; .NET CLR 3.0.30618)"
98.151.136.229 - - [16/May/2009:11:54:12 -0700] "GET twibuzz.com/logo.png HTTP/1.1" 200 5410 "http://twibuzz.com/" "Mozilla/4.0 (compatible; MSIE 8.0; Windows NT 6.0; Trident/4.0; SLCC1; .NET CLR 2.0.50727; Media Center PC 5.0; .NET CLR 3.5.30729; .NET CLR 3.0.30618)"
98.151.136.229 - - [16/May/2009:11:54:13 -0700] "GET twibuzz.com/ HTTP/1.1" 200 133162 "http://es.wikipedia.org/wiki/Twitter" "Mozilla/4.0 (compatible; MSIE 8.0; Windows NT 6.0; Trident/4.0; SLCC1; .NET CLR 2.0.50727; Media Center PC 5.0; .NET CLR 3.5.30729; .NET CLR 3.0.30618)"
98.151.136.229 - - [16/May/2009:11:54:14 -0700] "GET twibuzz.com/favicon.ico HTTP/1.1" 404 - "-" "Mozilla/4.0 (compatible; MSIE 8.0; Windows NT 6.0; Trident/4.0; SLCC1; .NET CLR 2.0.50727; Media Center PC 5.0; .NET CLR 3.5.30729; .NET CLR 3.0.30618)"
72.167.232.193 - - [16/May/2009:12:05:02 -0700] "HEAD www.kinneryandrajan.com/wp-cron.php?check=7106ae27ea4c45ab67094da19cc97812 HTTP/1.0" 200 0 "-" "WordPress/2.7"
194.8.74.220 - - [16/May/2009:12:05:02 -0700] "GET www.kinneryandrajan.com/?page_id=2 HTTP/1.0" 200 14125 "http://www.kinneryandrajan.com/?page_id=2" "Mozilla/4.0 (compatible; MSIE 6.0; Windows NT 5.1; SV1; .NET CLR 1.1.4322)"
194.8.74.220 - - [16/May/2009:12:05:04 -0700] "POST www.kinneryandrajan.com/wp-comments-post.php HTTP/1.0" 302 0 "http://www.kinneryandrajan.com/?page_id=2" "Mozilla/4.0 (compatible; MSIE 6.0; Windows NT 5.1; SV1; .NET CLR 1.1.4322)"
194.8.75.163 - - [16/May/2009:12:05:31 -0700] "GET www.kinneryandrajan.com/?page_id=2 HTTP/1.0" 200 14125 "http://www.kinneryandrajan.com/?page_id=2" "Mozilla/1.22 (compatible; MSIE 2.0d; Windows NT)"
194.8.75.163 - - [16/May/2009:12:05:32 -0700] "POST www.kinneryandrajan.com/wp-comments-post.php HTTP/1.0" 302 0 "http://www.kinneryandrajan.com/?page_id=2" "Mozilla/1.22 (compatible; MSIE 2.0d; Windows NT)"
66.249.70.102 - - [16/May/2009:12:06:09 -0700] "GET www.twibuzz.com/robots.txt HTTP/1.1" 404 - "-" "Mozilla/5.0 (compatible; Googlebot/2.1; +http://www.google.com/bot.html)"
66.249.70.102 - - [16/May/2009:12:06:09 -0700] "GET www.twibuzz.com/cgi/search.py?query=bgt HTTP/1.1" 200 74671 "-" "Mozilla/5.0 (compatible; Googlebot/2.1; +http://www.google.com/bot.html)"
66.249.70.102 - - [16/May/2009:12:06:18 -0700] "GET www.twibuzz.com/cgi/search.py?query=derwin HTTP/1.1" 200 9249 "-" "Mozilla/5.0 (compatible; Googlebot/2.1; +http://www.google.com/bot.html)"
66.249.70.102 - - [16/May/2009:12:09:19 -0700] "GET www.twibuzz.com/cgi/search.py?query=gokey HTTP/1.1" 200 120075 "-" "Mozilla/5.0 (compatible; Googlebot/2.1; +http://www.google.com/bot.html)"
66.249.70.102 - - [16/May/2009:12:10:24 -0700] "GET www.twibuzz.com/cgi/search.py?query=%23twitterfail HTTP/1.1" 200 22077 "-" "Mozilla/5.0 (compatible; Googlebot/2.1; +http://www.google.com/bot.html)"
66.249.70.102 - - [16/May/2009:12:12:29 -0700] "GET www.twibuzz.com/cgi/search.py?query=%23savethegame HTTP/1.1" 200 9211 "-" "Mozilla/5.0 (compatible; Googlebot/2.1; +http://www.google.com/bot.html)"
66.249.70.102 - - [16/May/2009:12:15:39 -0700] "GET www.twibuzz.com/cgi/search.py?query=amsterdam HTTP/1.1" 200 113159 "-" "Mozilla/5.0 (compatible; Googlebot/2.1; +http://www.google.com/bot.html)"
66.249.70.102 - - [16/May/2009:12:16:13 -0700] "GET www.twibuzz.com/cgi/search.py?query=%23goodgirlsgobad HTTP/1.1" 200 23084 "-" "Mozilla/5.0 (compatible; Googlebot/2.1; +http://www.google.com/bot.html)"
66.249.70.102 - - [16/May/2009:12:17:11 -0700] "GET www.twibuzz.com/cgi/search.py?query=joan+rivers HTTP/1.1" 200 30974 "-" "Mozilla/5.0 (compatible; Googlebot/2.1; +http://www.google.com/bot.html)"
209.131.41.49 - - [16/May/2009:12:18:26 -0700] "GET www.kinneryandrajan.com/robots.txt HTTP/1.0" 404 - "-" "YahooFeedSeeker/2.0 (compatible; Mozilla 4.0; MSIE 5.5; http://publisher.yahoo.com/rssguide)"
209.131.41.49 - - [16/May/2009:12:18:28 -0700] "GET www.kinneryandrajan.com/?feed=rss2 HTTP/1.1" 200 15099 "-" "YahooFeedSeeker/2.0 (compatible; Mozilla 4.0; MSIE 5.5; http://publisher.yahoo.com/rssguide; users 1; views 101)"
66.249.70.102 - - [16/May/2009:12:19:54 -0700] "GET www.twibuzz.com/cgi/search.py?query=%23foodallergy HTTP/1.1" 200 10677 "-" "Mozilla/5.0 (compatible; Googlebot/2.1; +http://www.google.com/bot.html)"
66.249.70.102 - - [16/May/2009:12:24:43 -0700] "GET www.twibuzz.com/cgi/search.py?query=carrie+prejean HTTP/1.1" 200 24334 "-" "Mozilla/5.0 (compatible; Googlebot/2.1; +http://www.google.com/bot.html)"
66.249.70.102 - - [16/May/2009:12:27:05 -0700] "GET www.twibuzz.com/cgi/search.py?query=%23socialmedia HTTP/1.1" 200 64404 "-" "Mozilla/5.0 (compatible; Googlebot/2.1; +http://www.google.com/bot.html)"
194.8.75.149 - - [16/May/2009:12:32:11 -0700] "GET www.kinneryandrajan.com/?page_id=2 HTTP/1.0" 200 14125 "http://www.kinneryandrajan.com/?page_id=2" "Mozilla/4.0 (compatible; MSIE 5.5; Windows NT 5.0)"
194.8.75.149 - - [16/May/2009:12:32:12 -0700] "POST www.kinneryandrajan.com/wp-comments-post.php HTTP/1.0" 302 0 "http://www.kinneryandrajan.com/?page_id=2" "Mozilla/4.0 (compatible; MSIE 5.5; Windows NT 5.0)"
66.249.70.102 - - [16/May/2009:12:40:52 -0700] "GET www.twibuzz.com/cgi/search.py?query=%23wolframalpha HTTP/1.1" 200 10364 "-" "Mozilla/5.0 (compatible; Googlebot/2.1; +http://www.google.com/bot.html)"
66.249.70.102 - - [16/May/2009:12:41:07 -0700] "GET www.twibuzz.com/cgi/search.py?query=celebrity+apprentice HTTP/1.1" 200 66741 "-" "Mozilla/5.0 (compatible; Googlebot/2.1; +http://www.google.com/bot.html)"
66.249.70.102 - - [16/May/2009:12:42:56 -0700] "GET www.twibuzz.com/cgi/search.py?query=annie+duke HTTP/1.1" 200 25093 "-" "Mozilla/5.0 (compatible; Googlebot/2.1; +http://www.google.com/bot.html)"
208.80.195.45 - - [16/May/2009:12:46:01 -0700] "GET www.kinneryandrajan.com/ HTTP/1.0" 200 20109 "-" "Mozilla/4.0 (compatible; MSIE 7.0; Windows NT 5.1; Comcast; .NET CLR 2.0.50727; Comcast)"
66.249.70.102 - - [16/May/2009:12:50:21 -0700] "GET www.twibuzz.com/cgi/search.py?query=family+guy HTTP/1.1" 200 80408 "-" "Mozilla/5.0 (compatible; Googlebot/2.1; +http://www.google.com/bot.html)"
66.249.70.102 - - [16/May/2009:12:52:12 -0700] "GET www.twibuzz.com/cgi/search.py?query=%23supernatural HTTP/1.1" 200 13404 "-" "Mozilla/5.0 (compatible; Googlebot/2.1; +http://www.google.com/bot.html)"
66.249.70.102 - - [16/May/2009:12:52:30 -0700] "GET www.twibuzz.com/cgi/search.py?query=to+end+hunger HTTP/1.1" 200 7026 "-" "Mozilla/5.0 (compatible; Googlebot/2.1; +http://www.google.com/bot.html)"
66.249.70.102 - - [16/May/2009:12:53:37 -0700] "GET www.twibuzz.com/cgi/tweets.py?q=%23crapnamesforpubs HTTP/1.1" 200 7254 "-" "Mozilla/5.0 (compatible; Googlebot/2.1; +http://www.google.com/bot.html)"
66.249.70.102 - - [16/May/2009:12:54:41 -0700] "GET www.twibuzz.com/cgi/search.py?query=miss+california HTTP/1.1" 200 73609 "-" "Mozilla/5.0 (compatible; Googlebot/2.1; +http://www.google.com/bot.html)"
66.249.70.102 - - [16/May/2009:13:00:33 -0700] "GET www.twibuzz.com/cgi/search.py?query=%23makesmesmile HTTP/1.1" 200 8245 "-" "Mozilla/5.0 (compatible; Googlebot/2.1; +http://www.google.com/bot.html)"
66.249.70.102 - - [16/May/2009:13:02:08 -0700] "GET www.twibuzz.com/cgi/search.py?query=annie HTTP/1.1" 200 77915 "-" "Mozilla/5.0 (compatible; Googlebot/2.1; +http://www.google.com/bot.html)"
66.249.70.102 - - [16/May/2009:13:09:09 -0700] "GET www.twibuzz.com/cgi/search.py?query=%23indiavotes09 HTTP/1.1" 200 9625 "-" "Mozilla/5.0 (compatible; Googlebot/2.1; +http://www.google.com/bot.html)"
66.249.70.102 - - [16/May/2009:13:10:10 -0700] "GET www.twibuzz.com/cgi/search.py?query=%23jonasparanoid HTTP/1.1" 200 21853 "-" "Mozilla/5.0 (compatible; Googlebot/2.1; +http://www.google.com/bot.html)"
66.249.70.102 - - [16/May/2009:13:18:17 -0700] "GET www.twibuzz.com/cgi/search.py?query=%23musicmonday HTTP/1.1" 200 49052 "-" "Mozilla/5.0 (compatible; Googlebot/2.1; +http://www.google.com/bot.html)"
66.249.70.102 - - [16/May/2009:13:20:16 -0700] "GET www.twibuzz.com/cgi/search.py?query=manchester+united HTTP/1.1" 200 7339 "-" "Mozilla/5.0 (compatible; Googlebot/2.1; +http://www.google.com/bot.html)"
74.6.22.103 - - [16/May/2009:13:21:16 -0700] "GET www.twibuzz.com/robots.txt HTTP/1.0" 404 - "-" "Mozilla/5.0 (compatible; Yahoo! Slurp; http://help.yahoo.com/help/us/ysearch/slurp)"
74.6.22.103 - - [16/May/2009:13:21:17 -0700] "GET www.twibuzz.com/cgi/search.py?query=swine+flu HTTP/1.0" 200 156046 "-" "Mozilla/5.0 (compatible; Yahoo! Slurp/3.0; http://help.yahoo.com/help/us/ysearch/slurp)"
74.6.22.103 - - [16/May/2009:13:21:19 -0700] "GET www.twibuzz.com/style.css HTTP/1.0" 304 - "http://www.twibuzz.com/cgi/search.py?query=swine+flu" "Mozilla/5.0 (compatible; Yahoo! Slurp/3.0; http://help.yahoo.com/help/us/ysearch/slurp)"
74.6.22.103 - - [16/May/2009:13:21:25 -0700] "GET www.twibuzz.com/cgi/tweets.py?q=swine%20flu HTTP/1.0" 200 7043 "http://www.twibuzz.com/cgi/search.py?query=swine+flu" "Mozilla/5.0 (compatible; Yahoo! Slurp/3.0; http://help.yahoo.com/help/us/ysearch/slurp)"
66.249.70.102 - - [16/May/2009:13:21:51 -0700] "GET www.twibuzz.com/cgi/search.py?query=%23twitterpornnames HTTP/1.1" 200 22794 "-" "Mozilla/5.0 (compatible; Googlebot/2.1; +http://www.google.com/bot.html)"
66.249.70.102 - - [16/May/2009:13:25:21 -0700] "GET www.twibuzz.com/cgi/search.py?query=mcfly+mcfly+mcfly HTTP/1.1" 200 22876 "-" "Mozilla/5.0 (compatible; Googlebot/2.1; +http://www.google.com/bot.html)"
66.249.66.165 - - [16/May/2009:13:30:33 -0700] "GET www.twibuzz.com/cgi/search.py?query=%23creditcrunchtv HTTP/1.1" 200 15732 "-" "Mozilla/5.0 (compatible; Googlebot/2.1; +http://www.google.com/bot.html)"
74.6.22.103 - - [16/May/2009:13:31:30 -0700] "GET www.twibuzz.com/cgi/search.py?query=happy+mothers+day HTTP/1.0" 200 36025 "-" "Mozilla/5.0 (compatible; Yahoo! Slurp/3.0; http://help.yahoo.com/help/us/ysearch/slurp)"
74.6.22.103 - - [16/May/2009:13:31:33 -0700] "GET www.twibuzz.com/cgi/tweets.py?q=happy%20mothers%20day HTTP/1.0" 200 6770 "http://www.twibuzz.com/cgi/search.py?query=happy+mothers+day" "Mozilla/5.0 (compatible; Yahoo! Slurp/3.0; http://help.yahoo.com/help/us/ysearch/slurp)"
66.249.70.102 - - [16/May/2009:13:34:53 -0700] "GET www.twibuzz.com/cgi/search.py?query=for+each+follower+in HTTP/1.1" 200 7206 "-" "Mozilla/5.0 (compatible; Googlebot/2.1; +http://www.google.com/bot.html)"
67.202.41.3 - - [16/May/2009:13:35:12 -0700] "GET www.twibuzz.com/robots.txt HTTP/1.0" 404 - "-" "ia_archiver (+http://www.alexa.com/site/help/webmasters; crawler@alexa.com)"
67.202.41.3 - - [16/May/2009:13:35:13 -0700] "GET www.twibuzz.com/cgi/search.py HTTP/1.0" 200 165067 "-" "ia_archiver (+http://www.alexa.com/site/help/webmasters; crawler@alexa.com)"
74.6.22.103 - - [16/May/2009:13:35:56 -0700] "GET www.twibuzz.com/cgi/search.py?query=%23wolframalpha HTTP/1.0" 200 10481 "-" "Mozilla/5.0 (compatible; Yahoo! Slurp/3.0; http://help.yahoo.com/help/us/ysearch/slurp)"
74.6.22.103 - - [16/May/2009:13:35:58 -0700] "GET www.twibuzz.com/cgi/tweets.py?q=%23wolframalpha HTTP/1.0" 200 7280 "http://www.twibuzz.com/cgi/search.py?query=%23wolframalpha" "Mozilla/5.0 (compatible; Yahoo! Slurp/3.0; http://help.yahoo.com/help/us/ysearch/slurp)"
66.249.70.102 - - [16/May/2009:13:37:41 -0700] "GET www.twibuzz.com/cgi/tweets.py?q=sis HTTP/1.1" 200 7669 "-" "Mozilla/5.0 (compatible; Googlebot/2.1; +http://www.google.com/bot.html)"
66.249.70.102 - - [16/May/2009:13:37:52 -0700] "GET www.twibuzz.com/cgi/tweets.py?q=bjp HTTP/1.1" 200 8017 "-" "Mozilla/5.0 (compatible; Googlebot/2.1; +http://www.google.com/bot.html)"
66.249.70.102 - - [16/May/2009:13:42:43 -0700] "GET www.twibuzz.com/cgi/tweets.py?q=tila HTTP/1.1" 200 5621 "-" "Mozilla/5.0 (compatible; Googlebot/2.1; +http://www.google.com/bot.html)"
66.249.70.102 - - [16/May/2009:13:47:35 -0700] "GET www.twibuzz.com/cgi/search.py?query=twitter HTTP/1.1" 200 96301 "-" "Mozilla/5.0 (compatible; Googlebot/2.1; +http://www.google.com/bot.html)"
66.249.70.102 - - [16/May/2009:13:49:35 -0700] "GET www.twibuzz.com/cgi/tweets.py?q=antm HTTP/1.1" 200 7486 "-" "Mozilla/5.0 (compatible; Googlebot/2.1; +http://www.google.com/bot.html)"
66.249.70.102 - - [16/May/2009:13:49:57 -0700] "GET www.twibuzz.com/cgi/tweets.py?q=outs HTTP/1.1" 200 7726 "-" "Mozilla/5.0 (compatible; Googlebot/2.1; +http://www.google.com/bot.html)"
74.6.22.103 - - [16/May/2009:13:53:11 -0700] "GET www.twibuzz.com/cgi/search.py?query=fringe HTTP/1.0" 200 71251 "-" "Mozilla/5.0 (compatible; Yahoo! Slurp/3.0; http://help.yahoo.com/help/us/ysearch/slurp)"
74.6.22.103 - - [16/May/2009:13:53:16 -0700] "GET www.twibuzz.com/cgi/tweets.py?q=fringe HTTP/1.0" 200 6845 "http://www.twibuzz.com/cgi/search.py?query=fringe" "Mozilla/5.0 (compatible; Yahoo! Slurp/3.0; http://help.yahoo.com/help/us/ysearch/slurp)"
201.75.106.112 - - [16/May/2009:13:57:17 -0700] "GET www.kinneryandrajan.com/?p=1 HTTP/1.1" 200 22841 "-" "Mozilla/4.0 (compatible; MSIE 6.0; Windows NT 5.1; SV1)"
201.75.106.112 - - [16/May/2009:13:57:51 -0700] "GET www.kinneryandrajan.com/?feed=comments-rss2 HTTP/1.1" 200 2902 "-" "Mozilla/4.0 (compatible; MSIE 6.0; Windows NT 5.1; SV1)"
74.125.16.66 - - [16/May/2009:13:58:26 -0700] "GET www.kinneryandrajan.com/?feed=rss2 HTTP/1.1" 200 15218 "-" "Feedfetcher-Google; (+http://www.google.com/feedfetcher.html; feed-id=7705655773661080647)"
66.249.70.102 - - [16/May/2009:14:01:05 -0700] "GET www.twibuzz.com/cgi/search.py?query=test HTTP/1.1" 200 167371 "-" "Mozilla/5.0 (compatible; Googlebot/2.1; +http://www.google.com/bot.html)"
66.249.70.102 - - [16/May/2009:14:01:25 -0700] "GET www.twibuzz.com/cgi/search.py?query=preakness HTTP/1.1" 200 7482 "-" "Mozilla/5.0 (compatible; Googlebot/2.1; +http://www.google.com/bot.html)"
66.249.70.102 - - [16/May/2009:14:05:35 -0700] "GET www.twibuzz.com/cgi/tweets.py?q=%23bouvierb-day HTTP/1.1" 200 4607 "-" "Mozilla/5.0 (compatible; Googlebot/2.1; +http://www.google.com/bot.html)"
66.249.70.102 - - [16/May/2009:14:08:59 -0700] "GET www.twibuzz.com/cgi/tweets.py?q=teta HTTP/1.1" 200 5647 "-" "Mozilla/5.0 (compatible; Googlebot/2.1; +http://www.google.com/bot.html)"
74.6.22.103 - - [16/May/2009:14:10:07 -0700] "GET www.twibuzz.com/cgi/search.py?query=%23twumpet HTTP/1.0" 200 7078 "-" "Mozilla/5.0 (compatible; Yahoo! Slurp/3.0; http://help.yahoo.com/help/us/ysearch/slurp)"
74.6.22.103 - - [16/May/2009:14:10:09 -0700] "GET www.twibuzz.com/cgi/tweets.py?q=%23twumpet HTTP/1.0" 200 7384 "http://www.twibuzz.com/cgi/search.py?query=%23twumpet" "Mozilla/5.0 (compatible; Yahoo! Slurp/3.0; http://help.yahoo.com/help/us/ysearch/slurp)"
66.249.70.102 - - [16/May/2009:14:15:07 -0700] "GET www.twibuzz.com/cgi/tweets.py?q=wigan HTTP/1.1" 200 7745 "-" "Mozilla/5.0 (compatible; Googlebot/2.1; +http://www.google.com/bot.html)"
66.249.70.102 - - [16/May/2009:14:17:47 -0700] "GET www.twibuzz.com/cgi/tweets.py?q=peter HTTP/1.1" 200 7269 "-" "Mozilla/5.0 (compatible; Googlebot/2.1; +http://www.google.com/bot.html)"
66.249.70.102 - - [16/May/2009:14:19:07 -0700] "GET www.twibuzz.com/cgi/search.py?query=obama HTTP/1.1" 200 155383 "-" "Mozilla/5.0 (compatible; Googlebot/2.1; +http://www.google.com/bot.html)"
66.249.70.102 - - [16/May/2009:14:21:42 -0700] "GET www.twibuzz.com/cgi/tweets.py?q=%23fc HTTP/1.1" 200 5589 "-" "Mozilla/5.0 (compatible; Googlebot/2.1; +http://www.google.com/bot.html)"
66.249.70.102 - - [16/May/2009:14:24:23 -0700] "GET www.twibuzz.com/cgi/tweets.py?q=bones HTTP/1.1" 200 7333 "-" "Mozilla/5.0 (compatible; Googlebot/2.1; +http://www.google.com/bot.html)"
66.249.70.102 - - [16/May/2009:14:25:31 -0700] "GET www.twibuzz.com/cgi/tweets.py?q=wilco HTTP/1.1" 200 7228 "-" "Mozilla/5.0 (compatible; Googlebot/2.1; +http://www.google.com/bot.html)"
66.249.70.102 - - [16/May/2009:14:26:04 -0700] "GET www.twibuzz.com/cgi/search.py?query=flu HTTP/1.1" 200 158761 "-" "Mozilla/5.0 (compatible; Googlebot/2.1; +http://www.google.com/bot.html)"
66.249.70.102 - - [16/May/2009:14:27:28 -0700] "GET www.twibuzz.com/cgi/tweets.py?q=musso HTTP/1.1" 200 6532 "-" "Mozilla/5.0 (compatible; Googlebot/2.1; +http://www.google.com/bot.html)"
194.8.75.163 - - [16/May/2009:14:30:36 -0700] "GET www.kinneryandrajan.com/?page_id=2 HTTP/1.0" 200 14125 "http://www.kinneryandrajan.com/?page_id=2" "Mozilla/4.0 (compatible; MSIE 5.5; Windows NT 5.0)"
194.8.75.163 - - [16/May/2009:14:30:37 -0700] "POST www.kinneryandrajan.com/wp-comments-post.php HTTP/1.0" 302 0 "http://www.kinneryandrajan.com/?page_id=2" "Mozilla/4.0 (compatible; MSIE 5.5; Windows NT 5.0)"
194.8.74.220 - - [16/May/2009:14:30:55 -0700] "GET www.kinneryandrajan.com/?page_id=2 HTTP/1.0" 200 14125 "http://www.kinneryandrajan.com/?page_id=2" "Opera/8.01 (Windows NT 5.1)"
194.8.74.220 - - [16/May/2009:14:30:57 -0700] "POST www.kinneryandrajan.com/wp-comments-post.php HTTP/1.0" 302 0 "http://www.kinneryandrajan.com/?page_id=2" "Opera/8.01 (Windows NT 5.1)"
66.249.70.102 - - [16/May/2009:14:34:42 -0700] "GET www.twibuzz.com/cgi/tweets.py?q=green HTTP/1.1" 200 7266 "-" "Mozilla/5.0 (compatible; Googlebot/2.1; +http://www.google.com/bot.html)"
66.249.70.102 - - [16/May/2009:14:40:42 -0700] "GET www.twibuzz.com/cgi/search.py?query=paris HTTP/1.1" 200 123191 "-" "Mozilla/5.0 (compatible; Googlebot/2.1; +http://www.google.com/bot.html)"
66.249.70.102 - - [16/May/2009:14:47:05 -0700] "GET www.twibuzz.com/cgi/tweets.py?q=draft HTTP/1.1" 200 8029 "-" "Mozilla/5.0 (compatible; Googlebot/2.1; +http://www.google.com/bot.html)"
66.249.70.102 - - [16/May/2009:14:50:28 -0700] "GET www.twibuzz.com/cgi/tweets.py?q=scola HTTP/1.1" 200 6735 "-" "Mozilla/5.0 (compatible; Googlebot/2.1; +http://www.google.com/bot.html)"
66.249.70.102 - - [16/May/2009:14:52:29 -0700] "GET www.twibuzz.com/cgi/search.py?query=philippines HTTP/1.1" 200 33150 "-" "Mozilla/5.0 (compatible; Googlebot/2.1; +http://www.google.com/bot.html)"
194.8.75.149 - - [16/May/2009:14:58:10 -0700] "GET www.kinneryandrajan.com/?page_id=2 HTTP/1.0" 200 14125 "http://www.kinneryandrajan.com/?page_id=2" "Mozilla/4.0 (compatible; MSIE 6.0; Windows NT 5.1; SV1; .NET CLR 1.1.4322) NS8/0.9.6"
194.8.75.149 - - [16/May/2009:14:58:11 -0700] "POST www.kinneryandrajan.com/wp-comments-post.php HTTP/1.0" 302 0 "http://www.kinneryandrajan.com/?page_id=2" "Mozilla/4.0 (compatible; MSIE 6.0; Windows NT 5.1; SV1; .NET CLR 1.1.4322) NS8/0.9.6"
66.249.70.102 - - [16/May/2009:14:59:17 -0700] "GET www.twibuzz.com/cgi/tweets.py?q=miley HTTP/1.1" 200 7653 "-" "Mozilla/5.0 (compatible; Googlebot/2.1; +http://www.google.com/bot.html)"
190.131.10.22 - - [16/May/2009:15:01:09 -0700] "GET twibuzz.com/ HTTP/1.1" 200 133861 "http://es.wikipedia.org/wiki/Twitter" "Mozilla/5.0 (Macintosh; U; Intel Mac OS X 10_5_7; en-us) AppleWebKit/528.18.1 (KHTML, like Gecko) Version/4.0 Safari/528.17"
66.249.70.102 - - [16/May/2009:15:01:18 -0700] "GET www.twibuzz.com/cgi/tweets.py?q=george HTTP/1.1" 200 7390 "-" "Mozilla/5.0 (compatible; Googlebot/2.1; +http://www.google.com/bot.html)"
190.131.10.22 - - [16/May/2009:15:01:32 -0700] "GET twibuzz.com/style.css HTTP/1.1" 200 639 "http://twibuzz.com/" "Mozilla/5.0 (Macintosh; U; Intel Mac OS X 10_5_7; en-us) AppleWebKit/528.18.1 (KHTML, like Gecko) Version/4.0 Safari/528.17"
66.249.70.102 - - [16/May/2009:15:01:47 -0700] "GET www.twibuzz.com/cgi/tweets.py?q=stress HTTP/1.1" 200 7848 "-" "Mozilla/5.0 (compatible; Googlebot/2.1; +http://www.google.com/bot.html)"
190.131.10.22 - - [16/May/2009:15:01:56 -0700] "GET twibuzz.com/logo.png HTTP/1.1" 200 5410 "http://twibuzz.com/" "Mozilla/5.0 (Macintosh; U; Intel Mac OS X 10_5_7; en-us) AppleWebKit/528.18.1 (KHTML, like Gecko) Version/4.0 Safari/528.17"
190.131.10.22 - - [16/May/2009:15:03:22 -0700] "GET twibuzz.com/favicon.ico HTTP/1.1" 404 - "http://twibuzz.com/" "Mozilla/5.0 (Macintosh; U; Intel Mac OS X 10_5_7; en-us) AppleWebKit/528.18.1 (KHTML, like Gecko) Version/4.0 Safari/528.17"
66.249.70.102 - - [16/May/2009:15:06:27 -0700] "GET www.twibuzz.com/cgi/tweets.py?q=derwin HTTP/1.1" 200 7665 "-" "Mozilla/5.0 (compatible; Googlebot/2.1; +http://www.google.com/bot.html)"
