66.249.70.102 - - [18/May/2009:02:49:45 -0700] "GET www.twibuzz.com/cgi/search.py?query=follow+friday HTTP/1.1" 200 97868 "-" "Mozilla/5.0 (compatible; Googlebot/2.1; +http://www.google.com/bot.html)"
66.249.70.102 - - [18/May/2009:02:53:30 -0700] "GET www.twibuzz.com/cgi/search.py?query=manny HTTP/1.1" 200 58282 "-" "Mozilla/5.0 (compatible; Googlebot/2.1; +http://www.google.com/bot.html)"
193.146.44.146 - - [18/May/2009:02:55:42 -0700] "GET twibuzz.com/style.css HTTP/1.1" 200 639 "http://twibuzz.com/" "Mozilla/4.0 (compatible; MSIE 8.0; Windows NT 5.1; Trident/4.0; .NET CLR 2.0.50727; .NET CLR 3.0.04506.590; .NET CLR 3.5.20706; .NET CLR 1.1.4322; InfoPath.1)"
193.146.44.146 - - [18/May/2009:02:55:42 -0700] "GET twibuzz.com/logo.png HTTP/1.1" 200 5410 "http://twibuzz.com/" "Mozilla/4.0 (compatible; MSIE 8.0; Windows NT 5.1; Trident/4.0; .NET CLR 2.0.50727; .NET CLR 3.0.04506.590; .NET CLR 3.5.20706; .NET CLR 1.1.4322; InfoPath.1)"
193.146.44.146 - - [18/May/2009:02:55:43 -0700] "GET twibuzz.com/ HTTP/1.1" 200 141307 "http://es.wikipedia.org/wiki/Twitter" "Mozilla/4.0 (compatible; MSIE 8.0; Windows NT 5.1; Trident/4.0; .NET CLR 2.0.50727; .NET CLR 3.0.04506.590; .NET CLR 3.5.20706; .NET CLR 1.1.4322; InfoPath.1)"
193.146.44.146 - - [18/May/2009:02:55:44 -0700] "GET twibuzz.com/favicon.ico HTTP/1.1" 404 - "-" "Mozilla/4.0 (compatible; MSIE 8.0; Windows NT 5.1; Trident/4.0; .NET CLR 2.0.50727; .NET CLR 3.0.04506.590; .NET CLR 3.5.20706; .NET CLR 1.1.4322; InfoPath.1)"
193.146.44.146 - - [18/May/2009:02:55:46 -0700] "GET twibuzz.com/favicon.ico HTTP/1.1" 404 - "-" "Mozilla/5.0 (compatible; Google Desktop)"
66.249.70.102 - - [18/May/2009:02:58:00 -0700] "GET www.twibuzz.com/cgi/search.py?query=google%2Capple HTTP/1.1" 200 344132 "-" "Mozilla/5.0 (compatible; Googlebot/2.1; +http://www.google.com/bot.html)"
194.8.74.220 - - [18/May/2009:03:02:05 -0700] "GET www.kinneryandrajan.com/?page_id=2 HTTP/1.0" 200 13201 "http://www.kinneryandrajan.com/?page_id=2" "Mozilla/6.0 (compatible; MSIE 7.0a1; Windows NT 5.2; SV1)"
194.8.74.220 - - [18/May/2009:03:02:07 -0700] "POST www.kinneryandrajan.com/wp-comments-post.php HTTP/1.0" 302 0 "http://www.kinneryandrajan.com/?page_id=2" "Mozilla/6.0 (compatible; MSIE 7.0a1; Windows NT 5.2; SV1)"
66.249.70.102 - - [18/May/2009:03:07:43 -0700] "GET www.twibuzz.com/cgi/search.py?query=trending+topics HTTP/1.1" 200 113858 "-" "Mozilla/5.0 (compatible; Googlebot/2.1; +http://www.google.com/bot.html)"
66.249.70.102 - - [18/May/2009:03:08:12 -0700] "GET www.twibuzz.com/cgi/search.py?query=%23bobbylong HTTP/1.1" 200 34617 "-" "Mozilla/5.0 (compatible; Googlebot/2.1; +http://www.google.com/bot.html)"
66.249.70.102 - - [18/May/2009:03:11:02 -0700] "GET www.twibuzz.com/cgi/search.py?query=paranoid HTTP/1.1" 200 62214 "-" "Mozilla/5.0 (compatible; Googlebot/2.1; +http://www.google.com/bot.html)"
66.249.70.102 - - [18/May/2009:03:21:39 -0700] "GET www.twibuzz.com/cgi/search.py?query=atlanta HTTP/1.1" 200 96693 "-" "Mozilla/5.0 (compatible; Googlebot/2.1; +http://www.google.com/bot.html)"
66.249.70.102 - - [18/May/2009:03:23:03 -0700] "GET www.twibuzz.com/cgi/search.py?query=supreme+court HTTP/1.1" 200 106001 "-" "Mozilla/5.0 (compatible; Googlebot/2.1; +http://www.google.com/bot.html)"
66.249.70.102 - - [18/May/2009:03:26:03 -0700] "GET www.twibuzz.com/cgi/tweets.py?q=nkotb HTTP/1.1" 200 7967 "-" "Mozilla/5.0 (compatible; Googlebot/2.1; +http://www.google.com/bot.html)"
66.249.70.102 - - [18/May/2009:03:30:14 -0700] "GET www.twibuzz.com/cgi/tweets.py?q=%23ladders HTTP/1.1" 200 7454 "-" "Mozilla/5.0 (compatible; Googlebot/2.1; +http://www.google.com/bot.html)"
66.249.70.102 - - [18/May/2009:03:30:31 -0700] "GET www.twibuzz.com/cgi/search.py?query=california HTTP/1.1" 200 7465 "-" "Mozilla/5.0 (compatible; Googlebot/2.1; +http://www.google.com/bot.html)"
66.249.70.102 - - [18/May/2009:03:37:58 -0700] "GET www.twibuzz.com/cgi/search.py?query=los+angeles HTTP/1.1" 200 7638 "-" "Mozilla/5.0 (compatible; Googlebot/2.1; +http://www.google.com/bot.html)"
66.249.70.102 - - [18/May/2009:03:45:10 -0700] "GET www.twibuzz.com/cgi/search.py?query=breakfast HTTP/1.1" 200 51113 "-" "Mozilla/5.0 (compatible; Googlebot/2.1; +http://www.google.com/bot.html)"
83.41.220.74 - - [18/May/2009:03:58:23 -0700] "GET twibuzz.com/ HTTP/1.1" 200 141475 "http://es.wikipedia.org/wiki/Twitter" "Mozilla/4.0 (compatible; MSIE 7.0; Windows NT 6.0; SLCC1; .NET CLR 2.0.50727; .NET CLR 3.0.04506)"
83.41.220.74 - - [18/May/2009:03:58:24 -0700] "GET twibuzz.com/style.css HTTP/1.1" 200 639 "http://twibuzz.com/" "Mozilla/4.0 (compatible; MSIE 7.0; Windows NT 6.0; SLCC1; .NET CLR 2.0.50727; .NET CLR 3.0.04506)"
83.41.220.74 - - [18/May/2009:03:58:24 -0700] "GET twibuzz.com/logo.png HTTP/1.1" 200 5410 "http://twibuzz.com/" "Mozilla/4.0 (compatible; MSIE 7.0; Windows NT 6.0; SLCC1; .NET CLR 2.0.50727; .NET CLR 3.0.04506)"
83.41.220.74 - - [18/May/2009:03:58:25 -0700] "GET twibuzz.com/favicon.ico HTTP/1.1" 404 - "-" "Mozilla/4.0 (compatible; MSIE 7.0; Windows NT 6.0; SLCC1; .NET CLR 2.0.50727; .NET CLR 3.0.04506)"
83.41.220.74 - - [18/May/2009:03:58:38 -0700] "GET twibuzz.com/favicon.ico HTTP/1.1" 404 - "-" "Mozilla/4.0 (compatible; MSIE 7.0; Windows NT 6.0; SLCC1; .NET CLR 2.0.50727; .NET CLR 3.0.04506)"
83.41.220.74 - - [18/May/2009:03:59:02 -0700] "GET www.twibuzz.com/cgi/search.py?query=eurovision HTTP/1.1" 200 0 "http://twibuzz.com/" "Mozilla/4.0 (compatible; MSIE 7.0; Windows NT 6.0; SLCC1; .NET CLR 2.0.50727; .NET CLR 3.0.04506)"
66.249.70.102 - - [18/May/2009:04:04:32 -0700] "GET www.twibuzz.com/cgi/search.py?query=drunk HTTP/1.1" 200 50413 "-" "Mozilla/5.0 (compatible; Googlebot/2.1; +http://www.google.com/bot.html)"
66.249.70.102 - - [18/May/2009:04:13:33 -0700] "GET www.twibuzz.com/cgi/search.py?query=%23futuresummit HTTP/1.1" 200 7351 "-" "Mozilla/5.0 (compatible; Googlebot/2.1; +http://www.google.com/bot.html)"
66.249.70.102 - - [18/May/2009:04:14:03 -0700] "GET www.twibuzz.com/cgi/search.py?query=lunch HTTP/1.1" 200 50939 "-" "Mozilla/5.0 (compatible; Googlebot/2.1; +http://www.google.com/bot.html)"
66.249.70.102 - - [18/May/2009:04:15:09 -0700] "GET www.twibuzz.com/cgi/search.py?query=hdtv HTTP/1.1" 200 39969 "-" "Mozilla/5.0 (compatible; Googlebot/2.1; +http://www.google.com/bot.html)"
66.249.70.102 - - [18/May/2009:04:25:37 -0700] "GET www.twibuzz.com/cgi/tweets.py?q=chris HTTP/1.1" 200 7240 "-" "Mozilla/5.0 (compatible; Googlebot/2.1; +http://www.google.com/bot.html)"
66.249.70.102 - - [18/May/2009:04:25:48 -0700] "GET www.twibuzz.com/cgi/tweets.py?q=dollhouse HTTP/1.1" 200 8234 "-" "Mozilla/5.0 (compatible; Googlebot/2.1; +http://www.google.com/bot.html)"
66.249.70.102 - - [18/May/2009:04:26:08 -0700] "GET www.twibuzz.com/cgi/tweets.py?q=happy%20mothers%20day HTTP/1.1" 200 7941 "-" "Mozilla/5.0 (compatible; Googlebot/2.1; +http://www.google.com/bot.html)"
66.249.70.102 - - [18/May/2009:04:26:15 -0700] "GET www.twibuzz.com/cgi/tweets.py?q=Britney HTTP/1.1" 200 6568 "-" "Mozilla/5.0 (compatible; Googlebot/2.1; +http://www.google.com/bot.html)"
66.249.70.102 - - [18/May/2009:04:26:28 -0700] "GET www.twibuzz.com/cgi/tweets.py?q=green HTTP/1.1" 200 7792 "-" "Mozilla/5.0 (compatible; Googlebot/2.1; +http://www.google.com/bot.html)"
66.249.70.102 - - [18/May/2009:04:27:35 -0700] "GET www.twibuzz.com/cgi/tweets.py?q=%23railsconf HTTP/1.1" 200 7819 "-" "Mozilla/5.0 (compatible; Googlebot/2.1; +http://www.google.com/bot.html)"
82.68.19.94 - - [18/May/2009:04:55:42 -0700] "GET www.twibuzz.com/ HTTP/1.1" 200 141483 "-" "Mozilla/5.0 (Windows; U; Windows NT 5.1; en-US) AppleWebKit/525.19 (KHTML, like Gecko) Chrome/1.0.154.65 Safari/525.19"
82.68.19.94 - - [18/May/2009:04:55:43 -0700] "GET www.twibuzz.com/style.css HTTP/1.1" 200 639 "http://www.twibuzz.com/" "Mozilla/5.0 (Windows; U; Windows NT 5.1; en-US) AppleWebKit/525.19 (KHTML, like Gecko) Chrome/1.0.154.65 Safari/525.19"
82.68.19.94 - - [18/May/2009:04:55:43 -0700] "GET www.twibuzz.com/logo.png HTTP/1.1" 200 5410 "http://www.twibuzz.com/" "Mozilla/5.0 (Windows; U; Windows NT 5.1; en-US) AppleWebKit/525.19 (KHTML, like Gecko) Chrome/1.0.154.65 Safari/525.19"
82.68.19.94 - - [18/May/2009:04:55:45 -0700] "GET www.twibuzz.com/favicon.ico HTTP/1.1" 404 - "-" "Mozilla/5.0 (Windows; U; Windows NT 5.1; en-US) AppleWebKit/525.19 (KHTML, like Gecko) Chrome/1.0.154.65 Safari/525.19"
82.68.19.94 - - [18/May/2009:04:55:54 -0700] "GET www.twibuzz.com/favicon.ico HTTP/1.1" 404 - "-" "Mozilla/5.0 (Windows; U; Windows NT 5.1; en-US) AppleWebKit/525.19 (KHTML, like Gecko) Chrome/1.0.154.65 Safari/525.19"
86.14.17.39 - - [18/May/2009:05:16:28 -0700] "GET www.twibuzz.com/favicon.ico HTTP/1.1" 404 - "-" "Mozilla/5.0 (Windows; U; Windows NT 6.0; en-US; rv:1.9.0.10) Gecko/2009042316 Firefox/3.0.10"
194.8.74.220 - - [18/May/2009:05:28:04 -0700] "GET www.kinneryandrajan.com/?page_id=2 HTTP/1.0" 200 11948 "http://www.kinneryandrajan.com/?page_id=2" "Opera/8.00 (Windows NT 5.1; U; en)"
194.8.74.220 - - [18/May/2009:05:28:07 -0700] "POST www.kinneryandrajan.com/wp-comments-post.php HTTP/1.0" 302 0 "http://www.kinneryandrajan.com/?page_id=2" "Opera/8.00 (Windows NT 5.1; U; en)"
82.68.19.94 - - [18/May/2009:05:38:28 -0700] "GET www.twibuzz.com/cgi/search.py?query=flooring HTTP/1.1" 200 2100 "http://www.twibuzz.com/" "Mozilla/5.0 (Windows; U; Windows NT 5.1; en-US) AppleWebKit/525.19 (KHTML, like Gecko) Chrome/1.0.154.65 Safari/525.19"
66.249.70.102 - - [18/May/2009:05:44:17 -0700] "GET www.twibuzz.com/cgi/search.py?query=bruins HTTP/1.1" 200 40743 "-" "Mozilla/5.0 (compatible; Googlebot/2.1; +http://www.google.com/bot.html)"
66.249.70.102 - - [18/May/2009:05:54:33 -0700] "GET www.twibuzz.com/cgi/search.py?query=magic HTTP/1.1" 200 44524 "-" "Mozilla/5.0 (compatible; Googlebot/2.1; +http://www.google.com/bot.html)"
66.249.70.102 - - [18/May/2009:06:03:40 -0700] "GET www.twibuzz.com/cgi/search.py?query=aaron+brooks HTTP/1.1" 200 31793 "-" "Mozilla/5.0 (compatible; Googlebot/2.1; +http://www.google.com/bot.html)"
66.249.70.102 - - [18/May/2009:06:06:21 -0700] "GET www.twibuzz.com/cgi/search.py?query=red+wings HTTP/1.1" 200 82341 "-" "Mozilla/5.0 (compatible; Googlebot/2.1; +http://www.google.com/bot.html)"
66.249.70.102 - - [18/May/2009:06:09:59 -0700] "GET www.twibuzz.com/cgi/search.py?query=adam HTTP/1.1" 200 138462 "-" "Mozilla/5.0 (compatible; Googlebot/2.1; +http://www.google.com/bot.html)"
66.249.70.102 - - [18/May/2009:06:10:16 -0700] "GET www.twibuzz.com/cgi/search.py?query=manchester HTTP/1.1" 200 76860 "-" "Mozilla/5.0 (compatible; Googlebot/2.1; +http://www.google.com/bot.html)"
66.249.70.102 - - [18/May/2009:06:11:38 -0700] "GET www.twibuzz.com/cgi/tweets.py?q=%23app HTTP/1.1" 200 2909 "-" "Mozilla/5.0 (compatible; Googlebot/2.1; +http://www.google.com/bot.html)"
66.249.70.102 - - [18/May/2009:06:19:26 -0700] "GET www.twibuzz.com/cgi/search.py?query=bbc HTTP/1.1" 200 79988 "-" "Mozilla/5.0 (compatible; Googlebot/2.1; +http://www.google.com/bot.html)"
66.249.70.102 - - [18/May/2009:06:24:57 -0700] "GET www.twibuzz.com/cgi/tweets.py?q=%23bobbylong HTTP/1.1" 200 7563 "-" "Mozilla/5.0 (compatible; Googlebot/2.1; +http://www.google.com/bot.html)"
66.249.70.102 - - [18/May/2009:06:25:58 -0700] "GET www.twibuzz.com/cgi/search.py?query=air+force HTTP/1.1" 200 6941 "-" "Mozilla/5.0 (compatible; Googlebot/2.1; +http://www.google.com/bot.html)"
66.249.70.102 - - [18/May/2009:06:50:12 -0700] "GET www.twibuzz.com/cgi/search.py?query=prabhakaran HTTP/1.1" 200 7356 "-" "Mozilla/5.0 (compatible; Googlebot/2.1; +http://www.google.com/bot.html)"
66.249.70.102 - - [18/May/2009:06:54:28 -0700] "GET www.twibuzz.com/cgi/tweets.py?q=%23annoyatrekkie HTTP/1.1" 200 7716 "-" "Mozilla/5.0 (compatible; Googlebot/2.1; +http://www.google.com/bot.html)"
74.6.22.103 - - [18/May/2009:07:40:08 -0700] "GET www.twibuzz.com/cgi/search.py?query=los+angeles HTTP/1.0" 200 8232 "-" "Mozilla/5.0 (compatible; Yahoo! Slurp/3.0; http://help.yahoo.com/help/us/ysearch/slurp)"
74.6.22.103 - - [18/May/2009:07:40:11 -0700] "GET www.twibuzz.com/style.css HTTP/1.0" 304 - "http://www.twibuzz.com/cgi/search.py?query=los+angeles" "Mozilla/5.0 (compatible; Yahoo! Slurp/3.0; http://help.yahoo.com/help/us/ysearch/slurp)"
74.6.22.103 - - [18/May/2009:07:40:16 -0700] "GET www.twibuzz.com/cgi/tweets.py?q=los%20angeles HTTP/1.0" 200 7537 "http://www.twibuzz.com/cgi/search.py?query=los+angeles" "Mozilla/5.0 (compatible; Yahoo! Slurp/3.0; http://help.yahoo.com/help/us/ysearch/slurp)"
66.249.70.102 - - [18/May/2009:07:43:26 -0700] "GET www.twibuzz.com/cgi/search.py?query=army+medical+corps HTTP/1.1" 200 7168 "-" "Mozilla/5.0 (compatible; Googlebot/2.1; +http://www.google.com/bot.html)"
66.249.70.102 - - [18/May/2009:07:44:42 -0700] "GET www.twibuzz.com/cgi/search.py?query=chelsea HTTP/1.1" 200 74088 "-" "Mozilla/5.0 (compatible; Googlebot/2.1; +http://www.google.com/bot.html)"
74.6.22.103 - - [18/May/2009:07:44:52 -0700] "GET www.twibuzz.com/cgi/search.py?query=cavs HTTP/1.0" 200 88674 "-" "Mozilla/5.0 (compatible; Yahoo! Slurp/3.0; http://help.yahoo.com/help/us/ysearch/slurp)"
74.6.22.103 - - [18/May/2009:07:44:55 -0700] "GET www.twibuzz.com/cgi/tweets.py?q=cavs HTTP/1.0" 200 7152 "http://www.twibuzz.com/cgi/search.py?query=cavs" "Mozilla/5.0 (compatible; Yahoo! Slurp/3.0; http://help.yahoo.com/help/us/ysearch/slurp)"
194.8.74.220 - - [18/May/2009:07:54:01 -0700] "GET www.kinneryandrajan.com/?page_id=2 HTTP/1.0" 200 14125 "http://www.kinneryandrajan.com/?page_id=2" "Opera/8.01 (Windows NT 5.1)"
194.8.74.220 - - [18/May/2009:07:54:03 -0700] "POST www.kinneryandrajan.com/wp-comments-post.php HTTP/1.0" 302 0 "http://www.kinneryandrajan.com/?page_id=2" "Opera/8.01 (Windows NT 5.1)"
72.30.142.90 - - [18/May/2009:08:13:12 -0700] "GET www.kinneryandrajan.com/?cat=4 HTTP/1.0" 200 12335 "-" "Mozilla/5.0 (compatible; Yahoo! Slurp/3.0; http://help.yahoo.com/help/us/ysearch/slurp)"
72.30.142.90 - - [18/May/2009:08:13:12 -0700] "GET www.kinneryandrajan.com/wp-content/themes/inove/style.css HTTP/1.0" 304 - "http://www.kinneryandrajan.com/?cat=4" "Mozilla/5.0 (compatible; Yahoo! Slurp/3.0; http://help.yahoo.com/help/us/ysearch/slurp)"
72.30.142.90 - - [18/May/2009:08:13:14 -0700] "GET www.kinneryandrajan.com/wp-content/plugins/wp-recaptcha/recaptcha.css HTTP/1.0" 304 - "http://www.kinneryandrajan.com/?cat=4" "Mozilla/5.0 (compatible; Yahoo! Slurp/3.0; http://help.yahoo.com/help/us/ysearch/slurp)"
66.249.70.102 - - [18/May/2009:08:28:33 -0700] "GET www.twibuzz.com/cgi/search.py?query=barca HTTP/1.1" 200 63335 "-" "Mozilla/5.0 (compatible; Googlebot/2.1; +http://www.google.com/bot.html)"
66.249.70.102 - - [18/May/2009:08:31:06 -0700] "GET www.twibuzz.com/cgi/search.py?query=%23charliecuntskies HTTP/1.1" 200 7740 "-" "Mozilla/5.0 (compatible; Googlebot/2.1; +http://www.google.com/bot.html)"
66.249.70.102 - - [18/May/2009:08:37:04 -0700] "GET www.twibuzz.com/cgi/tweets.py?q=california HTTP/1.1" 200 6215 "-" "Mozilla/5.0 (compatible; Googlebot/2.1; +http://www.google.com/bot.html)"
150.108.97.38 - - [18/May/2009:08:37:44 -0700] "GET www.twibuzz.com/style.css HTTP/1.1" 200 639 "http://www.twibuzz.com/" "Mozilla/5.0 (Macintosh; U; Intel Mac OS X 10.5; en-US; rv:1.9.0.10) Gecko/2009042315 Firefox/3.0.10"
150.108.97.38 - - [18/May/2009:08:37:44 -0700] "GET www.twibuzz.com/logo.png HTTP/1.1" 200 5410 "http://www.twibuzz.com/" "Mozilla/5.0 (Macintosh; U; Intel Mac OS X 10.5; en-US; rv:1.9.0.10) Gecko/2009042315 Firefox/3.0.10"
150.108.97.38 - - [18/May/2009:08:37:44 -0700] "GET www.twibuzz.com/ HTTP/1.1" 200 142223 "http://twitter.pbworks.com/Apps" "Mozilla/5.0 (Macintosh; U; Intel Mac OS X 10.5; en-US; rv:1.9.0.10) Gecko/2009042315 Firefox/3.0.10"
150.108.97.38 - - [18/May/2009:08:37:45 -0700] "GET www.twibuzz.com/favicon.ico HTTP/1.1" 404 - "-" "Mozilla/5.0 (Macintosh; U; Intel Mac OS X 10.5; en-US; rv:1.9.0.10) Gecko/2009042315 Firefox/3.0.10"
150.108.97.38 - - [18/May/2009:08:37:48 -0700] "GET www.twibuzz.com/favicon.ico HTTP/1.1" 404 - "-" "Mozilla/5.0 (Macintosh; U; Intel Mac OS X 10.5; en-US; rv:1.9.0.10) Gecko/2009042315 Firefox/3.0.10"
66.249.70.102 - - [18/May/2009:08:50:35 -0700] "GET www.twibuzz.com/cgi/tweets.py?q=los%20angeles HTTP/1.1" 200 7476 "-" "Mozilla/5.0 (compatible; Googlebot/2.1; +http://www.google.com/bot.html)"
66.249.70.102 - - [18/May/2009:08:57:14 -0700] "GET www.twibuzz.com/cgi/search.py?query=abruzzo HTTP/1.1" 200 63569 "-" "Mozilla/5.0 (compatible; Googlebot/2.1; +http://www.google.com/bot.html)"
66.249.70.102 - - [18/May/2009:08:59:46 -0700] "GET www.twibuzz.com/cgi/search.py?query=drogba HTTP/1.1" 200 54163 "-" "Mozilla/5.0 (compatible; Googlebot/2.1; +http://www.google.com/bot.html)"
66.249.70.102 - - [18/May/2009:09:07:16 -0700] "GET www.twibuzz.com/cgi/tweets.py?q=air%20force HTTP/1.1" 200 7200 "-" "Mozilla/5.0 (compatible; Googlebot/2.1; +http://www.google.com/bot.html)"
66.249.70.102 - - [18/May/2009:09:22:51 -0700] "GET www.twibuzz.com/cgi/tweets.py?q=%23futuresummit HTTP/1.1" 200 8034 "-" "Mozilla/5.0 (compatible; Googlebot/2.1; +http://www.google.com/bot.html)"
66.249.70.102 - - [18/May/2009:09:43:39 -0700] "GET www.twibuzz.com/cgi/search.py?query=earth HTTP/1.1" 200 7076 "-" "Mozilla/5.0 (compatible; Googlebot/2.1; +http://www.google.com/bot.html)"
66.249.70.102 - - [18/May/2009:10:02:55 -0700] "GET www.twibuzz.com/cgi/tweets.py?q=prabhakaran HTTP/1.1" 200 7882 "-" "Mozilla/5.0 (compatible; Googlebot/2.1; +http://www.google.com/bot.html)"
66.249.70.102 - - [18/May/2009:10:13:21 -0700] "GET www.twibuzz.com/cgi/search.py?query=victoria+day HTTP/1.1" 200 7301 "-" "Mozilla/5.0 (compatible; Googlebot/2.1; +http://www.google.com/bot.html)"
71.183.240.247 - - [18/May/2009:10:14:32 -0700] "GET www.twibuzz.com/style.css HTTP/1.1" 200 639 "http://www.twibuzz.com/" "Mozilla/5.0 (Windows; U; Windows NT 5.1; en-US; rv:1.9.0.10) Gecko/2009042316 Firefox/3.0.10 GTB5"
71.183.240.247 - - [18/May/2009:10:14:32 -0700] "GET www.twibuzz.com/logo.png HTTP/1.1" 200 5410 "http://www.twibuzz.com/" "Mozilla/5.0 (Windows; U; Windows NT 5.1; en-US; rv:1.9.0.10) Gecko/2009042316 Firefox/3.0.10 GTB5"
71.183.240.247 - - [18/May/2009:10:14:32 -0700] "GET www.twibuzz.com/ HTTP/1.1" 200 142617 "http://twitter.pbworks.com/Apps" "Mozilla/5.0 (Windows; U; Windows NT 5.1; en-US; rv:1.9.0.10) Gecko/2009042316 Firefox/3.0.10 GTB5"
71.183.240.247 - - [18/May/2009:10:14:33 -0700] "GET www.twibuzz.com/favicon.ico HTTP/1.1" 404 - "-" "Mozilla/5.0 (Windows; U; Windows NT 5.1; en-US; rv:1.9.0.10) Gecko/2009042316 Firefox/3.0.10 GTB5"
71.183.240.247 - - [18/May/2009:10:14:36 -0700] "GET www.twibuzz.com/favicon.ico HTTP/1.1" 404 - "-" "Mozilla/5.0 (Windows; U; Windows NT 5.1; en-US; rv:1.9.0.10) Gecko/2009042316 Firefox/3.0.10 GTB5"
66.249.70.102 - - [18/May/2009:10:17:28 -0700] "GET www.twibuzz.com/cgi/tweets.py?q=survivor HTTP/1.1" 200 7858 "-" "Mozilla/5.0 (compatible; Googlebot/2.1; +http://www.google.com/bot.html)"
194.8.74.220 - - [18/May/2009:10:20:05 -0700] "GET www.kinneryandrajan.com/?page_id=2 HTTP/1.0" 200 14125 "http://www.kinneryandrajan.com/?page_id=2" "Mozilla/0.6 Beta (Windows)"
72.167.232.193 - - [18/May/2009:10:20:05 -0700] "HEAD www.kinneryandrajan.com/wp-cron.php?check=7106ae27ea4c45ab67094da19cc97812 HTTP/1.0" 200 0 "-" "WordPress/2.7"
194.8.74.220 - - [18/May/2009:10:20:06 -0700] "POST www.kinneryandrajan.com/wp-comments-post.php HTTP/1.0" 302 0 "http://www.kinneryandrajan.com/?page_id=2" "Mozilla/0.6 Beta (Windows)"
66.249.70.102 - - [18/May/2009:10:22:11 -0700] "GET www.twibuzz.com/cgi/tweets.py?q=inglewood HTTP/1.1" 200 8158 "-" "Mozilla/5.0 (compatible; Googlebot/2.1; +http://www.google.com/bot.html)"
66.249.70.102 - - [18/May/2009:10:22:14 -0700] "GET www.twibuzz.com/cgi/tweets.py?q=ray%20allen HTTP/1.1" 200 7531 "-" "Mozilla/5.0 (compatible; Googlebot/2.1; +http://www.google.com/bot.html)"
66.249.70.102 - - [18/May/2009:10:25:34 -0700] "GET www.twibuzz.com/cgi/tweets.py?q=dane%20cook HTTP/1.1" 200 7095 "-" "Mozilla/5.0 (compatible; Googlebot/2.1; +http://www.google.com/bot.html)"
66.249.70.102 - - [18/May/2009:10:28:43 -0700] "GET www.twibuzz.com/cgi/tweets.py?q=%23whocangetit HTTP/1.1" 200 7585 "-" "Mozilla/5.0 (compatible; Googlebot/2.1; +http://www.google.com/bot.html)"
66.249.70.102 - - [18/May/2009:10:29:40 -0700] "GET www.twibuzz.com/cgi/search.py?query=memorial+day HTTP/1.1" 200 7050 "-" "Mozilla/5.0 (compatible; Googlebot/2.1; +http://www.google.com/bot.html)"
66.249.70.102 - - [18/May/2009:10:55:20 -0700] "GET www.twibuzz.com/cgi/search.py?query=i+just+increased HTTP/1.1" 200 7020 "-" "Mozilla/5.0 (compatible; Googlebot/2.1; +http://www.google.com/bot.html)"
66.249.70.102 - - [18/May/2009:10:55:37 -0700] "GET www.twibuzz.com/cgi/search.py?query=%23medievalmovies HTTP/1.1" 200 7019 "-" "Mozilla/5.0 (compatible; Googlebot/2.1; +http://www.google.com/bot.html)"
66.249.70.102 - - [18/May/2009:11:05:26 -0700] "GET www.twibuzz.com/cgi/tweets.py?q=army%20medical%20corps HTTP/1.1" 200 8356 "-" "Mozilla/5.0 (compatible; Googlebot/2.1; +http://www.google.com/bot.html)"
66.249.70.102 - - [18/May/2009:11:30:34 -0700] "GET www.twibuzz.com/cgi/tweets.py?q=abruzzo HTTP/1.1" 200 - "-" "Mozilla/5.0 (compatible; Googlebot/2.1; +http://www.google.com/bot.html)"
66.249.70.102 - - [18/May/2009:11:39:51 -0700] "GET www.twibuzz.com/cgi/tweets.py?q=%23charliecuntskies HTTP/1.1" 200 7643 "-" "Mozilla/5.0 (compatible; Googlebot/2.1; +http://www.google.com/bot.html)"
66.249.70.102 - - [18/May/2009:12:22:18 -0700] "GET www.twibuzz.com/cgi/tweets.py?q=isolated%20incident HTTP/1.1" 200 7619 "-" "Mozilla/5.0 (compatible; Googlebot/2.1; +http://www.google.com/bot.html)"
66.249.70.102 - - [18/May/2009:12:26:11 -0700] "GET www.twibuzz.com/robots.txt HTTP/1.1" 404 - "-" "Mozilla/5.0 (compatible; Googlebot/2.1; +http://www.google.com/bot.html)"
66.249.70.102 - - [18/May/2009:12:26:12 -0700] "GET www.twibuzz.com/cgi/tweets.py?q=memorial%20day HTTP/1.1" 200 7205 "-" "Mozilla/5.0 (compatible; Googlebot/2.1; +http://www.google.com/bot.html)"
66.249.70.102 - - [18/May/2009:12:33:19 -0700] "GET www.twibuzz.com/cgi/tweets.py?q=earth HTTP/1.1" 200 7962 "-" "Mozilla/5.0 (compatible; Googlebot/2.1; +http://www.google.com/bot.html)"
66.249.70.102 - - [18/May/2009:12:34:30 -0700] "GET www.twibuzz.com/cgi/tweets.py?q=victoria%20day HTTP/1.1" 200 7198 "-" "Mozilla/5.0 (compatible; Googlebot/2.1; +http://www.google.com/bot.html)"
66.249.70.102 - - [18/May/2009:12:36:13 -0700] "GET www.twibuzz.com/cgi/search.py?query=jon+gruden HTTP/1.1" 200 7096 "-" "Mozilla/5.0 (compatible; Googlebot/2.1; +http://www.google.com/bot.html)"
194.8.74.220 - - [18/May/2009:12:47:12 -0700] "GET www.kinneryandrajan.com/?page_id=2 HTTP/1.0" 200 14125 "http://www.kinneryandrajan.com/?page_id=2" "Mozilla/4.0 (compatible; MSIE 6.0; Windows ME) Opera 7.11  [en]"
194.8.74.220 - - [18/May/2009:12:47:20 -0700] "POST www.kinneryandrajan.com/wp-comments-post.php HTTP/1.0" 302 0 "http://www.kinneryandrajan.com/?page_id=2" "Mozilla/4.0 (compatible; MSIE 6.0; Windows ME) Opera 7.11  [en]"
66.249.70.102 - - [18/May/2009:13:11:27 -0700] "GET www.twibuzz.com/cgi/search.py?query=%23catoneday HTTP/1.1" 200 7317 "-" "Mozilla/5.0 (compatible; Googlebot/2.1; +http://www.google.com/bot.html)"
201.211.193.94 - - [18/May/2009:13:52:30 -0700] "GET twibuzz.com/style.css HTTP/1.1" 200 639 "http://twibuzz.com/" "Mozilla/5.0 (Windows; U; Windows NT 6.0; es-AR; rv:1.9.0.10) Gecko/2009042316 Firefox/3.0.10"
201.211.193.94 - - [18/May/2009:13:52:33 -0700] "GET twibuzz.com/logo.png HTTP/1.1" 200 5410 "http://twibuzz.com/" "Mozilla/5.0 (Windows; U; Windows NT 6.0; es-AR; rv:1.9.0.10) Gecko/2009042316 Firefox/3.0.10"
201.211.193.94 - - [18/May/2009:13:52:39 -0700] "GET twibuzz.com/ HTTP/1.1" 200 142990 "http://es.wikipedia.org/wiki/Twitter" "Mozilla/5.0 (Windows; U; Windows NT 6.0; es-AR; rv:1.9.0.10) Gecko/2009042316 Firefox/3.0.10"
201.211.193.94 - - [18/May/2009:13:52:50 -0700] "GET twibuzz.com/favicon.ico HTTP/1.1" 404 - "-" "Mozilla/5.0 (Windows; U; Windows NT 6.0; es-AR; rv:1.9.0.10) Gecko/2009042316 Firefox/3.0.10"
201.211.193.94 - - [18/May/2009:13:52:56 -0700] "GET twibuzz.com/favicon.ico HTTP/1.1" 404 - "-" "Mozilla/5.0 (Windows; U; Windows NT 6.0; es-AR; rv:1.9.0.10) Gecko/2009042316 Firefox/3.0.10"
201.211.193.94 - - [18/May/2009:13:53:23 -0700] "GET www.twibuzz.com/style.css HTTP/1.1" 200 639 "http://www.twibuzz.com/cgi/search.py?query=star+trek" "Mozilla/5.0 (Windows; U; Windows NT 6.0; es-AR; rv:1.9.0.10) Gecko/2009042316 Firefox/3.0.10"
201.211.193.94 - - [18/May/2009:13:53:24 -0700] "GET www.twibuzz.com/logo.png HTTP/1.1" 200 5410 "http://www.twibuzz.com/cgi/search.py?query=star+trek" "Mozilla/5.0 (Windows; U; Windows NT 6.0; es-AR; rv:1.9.0.10) Gecko/2009042316 Firefox/3.0.10"
201.211.193.94 - - [18/May/2009:13:53:29 -0700] "GET www.twibuzz.com/cgi/search.py?query=star+trek HTTP/1.1" 200 145574 "http://twibuzz.com/" "Mozilla/5.0 (Windows; U; Windows NT 6.0; es-AR; rv:1.9.0.10) Gecko/2009042316 Firefox/3.0.10"
201.211.193.94 - - [18/May/2009:13:53:33 -0700] "GET www.twibuzz.com/cgi/tweets.py?q=star%20trek HTTP/1.1" 200 7646 "http://www.twibuzz.com/cgi/search.py?query=star+trek" "Mozilla/5.0 (Windows; U; Windows NT 6.0; es-AR; rv:1.9.0.10) Gecko/2009042316 Firefox/3.0.10"
201.211.193.94 - - [18/May/2009:13:53:36 -0700] "GET www.twibuzz.com/favicon.ico HTTP/1.1" 404 - "-" "Mozilla/5.0 (Windows; U; Windows NT 6.0; es-AR; rv:1.9.0.10) Gecko/2009042316 Firefox/3.0.10"
201.211.193.94 - - [18/May/2009:13:53:38 -0700] "GET www.twibuzz.com/favicon.ico HTTP/1.1" 404 - "-" "Mozilla/5.0 (Windows; U; Windows NT 6.0; es-AR; rv:1.9.0.10) Gecko/2009042316 Firefox/3.0.10"
66.249.70.102 - - [18/May/2009:14:05:41 -0700] "GET www.twibuzz.com/cgi/search.py?query=%23newdivide HTTP/1.1" 200 6920 "-" "Mozilla/5.0 (compatible; Googlebot/2.1; +http://www.google.com/bot.html)"
66.249.70.102 - - [18/May/2009:14:12:54 -0700] "GET www.twibuzz.com/cgi/tweets.py?q=cinco%20de%20mayo HTTP/1.1" 200 8211 "-" "Mozilla/5.0 (compatible; Googlebot/2.1; +http://www.google.com/bot.html)"
66.249.70.102 - - [18/May/2009:14:13:57 -0700] "GET www.twibuzz.com/cgi/tweets.py?q=kobe HTTP/1.1" 200 7874 "-" "Mozilla/5.0 (compatible; Googlebot/2.1; +http://www.google.com/bot.html)"
66.249.70.102 - - [18/May/2009:14:13:58 -0700] "GET www.twibuzz.com/cgi/tweets.py?q=follow%20friday HTTP/1.1" 200 7947 "-" "Mozilla/5.0 (compatible; Googlebot/2.1; +http://www.google.com/bot.html)"
66.249.70.102 - - [18/May/2009:14:14:02 -0700] "GET www.twibuzz.com/cgi/tweets.py?q=masterchef HTTP/1.1" 200 7767 "-" "Mozilla/5.0 (compatible; Googlebot/2.1; +http://www.google.com/bot.html)"
66.249.70.102 - - [18/May/2009:14:14:03 -0700] "GET www.twibuzz.com/cgi/tweets.py?q=apple%20shampoo HTTP/1.1" 200 6760 "-" "Mozilla/5.0 (compatible; Googlebot/2.1; +http://www.google.com/bot.html)"
66.249.70.102 - - [18/May/2009:14:14:06 -0700] "GET www.twibuzz.com/cgi/tweets.py?q=amazing%20race HTTP/1.1" 200 5662 "-" "Mozilla/5.0 (compatible; Googlebot/2.1; +http://www.google.com/bot.html)"
190.212.19.138 - - [18/May/2009:14:16:16 -0700] "GET www.twibuzz.com/favicon.ico HTTP/1.1" 404 - "-" "Mozilla/5.0 (Windows; U; Windows NT 5.1; es-ES; rv:1.9.0.10) Gecko/2009042316 Firefox/3.0.10"
208.80.195.42 - - [18/May/2009:14:17:52 -0700] "GET www.kinneryandrajan.com/ HTTP/1.0" 200 20109 "-" "Mozilla/4.0 (compatible; MSIE 7.0; Windows NT 5.1; SIMBAR Enabled; SIMBAR={22A14A46-3C20-4d40-8998-C57EBDC16909}; .NET CLR 1.0.3705; .NET CLR 1.1.4322; Media Center PC 4.0; .NET CLR 2.0.50727)"
66.249.70.102 - - [18/May/2009:14:19:42 -0700] "GET www.twibuzz.com/cgi/tweets.py?q=%23medievalmovies HTTP/1.1" 200 6786 "-" "Mozilla/5.0 (compatible; Googlebot/2.1; +http://www.google.com/bot.html)"
66.249.70.102 - - [18/May/2009:14:23:36 -0700] "GET www.twibuzz.com/cgi/tweets.py?q=i%20just%20increased HTTP/1.1" 200 8404 "-" "Mozilla/5.0 (compatible; Googlebot/2.1; +http://www.google.com/bot.html)"
66.249.85.134 - - [18/May/2009:14:27:43 -0700] "GET www.kinneryandrajan.com/?feed=rss2 HTTP/1.1" 200 15029 "-" "Feedfetcher-Google; (+http://www.google.com/feedfetcher.html; feed-id=7705655773661080647)"
66.249.70.102 - - [18/May/2009:14:33:12 -0700] "GET www.twibuzz.com/cgi/search.py?query=www2009 HTTP/1.1" 200 2096 "-" "Mozilla/5.0 (compatible; Googlebot/2.1; +http://www.google.com/bot.html)"
131.107.0.85 - - [18/May/2009:14:48:24 -0700] "GET www.kinneryandrajan.com/wp-content/uploads/2009/04/plot.png HTTP/1.1" 200 80601 "http://my.yahoo.com/" "Mozilla/5.0 (Windows; U; Windows NT 6.1; en-US; rv:1.9.0.10) Gecko/2009042316 Firefox/3.0.10"
131.107.0.85 - - [18/May/2009:14:48:31 -0700] "GET www.twibuzz.com/ HTTP/1.1" 200 143072 "http://my.yahoo.com/" "Mozilla/5.0 (Windows; U; Windows NT 6.1; en-US; rv:1.9.0.10) Gecko/2009042316 Firefox/3.0.10"
131.107.0.85 - - [18/May/2009:14:48:32 -0700] "GET www.twibuzz.com/style.css HTTP/1.1" 200 639 "http://www.twibuzz.com/" "Mozilla/5.0 (Windows; U; Windows NT 6.1; en-US; rv:1.9.0.10) Gecko/2009042316 Firefox/3.0.10"
131.107.0.85 - - [18/May/2009:14:48:32 -0700] "GET www.twibuzz.com/logo.png HTTP/1.1" 200 5410 "http://www.twibuzz.com/" "Mozilla/5.0 (Windows; U; Windows NT 6.1; en-US; rv:1.9.0.10) Gecko/2009042316 Firefox/3.0.10"
131.107.0.85 - - [18/May/2009:14:48:59 -0700] "GET www.twibuzz.com/cgi/search.py?query=google%2Capple HTTP/1.1" 200 347959 "http://www.twibuzz.com/" "Mozilla/5.0 (Windows; U; Windows NT 6.1; en-US; rv:1.9.0.10) Gecko/2009042316 Firefox/3.0.10"
131.107.0.85 - - [18/May/2009:14:49:02 -0700] "GET www.twibuzz.com/cgi/tweets.py?q=google HTTP/1.1" 200 6858 "http://www.twibuzz.com/cgi/search.py?query=google%2Capple" "Mozilla/5.0 (Windows; U; Windows NT 6.1; en-US; rv:1.9.0.10) Gecko/2009042316 Firefox/3.0.10"
131.107.0.85 - - [18/May/2009:14:49:35 -0700] "GET www.twibuzz.com/cgi/search.py?query=seattle+wedding HTTP/1.1" 200 2128 "http://www.twibuzz.com/" "Mozilla/5.0 (Windows; U; Windows NT 6.1; en-US; rv:1.9.0.10) Gecko/2009042316 Firefox/3.0.10"
131.107.0.85 - - [18/May/2009:14:49:43 -0700] "GET www.twibuzz.com/cgi/search.py?query=seattle+weddings HTTP/1.1" 200 2132 "http://www.twibuzz.com/cgi/search.py?query=seattle+wedding" "Mozilla/5.0 (Windows; U; Windows NT 6.1; en-US; rv:1.9.0.10) Gecko/2009042316 Firefox/3.0.10"
72.30.81.157 - - [18/May/2009:15:05:58 -0700] "GET www.recipewithme.com/robots.txt HTTP/1.0" 404 1691 "-" "Mozilla/5.0 (compatible; Yahoo! Slurp; http://help.yahoo.com/help/us/ysearch/slurp)"
72.30.81.157 - - [18/May/2009:15:05:58 -0700] "GET www.recipewithme.com/ HTTP/1.0" 200 476 "-" "Mozilla/5.0 (compatible; Yahoo! Slurp/3.0; http://help.yahoo.com/help/us/ysearch/slurp)"
194.8.74.220 - - [18/May/2009:15:12:58 -0700] "GET www.kinneryandrajan.com/?page_id=2 HTTP/1.0" 200 14125 "http://www.kinneryandrajan.com/?page_id=2" "Mozilla/5.0 (Windows NT 5.1; U; en) Opera 8.01"
194.8.74.220 - - [18/May/2009:15:12:59 -0700] "POST www.kinneryandrajan.com/wp-comments-post.php HTTP/1.0" 302 0 "http://www.kinneryandrajan.com/?page_id=2" "Mozilla/5.0 (Windows NT 5.1; U; en) Opera 8.01"
66.249.70.102 - - [18/May/2009:15:15:00 -0700] "GET www.twibuzz.com/cgi/tweets.py?q=iphone HTTP/1.1" 200 5917 "-" "Mozilla/5.0 (compatible; Googlebot/2.1; +http://www.google.com/bot.html)"
66.249.70.102 - - [18/May/2009:15:15:03 -0700] "GET www.twibuzz.com/cgi/tweets.py?q=drogba HTTP/1.1" 200 7785 "-" "Mozilla/5.0 (compatible; Googlebot/2.1; +http://www.google.com/bot.html)"
66.249.70.102 - - [18/May/2009:15:15:04 -0700] "GET www.twibuzz.com/cgi/tweets.py?q=barca HTTP/1.1" 200 5878 "-" "Mozilla/5.0 (compatible; Googlebot/2.1; +http://www.google.com/bot.html)"
66.249.70.102 - - [18/May/2009:15:15:05 -0700] "GET www.twibuzz.com/cgi/tweets.py?q=red%20wings HTTP/1.1" 200 7866 "-" "Mozilla/5.0 (compatible; Googlebot/2.1; +http://www.google.com/bot.html)"
66.249.70.102 - - [18/May/2009:15:15:17 -0700] "GET www.twibuzz.com/cgi/tweets.py?q=jon%20gruden HTTP/1.1" 200 8222 "-" "Mozilla/5.0 (compatible; Googlebot/2.1; +http://www.google.com/bot.html)"
66.249.70.102 - - [18/May/2009:15:30:55 -0700] "GET www.twibuzz.com/cgi/tweets.py?q=trending%20topics HTTP/1.1" 200 6697 "-" "Mozilla/5.0 (compatible; Googlebot/2.1; +http://www.google.com/bot.html)"
216.129.119.44 - - [18/May/2009:15:58:26 -0700] "GET www.kinneryandrajan.com/wp-trackback.php?p=2 HTTP/1.0" 200 135 "-" "Mozilla/5.0 (Twiceler-0.9 http://www.cuil.com/twiceler/robot.html)"
209.131.41.49 - - [18/May/2009:16:28:44 -0700] "GET www.kinneryandrajan.com/robots.txt HTTP/1.0" 404 - "-" "YahooFeedSeeker/2.0 (compatible; Mozilla 4.0; MSIE 5.5; http://publisher.yahoo.com/rssguide)"
209.131.41.48 - - [18/May/2009:16:28:46 -0700] "GET www.kinneryandrajan.com/?feed=rss2 HTTP/1.0" 200 14428 "-" "YahooFeedSeeker/2.0 (compatible; Mozilla 4.0; MSIE 5.5; http://publisher.yahoo.com/rssguide; users 1; views 101)"
66.249.70.102 - - [18/May/2009:16:28:56 -0700] "GET www.twibuzz.com/cgi/tweets.py?q=%23newdivide HTTP/1.1" 200 7903 "-" "Mozilla/5.0 (compatible; Googlebot/2.1; +http://www.google.com/bot.html)"
66.249.70.102 - - [18/May/2009:16:39:15 -0700] "GET www.twibuzz.com/cgi/tweets.py?q=%23catoneday HTTP/1.1" 200 7936 "-" "Mozilla/5.0 (compatible; Googlebot/2.1; +http://www.google.com/bot.html)"
74.6.22.103 - - [18/May/2009:16:41:07 -0700] "GET www.twibuzz.com/robots.txt HTTP/1.0" 404 - "-" "Mozilla/5.0 (compatible; Yahoo! Slurp; http://help.yahoo.com/help/us/ysearch/slurp)"
74.6.22.103 - - [18/May/2009:16:41:09 -0700] "GET www.twibuzz.com/style.css HTTP/1.0" 304 - "http://www.twibuzz.com/cgi/search.py?query=french" "Mozilla/5.0 (compatible; Yahoo! Slurp/3.0; http://help.yahoo.com/help/us/ysearch/slurp)"
74.6.22.103 - - [18/May/2009:16:41:09 -0700] "GET www.twibuzz.com/cgi/search.py?query=french HTTP/1.0" 200 90587 "-" "Mozilla/5.0 (compatible; Yahoo! Slurp/3.0; http://help.yahoo.com/help/us/ysearch/slurp)"
74.6.22.103 - - [18/May/2009:16:41:10 -0700] "GET www.twibuzz.com/cgi/tweets.py?q=french HTTP/1.0" 200 7809 "http://www.twibuzz.com/cgi/search.py?query=french" "Mozilla/5.0 (compatible; Yahoo! Slurp/3.0; http://help.yahoo.com/help/us/ysearch/slurp)"
66.249.70.102 - - [18/May/2009:16:46:41 -0700] "GET www.twibuzz.com/ HTTP/1.1" 200 143485 "-" "DoCoMo/2.0 N905i(c100;TB;W24H16) (compatible; Googlebot-Mobile/2.1; +http://www.google.com/bot.html)"
66.249.70.102 - - [18/May/2009:16:51:40 -0700] "GET www.twibuzz.com/cgi/search.py?query=new+divide HTTP/1.1" 200 7090 "-" "Mozilla/5.0 (compatible; Googlebot/2.1; +http://www.google.com/bot.html)"
194.8.74.220 - - [18/May/2009:17:39:06 -0700] "GET www.kinneryandrajan.com/?page_id=2 HTTP/1.0" 200 13042 "http://www.kinneryandrajan.com/?page_id=2" "Mozilla/4.0 (compatible; MSIE 5.5; Windows 98)"
194.8.74.220 - - [18/May/2009:17:39:12 -0700] "POST www.kinneryandrajan.com/wp-comments-post.php HTTP/1.0" 302 0 "http://www.kinneryandrajan.com/?page_id=2" "Mozilla/4.0 (compatible; MSIE 5.5; Windows 98)"
209.17.171.58 - - [18/May/2009:17:44:30 -0700] "GET twibuzz.com/ HTTP/1.1" 200 143623 "http://www.roidsmall.com/links_catalog.php" "Mozilla/5.0 (X11; U; Linux i686; en-US; rv:1.9.0.10) Gecko/2009042513 Ubuntu/8.04 (http://www.roidsmall.com/links_catalog.php) Firefox/3.0.10"
70.72.206.46 - - [18/May/2009:18:20:42 -0700] "GET www.kinneryandrajan.com/ HTTP/1.1" 200 21381 "http://www.google.ca/search?q=trek+470&hl=en&start=20&sa=N" "Mozilla/5.0 (Windows; U; Windows NT 5.1; en-US; rv:1.8.1.20) Gecko/20081217 Firefox/2.0.0.20"
70.72.206.46 - - [18/May/2009:18:20:43 -0700] "GET www.kinneryandrajan.com/?feed=rss2 HTTP/1.1" 200 15211 "-" "Mozilla/5.0 (Windows; U; Windows NT 5.1; en-US; rv:1.8.1.20) Gecko/20081217 Firefox/2.0.0.20"
70.72.206.46 - - [18/May/2009:18:20:43 -0700] "GET www.kinneryandrajan.com/wp-content/themes/inove/style.css HTTP/1.1" 200 19374 "http://www.kinneryandrajan.com/" "Mozilla/5.0 (Windows; U; Windows NT 5.1; en-US; rv:1.8.1.20) Gecko/20081217 Firefox/2.0.0.20"
70.72.206.46 - - [18/May/2009:18:20:44 -0700] "GET www.kinneryandrajan.com/?feed=comments-rss2 HTTP/1.1" 200 2888 "-" "Mozilla/5.0 (Windows; U; Windows NT 5.1; en-US; rv:1.8.1.20) Gecko/20081217 Firefox/2.0.0.20"
70.72.206.46 - - [18/May/2009:18:20:44 -0700] "GET www.kinneryandrajan.com/wp-content/themes/inove/js/util.js HTTP/1.1" 200 2128 "http://www.kinneryandrajan.com/" "Mozilla/5.0 (Windows; U; Windows NT 5.1; en-US; rv:1.8.1.20) Gecko/20081217 Firefox/2.0.0.20"
70.72.206.46 - - [18/May/2009:18:20:44 -0700] "GET www.kinneryandrajan.com/wp-content/themes/inove/js/menu.js HTTP/1.1" 200 5886 "http://www.kinneryandrajan.com/" "Mozilla/5.0 (Windows; U; Windows NT 5.1; en-US; rv:1.8.1.20) Gecko/20081217 Firefox/2.0.0.20"
70.72.206.46 - - [18/May/2009:18:20:44 -0700] "GET www.kinneryandrajan.com/wp-content/plugins/wp-recaptcha/recaptcha.css HTTP/1.1" 200 1739 "http://www.kinneryandrajan.com/" "Mozilla/5.0 (Windows; U; Windows NT 5.1; en-US; rv:1.8.1.20) Gecko/20081217 Firefox/2.0.0.20"
70.72.206.46 - - [18/May/2009:18:20:44 -0700] "GET www.kinneryandrajan.com/wp-content/themes/inove/img/bg.jpg HTTP/1.1" 200 1769 "http://www.kinneryandrajan.com/wp-content/themes/inove/style.css" "Mozilla/5.0 (Windows; U; Windows NT 5.1; en-US; rv:1.8.1.20) Gecko/20081217 Firefox/2.0.0.20"
70.72.206.46 - - [18/May/2009:18:20:44 -0700] "GET www.kinneryandrajan.com/wp-content/uploads/2009/04/plot.png HTTP/1.1" 200 80601 "http://www.kinneryandrajan.com/" "Mozilla/5.0 (Windows; U; Windows NT 5.1; en-US; rv:1.8.1.20) Gecko/20081217 Firefox/2.0.0.20"
70.72.206.46 - - [18/May/2009:18:20:44 -0700] "GET www.kinneryandrajan.com/wp-content/themes/inove/img/light.gif HTTP/1.1" 200 39289 "http://www.kinneryandrajan.com/wp-content/themes/inove/style.css" "Mozilla/5.0 (Windows; U; Windows NT 5.1; en-US; rv:1.8.1.20) Gecko/20081217 Firefox/2.0.0.20"
70.72.206.46 - - [18/May/2009:18:20:45 -0700] "GET www.kinneryandrajan.com/wp-content/uploads/2009/03/trek.jpg HTTP/1.1" 200 147712 "http://www.kinneryandrajan.com/" "Mozilla/5.0 (Windows; U; Windows NT 5.1; en-US; rv:1.8.1.20) Gecko/20081217 Firefox/2.0.0.20"
70.72.206.46 - - [18/May/2009:18:20:45 -0700] "GET www.kinneryandrajan.com/wp-content/themes/inove/img/header_footer.jpg HTTP/1.1" 200 26837 "http://www.kinneryandrajan.com/wp-content/themes/inove/style.css" "Mozilla/5.0 (Windows; U; Windows NT 5.1; en-US; rv:1.8.1.20) Gecko/20081217 Firefox/2.0.0.20"
70.72.206.46 - - [18/May/2009:18:20:45 -0700] "GET www.kinneryandrajan.com/wp-content/themes/inove/img/menu.gif HTTP/1.1" 200 1326 "http://www.kinneryandrajan.com/wp-content/themes/inove/style.css" "Mozilla/5.0 (Windows; U; Windows NT 5.1; en-US; rv:1.8.1.20) Gecko/20081217 Firefox/2.0.0.20"
70.72.206.46 - - [18/May/2009:18:20:45 -0700] "GET www.kinneryandrajan.com/favicon.ico HTTP/1.1" 404 - "-" "Mozilla/5.0 (Windows; U; Windows NT 5.1; en-US; rv:1.8.1.20) Gecko/20081217 Firefox/2.0.0.20"
70.72.206.46 - - [18/May/2009:18:20:45 -0700] "GET www.kinneryandrajan.com/wp-content/themes/inove/img/textfield.gif HTTP/1.1" 200 57 "http://www.kinneryandrajan.com/wp-content/themes/inove/style.css" "Mozilla/5.0 (Windows; U; Windows NT 5.1; en-US; rv:1.8.1.20) Gecko/20081217 Firefox/2.0.0.20"
70.72.206.46 - - [18/May/2009:18:20:45 -0700] "GET www.kinneryandrajan.com/wp-content/themes/inove/img/icons.gif HTTP/1.1" 200 3997 "http://www.kinneryandrajan.com/wp-content/themes/inove/style.css" "Mozilla/5.0 (Windows; U; Windows NT 5.1; en-US; rv:1.8.1.20) Gecko/20081217 Firefox/2.0.0.20"
70.72.206.46 - - [18/May/2009:18:20:45 -0700] "GET www.kinneryandrajan.com/wp-content/themes/inove/img/sidesep.gif HTTP/1.1" 200 102 "http://www.kinneryandrajan.com/wp-content/themes/inove/style.css" "Mozilla/5.0 (Windows; U; Windows NT 5.1; en-US; rv:1.8.1.20) Gecko/20081217 Firefox/2.0.0.20"
70.72.206.46 - - [18/May/2009:18:20:45 -0700] "GET www.kinneryandrajan.com/wp-content/themes/inove/img/widgetsep.png HTTP/1.1" 200 3272 "http://www.kinneryandrajan.com/wp-content/themes/inove/style.css" "Mozilla/5.0 (Windows; U; Windows NT 5.1; en-US; rv:1.8.1.20) Gecko/20081217 Firefox/2.0.0.20"
70.72.206.46 - - [18/May/2009:18:20:45 -0700] "GET www.kinneryandrajan.com/wp-content/themes/inove/img/feeds.gif HTTP/1.1" 200 2028 "http://www.kinneryandrajan.com/wp-content/themes/inove/style.css" "Mozilla/5.0 (Windows; U; Windows NT 5.1; en-US; rv:1.8.1.20) Gecko/20081217 Firefox/2.0.0.20"
70.72.206.46 - - [18/May/2009:18:20:45 -0700] "GET www.kinneryandrajan.com/wp-content/themes/inove/img/wp-logo.png HTTP/1.1" 200 7838 "http://www.kinneryandrajan.com/wp-content/themes/inove/style.css" "Mozilla/5.0 (Windows; U; Windows NT 5.1; en-US; rv:1.8.1.20) Gecko/20081217 Firefox/2.0.0.20"
70.72.206.46 - - [18/May/2009:18:20:45 -0700] "GET www.kinneryandrajan.com/wp-content/themes/inove/img/readers.gif HTTP/1.1" 200 7128 "http://www.kinneryandrajan.com/wp-content/themes/inove/style.css" "Mozilla/5.0 (Windows; U; Windows NT 5.1; en-US; rv:1.8.1.20) Gecko/20081217 Firefox/2.0.0.20"
200.72.149.230 - - [18/May/2009:18:27:58 -0700] "GET www.twibuzz.com/ HTTP/1.1" 200 143815 "http://twitter.pbwiki.com/Apps" "Mozilla/4.0 (compatible; MSIE 7.0; Windows NT 5.1; GTB5; Mozilla/4.0 (compatible; MSIE 6.0; Windows NT 5.1; SV1) ; (R1 1.5); .NET CLR 1.1.4322)"
74.6.22.103 - - [18/May/2009:18:47:16 -0700] "GET www.twibuzz.com/cgi/search.py?query=paris HTTP/1.0" 200 132847 "-" "Mozilla/5.0 (compatible; Yahoo! Slurp/3.0; http://help.yahoo.com/help/us/ysearch/slurp)"
74.6.22.103 - - [18/May/2009:18:47:16 -0700] "GET www.twibuzz.com/style.css HTTP/1.0" 304 - "http://www.twibuzz.com/cgi/search.py?query=paris" "Mozilla/5.0 (compatible; Yahoo! Slurp/3.0; http://help.yahoo.com/help/us/ysearch/slurp)"
74.6.22.103 - - [18/May/2009:18:47:20 -0700] "GET www.twibuzz.com/cgi/tweets.py?q=paris HTTP/1.0" 200 5227 "http://www.twibuzz.com/cgi/search.py?query=paris" "Mozilla/5.0 (compatible; Yahoo! Slurp/3.0; http://help.yahoo.com/help/us/ysearch/slurp)"
174.145.199.206 - - [18/May/2009:18:59:01 -0700] "GET www.twibuzz.com/ HTTP/1.1" 200 138518 "-" "Mozilla/5.0 (Windows; U; Windows NT 5.1; en-US) AppleWebKit/525.19 (KHTML, like Gecko) Chrome/1.0.154.65 Safari/525.19"
68.120.225.239 - - [18/May/2009:19:15:40 -0700] "GET www.twibuzz.com/style.css HTTP/1.1" 200 639 "-" "Mozilla/5.0 (Macintosh; U; Intel Mac OS X 10.5; en-US; rv:1.9.0.10) Gecko/2009042315 Firefox/3.0.10"
68.120.225.239 - - [18/May/2009:19:15:40 -0700] "GET www.twibuzz.com/ HTTP/1.1" 200 144005 "http://twitter.pbworks.com/Apps" "Mozilla/5.0 (Macintosh; U; Intel Mac OS X 10.5; en-US; rv:1.9.0.10) Gecko/2009042315 Firefox/3.0.10"
68.120.225.239 - - [18/May/2009:19:15:40 -0700] "GET www.twibuzz.com/logo.png HTTP/1.1" 200 5410 "-" "Mozilla/5.0 (Macintosh; U; Intel Mac OS X 10.5; en-US; rv:1.9.0.10) Gecko/2009042315 Firefox/3.0.10"
68.120.225.239 - - [18/May/2009:19:15:41 -0700] "GET www.twibuzz.com/favicon.ico HTTP/1.1" 404 - "-" "Mozilla/5.0 (Macintosh; U; Intel Mac OS X 10.5; en-US; rv:1.9.0.10) Gecko/2009042315 Firefox/3.0.10"
68.120.225.239 - - [18/May/2009:19:15:44 -0700] "GET www.twibuzz.com/favicon.ico HTTP/1.1" 404 - "-" "Mozilla/5.0 (Macintosh; U; Intel Mac OS X 10.5; en-US; rv:1.9.0.10) Gecko/2009042315 Firefox/3.0.10"
189.169.39.160 - - [18/May/2009:19:58:51 -0700] "GET twibuzz.com/style.css HTTP/1.1" 200 639 "http://twibuzz.com/" "Mozilla/4.0 (compatible; MSIE 6.0; Windows NT 5.1; es-ES) Opera 9.64"
189.169.39.160 - - [18/May/2009:19:58:53 -0700] "GET twibuzz.com/logo.png HTTP/1.1" 200 5410 "http://twibuzz.com/" "Mozilla/4.0 (compatible; MSIE 6.0; Windows NT 5.1; es-ES) Opera 9.64"
189.169.39.160 - - [18/May/2009:19:58:54 -0700] "GET twibuzz.com/ HTTP/1.1" 200 144017 "http://es.wikipedia.org/wiki/Twitter" "Mozilla/4.0 (compatible; MSIE 6.0; Windows NT 5.1; es-ES) Opera 9.64"
189.169.39.160 - - [18/May/2009:19:59:09 -0700] "GET twibuzz.com/favicon.ico HTTP/1.1" 404 - "http://twibuzz.com/" "Mozilla/4.0 (compatible; MSIE 6.0; Windows NT 5.1; es-ES) Opera 9.64"
208.80.195.28 - - [18/May/2009:20:03:47 -0700] "GET kinneryandrajan.com/ HTTP/1.0" 302 0 "-" "Mozilla/4.0 (compatible; MSIE 6.0; Windows NT 5.0; SDS IE6 SP1)"
194.8.74.220 - - [18/May/2009:20:05:00 -0700] "GET www.kinneryandrajan.com/?page_id=2 HTTP/1.0" 200 14125 "http://www.kinneryandrajan.com/?page_id=2" "Mozilla/4.0 (compatible; MSIE 6.0; Windows NT 5.1; MRA 4.3 (build 01218); .NET CLR 1.1.4322)"
194.8.74.220 - - [18/May/2009:20:05:03 -0700] "POST www.kinneryandrajan.com/wp-comments-post.php HTTP/1.0" 302 0 "http://www.kinneryandrajan.com/?page_id=2" "Mozilla/4.0 (compatible; MSIE 6.0; Windows NT 5.1; MRA 4.3 (build 01218); .NET CLR 1.1.4322)"
190.42.194.138 - - [18/May/2009:20:05:18 -0700] "GET www.kinneryandrajan.com/?p=11 HTTP/1.1" 200 5905 "http://images.google.com/imgres?imgurl=http://www.kinneryandrajan.com/wp-content/uploads/2009/03/trek.jpg&imgrefurl=http://www.kinneryandrajan.com/%3Fp%3D11&usg=__hhceH_tA7i4bBIH8yrpUEoUt8BM=&h=332&w=500&sz=145&hl=es&start=17&um=1&tbnid=7FSg9mKTF9Y45M:&tbnh=86&tbnw=130&prev=/images%3Fq%3Dtrek%2Bold%2Bbikes%26hl%3Des%26rls%3Dcom.microsoft:es-pe:IE-SearchBox%26rlz%3D1I7ADBS%26sa%3DN%26um%3D1" "Mozilla/4.0 (compatible; MSIE 8.0; Windows NT 5.1; Trident/4.0; Mozilla/4.0 (compatible; MSIE 6.0; Windows NT 5.1; SV1) ; .NET CLR 1.1.4322; .NET CLR 2.0.50727; OfficeLiveConnector.1.3; OfficeLivePatch.0.0; msn OptimizedIE8;ESXL)"
190.42.194.138 - - [18/May/2009:20:05:18 -0700] "GET www.kinneryandrajan.com/wp-content/uploads/2009/03/trek.jpg HTTP/1.1" 200 147712 "http://images.google.com/imgres?imgurl=http://www.kinneryandrajan.com/wp-content/uploads/2009/03/trek.jpg&imgrefurl=http://www.kinneryandrajan.com/%3Fp%3D11&usg=__hhceH_tA7i4bBIH8yrpUEoUt8BM=&h=332&w=500&sz=145&hl=es&start=17&um=1&tbnid=7FSg9mKTF9Y45M:&tbnh=86&tbnw=130&prev=/images%3Fq%3Dtrek%2Bold%2Bbikes%26hl%3Des%26rls%3Dcom.microsoft:es-pe:IE-SearchBox%26rlz%3D1I7ADBS%26sa%3DN%26um%3D1" "Mozilla/4.0 (compatible; MSIE 8.0; Windows NT 5.1; Trident/4.0; Mozilla/4.0 (compatible; MSIE 6.0; Windows NT 5.1; SV1) ; .NET CLR 1.1.4322; .NET CLR 2.0.50727; OfficeLiveConnector.1.3; OfficeLivePatch.0.0; msn OptimizedIE8;ESXL)"
190.42.194.138 - - [18/May/2009:20:05:19 -0700] "GET www.kinneryandrajan.com/favicon.ico HTTP/1.1" 404 - "-" "Mozilla/4.0 (compatible; MSIE 8.0; Windows NT 5.1; Trident/4.0; Mozilla/4.0 (compatible; MSIE 6.0; Windows NT 5.1; SV1) ; .NET CLR 1.1.4322; .NET CLR 2.0.50727; OfficeLiveConnector.1.3; OfficeLivePatch.0.0; msn OptimizedIE8;ESXL)"
190.42.194.138 - - [18/May/2009:20:05:43 -0700] "GET www.kinneryandrajan.com/?p=11 HTTP/1.1" 200 17240 "http://images.google.com/imgres?imgurl=http://www.kinneryandrajan.com/wp-content/uploads/2009/03/trek.jpg&imgrefurl=http://www.kinneryandrajan.com/%3Fp%3D11&usg=__hhceH_tA7i4bBIH8yrpUEoUt8BM=&h=332&w=500&sz=145&hl=es&start=17&um=1&tbnid=7FSg9mKTF9Y45M:&tbnh=86&tbnw=130&prev=/images%3Fq%3Dtrek%2Bold%2Bbikes%26hl%3Des%26rls%3Dcom.microsoft:es-pe:IE-SearchBox%26rlz%3D1I7ADBS%26sa%3DN%26um%3D1" "Mozilla/4.0 (compatible; MSIE 8.0; Windows NT 5.1; Trident/4.0; Mozilla/4.0 (compatible; MSIE 6.0; Windows NT 5.1; SV1) ; .NET CLR 1.1.4322; .NET CLR 2.0.50727; OfficeLiveConnector.1.3; OfficeLivePatch.0.0; msn OptimizedIE8;ESXL)"
190.42.194.138 - - [18/May/2009:20:05:44 -0700] "GET www.kinneryandrajan.com/wp-content/themes/inove/style.css HTTP/1.1" 200 19374 "http://www.kinneryandrajan.com/?p=11" "Mozilla/4.0 (compatible; MSIE 8.0; Windows NT 5.1; Trident/4.0; Mozilla/4.0 (compatible; MSIE 6.0; Windows NT 5.1; SV1) ; .NET CLR 1.1.4322; .NET CLR 2.0.50727; OfficeLiveConnector.1.3; OfficeLivePatch.0.0; msn OptimizedIE8;ESXL)"
190.42.194.138 - - [18/May/2009:20:05:44 -0700] "GET www.kinneryandrajan.com/wp-content/themes/inove/js/util.js HTTP/1.1" 200 2128 "http://www.kinneryandrajan.com/?p=11" "Mozilla/4.0 (compatible; MSIE 8.0; Windows NT 5.1; Trident/4.0; Mozilla/4.0 (compatible; MSIE 6.0; Windows NT 5.1; SV1) ; .NET CLR 1.1.4322; .NET CLR 2.0.50727; OfficeLiveConnector.1.3; OfficeLivePatch.0.0; msn OptimizedIE8;ESXL)"
190.42.194.138 - - [18/May/2009:20:05:44 -0700] "GET www.kinneryandrajan.com/wp-content/themes/inove/js/comment.js HTTP/1.1" 200 2255 "http://www.kinneryandrajan.com/?p=11" "Mozilla/4.0 (compatible; MSIE 8.0; Windows NT 5.1; Trident/4.0; Mozilla/4.0 (compatible; MSIE 6.0; Windows NT 5.1; SV1) ; .NET CLR 1.1.4322; .NET CLR 2.0.50727; OfficeLiveConnector.1.3; OfficeLivePatch.0.0; msn OptimizedIE8;ESXL)"
190.42.194.138 - - [18/May/2009:20:05:44 -0700] "GET www.kinneryandrajan.com/wp-content/plugins/wp-recaptcha/recaptcha.css HTTP/1.1" 200 1739 "http://www.kinneryandrajan.com/?p=11" "Mozilla/4.0 (compatible; MSIE 8.0; Windows NT 5.1; Trident/4.0; Mozilla/4.0 (compatible; MSIE 6.0; Windows NT 5.1; SV1) ; .NET CLR 1.1.4322; .NET CLR 2.0.50727; OfficeLiveConnector.1.3; OfficeLivePatch.0.0; msn OptimizedIE8;ESXL)"
190.42.194.138 - - [18/May/2009:20:05:45 -0700] "GET www.kinneryandrajan.com/wp-content/themes/inove/js/menu.js HTTP/1.1" 200 5886 "http://www.kinneryandrajan.com/?p=11" "Mozilla/4.0 (compatible; MSIE 8.0; Windows NT 5.1; Trident/4.0; Mozilla/4.0 (compatible; MSIE 6.0; Windows NT 5.1; SV1) ; .NET CLR 1.1.4322; .NET CLR 2.0.50727; OfficeLiveConnector.1.3; OfficeLivePatch.0.0; msn OptimizedIE8;ESXL)"
190.42.194.138 - - [18/May/2009:20:05:45 -0700] "GET www.kinneryandrajan.com/wp-content/themes/inove/img/bg.jpg HTTP/1.1" 200 1769 "http://www.kinneryandrajan.com/?p=11" "Mozilla/4.0 (compatible; MSIE 8.0; Windows NT 5.1; Trident/4.0; Mozilla/4.0 (compatible; MSIE 6.0; Windows NT 5.1; SV1) ; .NET CLR 1.1.4322; .NET CLR 2.0.50727; OfficeLiveConnector.1.3; OfficeLivePatch.0.0; msn OptimizedIE8;ESXL)"
190.42.194.138 - - [18/May/2009:20:05:45 -0700] "GET www.kinneryandrajan.com/wp-content/themes/inove/img/sidesep.gif HTTP/1.1" 200 102 "http://www.kinneryandrajan.com/?p=11" "Mozilla/4.0 (compatible; MSIE 8.0; Windows NT 5.1; Trident/4.0; Mozilla/4.0 (compatible; MSIE 6.0; Windows NT 5.1; SV1) ; .NET CLR 1.1.4322; .NET CLR 2.0.50727; OfficeLiveConnector.1.3; OfficeLivePatch.0.0; msn OptimizedIE8;ESXL)"
