66.249.70.102 - - [14/May/2009:18:01:36 -0700] "GET www.twibuzz.com/cgi/search.py?query=steve-o HTTP/1.1" 200 48750 "-" "Mozilla/5.0 (compatible; Googlebot/2.1; +http://www.google.com/bot.html)"
194.8.74.220 - - [14/May/2009:18:29:02 -0700] "GET www.kinneryandrajan.com/?page_id=2 HTTP/1.0" 200 14125 "http://www.kinneryandrajan.com/?page_id=2" "Mozilla/4.0 (compatible; MSIE 6.0; Windows NT 5.1; ru) Opera 8.50"
194.8.74.220 - - [14/May/2009:18:29:05 -0700] "POST www.kinneryandrajan.com/wp-comments-post.php HTTP/1.0" 302 0 "http://www.kinneryandrajan.com/?page_id=2" "Mozilla/4.0 (compatible; MSIE 6.0; Windows NT 5.1; ru) Opera 8.50"
194.8.75.163 - - [14/May/2009:18:34:33 -0700] "GET www.kinneryandrajan.com/?page_id=2 HTTP/1.0" 200 14125 "http://www.kinneryandrajan.com/?page_id=2" "Mozilla/1.22 (compatible; MSIE 2.0; Windows 95)"
194.8.75.163 - - [14/May/2009:18:34:35 -0700] "POST www.kinneryandrajan.com/wp-comments-post.php HTTP/1.0" 302 0 "http://www.kinneryandrajan.com/?page_id=2" "Mozilla/1.22 (compatible; MSIE 2.0; Windows 95)"
201.6.229.96 - - [14/May/2009:18:45:40 -0700] "GET www.twibuzz.com/cgi/search.py HTTP/1.1" 200 156360 "-" "Mozilla/5.0 (Windows; U; Windows NT 5.1; en-US) AppleWebKit/525.19 (KHTML, like Gecko) Chrome/1.0.154.65 Safari/525.19"
201.6.229.96 - - [14/May/2009:18:45:40 -0700] "GET www.twibuzz.com/style.css HTTP/1.1" 200 639 "http://www.twibuzz.com/cgi/search.py" "Mozilla/5.0 (Windows; U; Windows NT 5.1; en-US) AppleWebKit/525.19 (KHTML, like Gecko) Chrome/1.0.154.65 Safari/525.19"
201.6.229.96 - - [14/May/2009:18:45:40 -0700] "GET www.twibuzz.com/logo.png HTTP/1.1" 200 5410 "http://www.twibuzz.com/cgi/search.py" "Mozilla/5.0 (Windows; U; Windows NT 5.1; en-US) AppleWebKit/525.19 (KHTML, like Gecko) Chrome/1.0.154.65 Safari/525.19"
201.6.229.96 - - [14/May/2009:18:45:43 -0700] "GET www.twibuzz.com/cgi/tweets.py?q=apple HTTP/1.1" 200 7635 "http://www.twibuzz.com/cgi/search.py" "Mozilla/5.0 (Windows; U; Windows NT 5.1; en-US) AppleWebKit/525.19 (KHTML, like Gecko) Chrome/1.0.154.65 Safari/525.19"
201.6.229.96 - - [14/May/2009:18:45:50 -0700] "GET www.twibuzz.com/cgi/search.py?query=madonna HTTP/1.1" 200 2096 "http://www.twibuzz.com/cgi/search.py" "Mozilla/5.0 (Windows; U; Windows NT 5.1; en-US) AppleWebKit/525.19 (KHTML, like Gecko) Chrome/1.0.154.65 Safari/525.19"
201.6.229.96 - - [14/May/2009:18:46:02 -0700] "GET www.twibuzz.com/cgi/search.py?query=Kabbalah HTTP/1.1" 200 7067 "http://www.twibuzz.com/cgi/search.py?query=madonna" "Mozilla/5.0 (Windows; U; Windows NT 5.1; en-US) AppleWebKit/525.19 (KHTML, like Gecko) Chrome/1.0.154.65 Safari/525.19"
201.6.229.96 - - [14/May/2009:18:46:04 -0700] "GET www.twibuzz.com/cgi/tweets.py?q=Kabbalah HTTP/1.1" 200 7214 "http://www.twibuzz.com/cgi/search.py?query=Kabbalah" "Mozilla/5.0 (Windows; U; Windows NT 5.1; en-US) AppleWebKit/525.19 (KHTML, like Gecko) Chrome/1.0.154.65 Safari/525.19"
201.6.229.96 - - [14/May/2009:18:46:23 -0700] "GET www.twibuzz.com/cgi/tweets.py?q=Kabbalah&since=2009-05-14&until=2009-05-14 HTTP/1.1" 200 7567 "http://www.twibuzz.com/cgi/search.py?query=Kabbalah" "Mozilla/5.0 (Windows; U; Windows NT 5.1; en-US) AppleWebKit/525.19 (KHTML, like Gecko) Chrome/1.0.154.65 Safari/525.19"
201.6.229.96 - - [14/May/2009:18:46:51 -0700] "GET www.twibuzz.com/cgi/tweets.py?q=apple HTTP/1.1" 200 7734 "http://www.twibuzz.com/cgi/search.py" "Mozilla/5.0 (Windows; U; Windows NT 5.1; en-US) AppleWebKit/525.19 (KHTML, like Gecko) Chrome/1.0.154.65 Safari/525.19"
201.6.229.96 - - [14/May/2009:18:46:59 -0700] "GET www.twibuzz.com/cgi/search.py?query=%23Madonna HTTP/1.1" 200 6590 "http://www.twibuzz.com/cgi/search.py" "Mozilla/5.0 (Windows; U; Windows NT 5.1; en-US) AppleWebKit/525.19 (KHTML, like Gecko) Chrome/1.0.154.65 Safari/525.19"
201.6.229.96 - - [14/May/2009:18:47:02 -0700] "GET www.twibuzz.com/cgi/tweets.py?q=%23Madonna HTTP/1.1" 200 2863 "http://www.twibuzz.com/cgi/search.py?query=%23Madonna" "Mozilla/5.0 (Windows; U; Windows NT 5.1; en-US) AppleWebKit/525.19 (KHTML, like Gecko) Chrome/1.0.154.65 Safari/525.19"
201.6.229.96 - - [14/May/2009:18:47:23 -0700] "GET www.twibuzz.com/cgi/tweets.py?q=apple HTTP/1.1" 200 7196 "http://www.twibuzz.com/cgi/search.py" "Mozilla/5.0 (Windows; U; Windows NT 5.1; en-US) AppleWebKit/525.19 (KHTML, like Gecko) Chrome/1.0.154.65 Safari/525.19"
74.6.22.103 - - [14/May/2009:19:01:00 -0700] "GET www.twibuzz.com/style.css HTTP/1.0" 304 - "http://www.twibuzz.com/" "Mozilla/5.0 (compatible; Yahoo! Slurp/3.0; http://help.yahoo.com/help/us/ysearch/slurp)"
74.6.22.103 - - [14/May/2009:19:01:00 -0700] "GET www.twibuzz.com/ HTTP/1.0" 200 124374 "-" "Mozilla/5.0 (compatible; Yahoo! Slurp/3.0; http://help.yahoo.com/help/us/ysearch/slurp)"
74.6.22.103 - - [14/May/2009:19:02:39 -0700] "GET www.twibuzz.com/cgi/search.py?query=bones HTTP/1.0" 200 6757 "-" "Mozilla/5.0 (compatible; Yahoo! Slurp/3.0; http://help.yahoo.com/help/us/ysearch/slurp)"
74.6.22.103 - - [14/May/2009:19:02:41 -0700] "GET www.twibuzz.com/cgi/tweets.py?q=bones HTTP/1.0" 200 7107 "http://www.twibuzz.com/cgi/search.py?query=bones" "Mozilla/5.0 (compatible; Yahoo! Slurp/3.0; http://help.yahoo.com/help/us/ysearch/slurp)"
74.6.22.103 - - [14/May/2009:19:04:44 -0700] "GET www.twibuzz.com/cgi/search.py?query=%23theoffice HTTP/1.0" 200 7344 "-" "Mozilla/5.0 (compatible; Yahoo! Slurp/3.0; http://help.yahoo.com/help/us/ysearch/slurp)"
74.6.22.103 - - [14/May/2009:19:04:46 -0700] "GET www.twibuzz.com/cgi/tweets.py?q=%23theoffice HTTP/1.0" 200 7097 "http://www.twibuzz.com/cgi/search.py?query=%23theoffice" "Mozilla/5.0 (compatible; Yahoo! Slurp/3.0; http://help.yahoo.com/help/us/ysearch/slurp)"
194.8.75.149 - - [14/May/2009:19:10:15 -0700] "GET www.kinneryandrajan.com/?page_id=2 HTTP/1.0" 200 11036 "http://www.kinneryandrajan.com/?page_id=2" "Mozilla/4.0 (compatible; MSIE 6.0; Windows NT 5.1; ru) Opera 8.50"
194.8.75.149 - - [14/May/2009:19:10:21 -0700] "POST www.kinneryandrajan.com/wp-comments-post.php HTTP/1.0" 302 0 "http://www.kinneryandrajan.com/?page_id=2" "Mozilla/4.0 (compatible; MSIE 6.0; Windows NT 5.1; ru) Opera 8.50"
74.6.22.103 - - [14/May/2009:19:13:06 -0700] "GET www.twibuzz.com/cgi/search.py?query=celtics HTTP/1.0" 200 102039 "-" "Mozilla/5.0 (compatible; Yahoo! Slurp/3.0; http://help.yahoo.com/help/us/ysearch/slurp)"
74.6.22.103 - - [14/May/2009:19:13:13 -0700] "GET www.twibuzz.com/cgi/tweets.py?q=celtics HTTP/1.0" 200 6801 "http://www.twibuzz.com/cgi/search.py?query=celtics" "Mozilla/5.0 (compatible; Yahoo! Slurp/3.0; http://help.yahoo.com/help/us/ysearch/slurp)"
72.30.142.90 - - [14/May/2009:19:21:30 -0700] "GET www.kinneryandrajan.com/robots.txt HTTP/1.0" 404 - "-" "Mozilla/5.0 (compatible; Yahoo! Slurp; http://help.yahoo.com/help/us/ysearch/slurp)"
72.30.142.90 - - [14/May/2009:19:21:35 -0700] "GET www.kinneryandrajan.com/?p=17 HTTP/1.0" 200 14948 "-" "Mozilla/5.0 (compatible; Yahoo! Slurp/3.0; http://help.yahoo.com/help/us/ysearch/slurp)"
72.30.142.90 - - [14/May/2009:19:21:35 -0700] "GET www.kinneryandrajan.com/wp-content/themes/inove/style.css HTTP/1.0" 304 - "http://www.kinneryandrajan.com/?p=17" "Mozilla/5.0 (compatible; Yahoo! Slurp/3.0; http://help.yahoo.com/help/us/ysearch/slurp)"
72.30.142.90 - - [14/May/2009:19:21:36 -0700] "GET www.kinneryandrajan.com/wp-content/plugins/wp-recaptcha/recaptcha.css HTTP/1.0" 304 - "http://www.kinneryandrajan.com/?p=17" "Mozilla/5.0 (compatible; Yahoo! Slurp/3.0; http://help.yahoo.com/help/us/ysearch/slurp)"
68.51.189.75 - - [14/May/2009:19:40:06 -0700] "GET www.twibuzz.com/ HTTP/1.1" 200 115019 "http://twitter.pbworks.com/Apps" "Mozilla/5.0 (Macintosh; U; Intel Mac OS X 10_5_6; en-us) AppleWebKit/528.16 (KHTML, like Gecko) Version/4.0 Safari/528.16"
68.51.189.75 - - [14/May/2009:19:40:07 -0700] "GET www.twibuzz.com/style.css HTTP/1.1" 200 639 "http://www.twibuzz.com/" "Mozilla/5.0 (Macintosh; U; Intel Mac OS X 10_5_6; en-us) AppleWebKit/528.16 (KHTML, like Gecko) Version/4.0 Safari/528.16"
68.51.189.75 - - [14/May/2009:19:40:07 -0700] "GET www.twibuzz.com/logo.png HTTP/1.1" 200 5410 "http://www.twibuzz.com/" "Mozilla/5.0 (Macintosh; U; Intel Mac OS X 10_5_6; en-us) AppleWebKit/528.16 (KHTML, like Gecko) Version/4.0 Safari/528.16"
68.51.189.75 - - [14/May/2009:19:40:07 -0700] "GET www.twibuzz.com/favicon.ico HTTP/1.1" 404 - "http://www.twibuzz.com/" "Mozilla/5.0 (Macintosh; U; Intel Mac OS X 10_5_6; en-us) AppleWebKit/528.16 (KHTML, like Gecko) Version/4.0 Safari/528.16"
68.51.189.75 - - [14/May/2009:19:41:17 -0700] "GET www.twibuzz.com/cgi/search.py?query=mattmc HTTP/1.1" 200 2092 "http://www.twibuzz.com/" "Mozilla/5.0 (Macintosh; U; Intel Mac OS X 10_5_6; en-us) AppleWebKit/528.16 (KHTML, like Gecko) Version/4.0 Safari/528.16"
124.43.51.230 - - [14/May/2009:20:11:32 -0700] "GET www.twibuzz.com/style.css HTTP/1.1" 200 639 "http://www.twibuzz.com/" "Mozilla/5.0 (X11; U; Linux x86_64; en-US; rv:1.9.0.10) Gecko/2009042523 Ubuntu/8.10 (intrepid) Firefox/3.0.10"
124.43.51.230 - - [14/May/2009:20:11:33 -0700] "GET www.twibuzz.com/logo.png HTTP/1.1" 200 5410 "http://www.twibuzz.com/" "Mozilla/5.0 (X11; U; Linux x86_64; en-US; rv:1.9.0.10) Gecko/2009042523 Ubuntu/8.10 (intrepid) Firefox/3.0.10"
124.43.51.230 - - [14/May/2009:20:11:33 -0700] "GET www.twibuzz.com/ HTTP/1.1" 200 124849 "http://twitter.pbworks.com/WebApps" "Mozilla/5.0 (X11; U; Linux x86_64; en-US; rv:1.9.0.10) Gecko/2009042523 Ubuntu/8.10 (intrepid) Firefox/3.0.10"
124.43.51.230 - - [14/May/2009:20:11:38 -0700] "GET www.twibuzz.com/favicon.ico HTTP/1.1" 404 - "-" "Mozilla/5.0 (X11; U; Linux x86_64; en-US; rv:1.9.0.10) Gecko/2009042523 Ubuntu/8.10 (intrepid) Firefox/3.0.10"
124.43.51.230 - - [14/May/2009:20:11:41 -0700] "GET www.twibuzz.com/favicon.ico HTTP/1.1" 404 - "-" "Mozilla/5.0 (X11; U; Linux x86_64; en-US; rv:1.9.0.10) Gecko/2009042523 Ubuntu/8.10 (intrepid) Firefox/3.0.10"
124.43.51.230 - - [14/May/2009:20:11:42 -0700] "GET www.twibuzz.com/cgi/search.py?query=sri+lanka HTTP/1.1" 200 2104 "http://www.twibuzz.com/" "Mozilla/5.0 (X11; U; Linux x86_64; en-US; rv:1.9.0.10) Gecko/2009042523 Ubuntu/8.10 (intrepid) Firefox/3.0.10"
124.43.51.230 - - [14/May/2009:20:11:55 -0700] "POST www.twibuzz.com/cgi/search.py HTTP/1.1" 200 1359 "http://www.twibuzz.com/cgi/search.py?query=sri+lanka" "Mozilla/5.0 (X11; U; Linux x86_64; en-US; rv:1.9.0.10) Gecko/2009042523 Ubuntu/8.10 (intrepid) Firefox/3.0.10"
124.43.51.230 - - [14/May/2009:20:12:41 -0700] "GET www.twibuzz.com/cgi/search.py?query=sri+lanka HTTP/1.1" 200 1399 "http://www.twibuzz.com/cgi/search.py" "Mozilla/5.0 (X11; U; Linux x86_64; en-US; rv:1.9.0.10) Gecko/2009042523 Ubuntu/8.10 (intrepid) Firefox/3.0.10"
124.43.51.230 - - [14/May/2009:20:13:50 -0700] "GET www.twibuzz.com/cgi/search.py?query=sri+lanka HTTP/1.1" 200 1399 "http://www.twibuzz.com/cgi/search.py?query=sri+lanka" "Mozilla/5.0 (X11; U; Linux x86_64; en-US; rv:1.9.0.10) Gecko/2009042523 Ubuntu/8.10 (intrepid) Firefox/3.0.10"
66.249.70.102 - - [14/May/2009:20:21:52 -0700] "GET www.twibuzz.com/cgi/search.py?query=church HTTP/1.1" 200 85374 "-" "Mozilla/5.0 (compatible; Googlebot/2.1; +http://www.google.com/bot.html)"
74.6.22.103 - - [14/May/2009:20:25:29 -0700] "GET www.twibuzz.com/robots.txt HTTP/1.0" 404 - "-" "Mozilla/5.0 (compatible; Yahoo! Slurp; http://help.yahoo.com/help/us/ysearch/slurp)"
74.6.22.103 - - [14/May/2009:20:25:33 -0700] "GET www.twibuzz.com/cgi/search.py?query=obama HTTP/1.0" 200 146379 "-" "Mozilla/5.0 (compatible; Yahoo! Slurp/3.0; http://help.yahoo.com/help/us/ysearch/slurp)"
74.6.22.103 - - [14/May/2009:20:25:37 -0700] "GET www.twibuzz.com/cgi/tweets.py?q=obama HTTP/1.0" 200 7678 "http://www.twibuzz.com/cgi/search.py?query=obama" "Mozilla/5.0 (compatible; Yahoo! Slurp/3.0; http://help.yahoo.com/help/us/ysearch/slurp)"
124.43.41.194 - - [14/May/2009:20:28:40 -0700] "GET www.twibuzz.com/cgi/search.py?query=sri+lanka HTTP/1.1" 200 6521 "http://www.twibuzz.com/cgi/search.py" "Mozilla/5.0 (X11; U; Linux x86_64; en-US; rv:1.9.0.10) Gecko/2009042523 Ubuntu/8.10 (intrepid) Firefox/3.0.10"
124.43.41.194 - - [14/May/2009:20:28:44 -0700] "GET www.twibuzz.com/cgi/tweets.py?q=sri%20lanka HTTP/1.1" 200 6278 "http://www.twibuzz.com/cgi/search.py?query=sri+lanka" "Mozilla/5.0 (X11; U; Linux x86_64; en-US; rv:1.9.0.10) Gecko/2009042523 Ubuntu/8.10 (intrepid) Firefox/3.0.10"
124.43.41.194 - - [14/May/2009:20:36:47 -0700] "GET www.twibuzz.com/cgi/search.py?query=sri+lanka HTTP/1.1" 200 6511 "http://www.twibuzz.com/cgi/search.py?query=sri+lanka" "Mozilla/5.0 (X11; U; Linux x86_64; en-US; rv:1.9.0.10) Gecko/2009042523 Ubuntu/8.10 (intrepid) Firefox/3.0.10"
124.43.41.194 - - [14/May/2009:20:36:51 -0700] "GET www.twibuzz.com/cgi/tweets.py?q=sri%20lanka HTTP/1.1" 200 6658 "http://www.twibuzz.com/cgi/search.py?query=sri+lanka" "Mozilla/5.0 (X11; U; Linux x86_64; en-US; rv:1.9.0.10) Gecko/2009042523 Ubuntu/8.10 (intrepid) Firefox/3.0.10"
74.6.22.103 - - [14/May/2009:20:38:49 -0700] "GET www.twibuzz.com/cgi/search.py?query=%23redwings HTTP/1.0" 200 33498 "-" "Mozilla/5.0 (compatible; Yahoo! Slurp/3.0; http://help.yahoo.com/help/us/ysearch/slurp)"
74.6.22.103 - - [14/May/2009:20:38:51 -0700] "GET www.twibuzz.com/cgi/tweets.py?q=%23redwings HTTP/1.0" 200 8083 "http://www.twibuzz.com/cgi/search.py?query=%23redwings" "Mozilla/5.0 (compatible; Yahoo! Slurp/3.0; http://help.yahoo.com/help/us/ysearch/slurp)"
194.8.74.220 - - [14/May/2009:20:56:03 -0700] "GET www.kinneryandrajan.com/?page_id=2 HTTP/1.0" 200 14125 "http://www.kinneryandrajan.com/?page_id=2" "Mozilla/4.0 (compatible; MSIE 6.0; Windows NT 5.0; T312461)"
194.8.74.220 - - [14/May/2009:20:56:05 -0700] "POST www.kinneryandrajan.com/wp-comments-post.php HTTP/1.0" 302 0 "http://www.kinneryandrajan.com/?page_id=2" "Mozilla/4.0 (compatible; MSIE 6.0; Windows NT 5.0; T312461)"
74.6.22.103 - - [14/May/2009:20:56:43 -0700] "GET www.twibuzz.com/cgi/search.py?query=drunk HTTP/1.0" 200 34575 "-" "Mozilla/5.0 (compatible; Yahoo! Slurp/3.0; http://help.yahoo.com/help/us/ysearch/slurp)"
74.6.22.103 - - [14/May/2009:20:56:44 -0700] "GET www.twibuzz.com/cgi/tweets.py?q=drunk HTTP/1.0" 200 7453 "http://www.twibuzz.com/cgi/search.py?query=drunk" "Mozilla/5.0 (compatible; Yahoo! Slurp/3.0; http://help.yahoo.com/help/us/ysearch/slurp)"
66.249.70.102 - - [14/May/2009:21:00:12 -0700] "GET www.twibuzz.com/cgi/search.py?query=bank+holiday HTTP/1.1" 200 65589 "-" "Mozilla/5.0 (compatible; Googlebot/2.1; +http://www.google.com/bot.html)"
194.8.75.163 - - [14/May/2009:21:00:36 -0700] "GET www.kinneryandrajan.com/?page_id=2 HTTP/1.0" 200 14125 "http://www.kinneryandrajan.com/?page_id=2" "Opera/7.54 (Windows NT 5.1; U)  [pl]"
194.8.75.163 - - [14/May/2009:21:00:39 -0700] "POST www.kinneryandrajan.com/wp-comments-post.php HTTP/1.0" 302 0 "http://www.kinneryandrajan.com/?page_id=2" "Opera/7.54 (Windows NT 5.1; U)  [pl]"
76.245.47.145 - - [14/May/2009:21:04:10 -0700] "GET www.recipewithme.com/recipes/recipes/view/cooking-mushu-chicken HTTP/1.1" 404 1703 "-" "Mozilla/5.0 (Macintosh; U; Intel Mac OS X 10_5_5; en-us) AppleWebKit/525.18.1 (KHTML, like Gecko) Version/3.1.2 Safari/525.20.1"
76.245.47.145 - - [14/May/2009:21:04:10 -0700] "GET www.recipewithme.com/favicon.ico HTTP/1.1" 200 0 "http://www.recipewithme.com/recipes/recipes/view/cooking-mushu-chicken" "Mozilla/5.0 (Macintosh; U; Intel Mac OS X 10_5_5; en-us) AppleWebKit/525.18.1 (KHTML, like Gecko) Version/3.1.2 Safari/525.20.1"
98.229.117.112 - - [14/May/2009:21:07:01 -0700] "GET www.kinneryandrajan.com/wp-content/uploads/2009/03/trek.jpg HTTP/1.1" 200 147712 "http://images.google.com/imgres?imgurl=http://www.kinneryandrajan.com/wp-content/uploads/2009/03/trek.jpg&imgrefurl=http://www.kinneryandrajan.com/%3Fp%3D11&usg=__hhceH_tA7i4bBIH8yrpUEoUt8BM=&h=332&w=500&sz=145&hl=en&start=1&um=1&tbnid=7FSg9mKTF9Y45M:&tbnh=86&tbnw=130&prev=/images%3Fq%3Dold%2Btrek%2Broad%2Bbike%26hl%3Den%26client%3Dsafari%26rls%3Den-us%26sa%3DN%26um%3D1" "Mozilla/5.0 (Macintosh; U; Intel Mac OS X 10_5_6; en-us) AppleWebKit/525.26.2 (KHTML, like Gecko) Version/3.2 Safari/525.26.12"
98.229.117.112 - - [14/May/2009:21:07:01 -0700] "GET www.kinneryandrajan.com/favicon.ico HTTP/1.1" 404 - "http://www.kinneryandrajan.com/wp-content/uploads/2009/03/trek.jpg" "Mozilla/5.0 (Macintosh; U; Intel Mac OS X 10_5_6; en-us) AppleWebKit/525.26.2 (KHTML, like Gecko) Version/3.2 Safari/525.26.12"
98.229.117.112 - - [14/May/2009:21:07:02 -0700] "GET www.kinneryandrajan.com/?p=11 HTTP/1.1" 200 2377 "http://images.google.com/imgres?imgurl=http://www.kinneryandrajan.com/wp-content/uploads/2009/03/trek.jpg&imgrefurl=http://www.kinneryandrajan.com/%3Fp%3D11&usg=__hhceH_tA7i4bBIH8yrpUEoUt8BM=&h=332&w=500&sz=145&hl=en&start=1&um=1&tbnid=7FSg9mKTF9Y45M:&tbnh=86&tbnw=130&prev=/images%3Fq%3Dold%2Btrek%2Broad%2Bbike%26hl%3Den%26client%3Dsafari%26rls%3Den-us%26sa%3DN%26um%3D1" "Mozilla/5.0 (Macintosh; U; Intel Mac OS X 10_5_6; en-us) AppleWebKit/525.26.2 (KHTML, like Gecko) Version/3.2 Safari/525.26.12"
98.229.117.112 - - [14/May/2009:21:07:05 -0700] "GET www.kinneryandrajan.com/?p=11 HTTP/1.1" 200 3403 "http://images.google.com/imgres?imgurl=http://www.kinneryandrajan.com/wp-content/uploads/2009/03/trek.jpg&imgrefurl=http://www.kinneryandrajan.com/%3Fp%3D11&usg=__hhceH_tA7i4bBIH8yrpUEoUt8BM=&h=332&w=500&sz=145&hl=en&start=1&um=1&tbnid=7FSg9mKTF9Y45M:&tbnh=86&tbnw=130&prev=/images%3Fq%3Dold%2Btrek%2Broad%2Bbike%26hl%3Den%26client%3Dsafari%26rls%3Den-us%26sa%3DN%26um%3D1" "Mozilla/5.0 (Macintosh; U; Intel Mac OS X 10_5_6; en-us) AppleWebKit/525.26.2 (KHTML, like Gecko) Version/3.2 Safari/525.26.12"
66.249.70.102 - - [14/May/2009:21:15:18 -0700] "GET www.twibuzz.com/ HTTP/1.1" 200 125182 "-" "SAMSUNG-SGH-E250/1.0 Profile/MIDP-2.0 Configuration/CLDC-1.1 UP.Browser/6.2.3.3.c.1.101 (GUI) MMP/2.0 (compatible; Googlebot-Mobile/2.1; +http://www.google.com/bot.html)"
66.249.70.102 - - [14/May/2009:21:15:28 -0700] "GET www.kinneryandrajan.com/ HTTP/1.1" 200 21318 "-" "SAMSUNG-SGH-E250/1.0 Profile/MIDP-2.0 Configuration/CLDC-1.1 UP.Browser/6.2.3.3.c.1.101 (GUI) MMP/2.0 (compatible; Googlebot-Mobile/2.1; +http://www.google.com/bot.html)"
74.6.22.103 - - [14/May/2009:21:20:33 -0700] "GET www.twibuzz.com/cgi/search.py?query=chrysler HTTP/1.0" 200 105567 "-" "Mozilla/5.0 (compatible; Yahoo! Slurp/3.0; http://help.yahoo.com/help/us/ysearch/slurp)"
74.6.22.103 - - [14/May/2009:21:20:36 -0700] "GET www.twibuzz.com/style.css HTTP/1.0" 304 - "http://www.twibuzz.com/cgi/search.py?query=chrysler" "Mozilla/5.0 (compatible; Yahoo! Slurp/3.0; http://help.yahoo.com/help/us/ysearch/slurp)"
74.6.22.103 - - [14/May/2009:21:20:42 -0700] "GET www.twibuzz.com/cgi/tweets.py?q=chrysler HTTP/1.0" 200 7890 "http://www.twibuzz.com/cgi/search.py?query=chrysler" "Mozilla/5.0 (compatible; Yahoo! Slurp/3.0; http://help.yahoo.com/help/us/ysearch/slurp)"
74.6.22.103 - - [14/May/2009:21:21:49 -0700] "GET www.twibuzz.com/cgi/search.py?query=miami HTTP/1.0" 200 82159 "-" "Mozilla/5.0 (compatible; Yahoo! Slurp/3.0; http://help.yahoo.com/help/us/ysearch/slurp)"
74.6.22.103 - - [14/May/2009:21:21:53 -0700] "GET www.twibuzz.com/cgi/tweets.py?q=miami HTTP/1.0" 200 7990 "http://www.twibuzz.com/cgi/search.py?query=miami" "Mozilla/5.0 (compatible; Yahoo! Slurp/3.0; http://help.yahoo.com/help/us/ysearch/slurp)"
66.249.70.102 - - [14/May/2009:21:35:37 -0700] "GET www.twibuzz.com/cgi/search.py?query=make+money HTTP/1.1" 200 81611 "-" "Mozilla/5.0 (compatible; Googlebot/2.1; +http://www.google.com/bot.html)"
194.8.75.149 - - [14/May/2009:21:36:09 -0700] "GET www.kinneryandrajan.com/?page_id=2 HTTP/1.0" 200 14125 "http://www.kinneryandrajan.com/?page_id=2" "Mozilla/4.0 (compatible; MSIE 6.0; Update a; AOL 6.0; Windows 98)"
194.8.75.149 - - [14/May/2009:21:36:12 -0700] "POST www.kinneryandrajan.com/wp-comments-post.php HTTP/1.0" 302 0 "http://www.kinneryandrajan.com/?page_id=2" "Mozilla/4.0 (compatible; MSIE 6.0; Update a; AOL 6.0; Windows 98)"
66.249.70.102 - - [14/May/2009:21:48:31 -0700] "GET www.twibuzz.com/cgi/search.py?query=goodnight HTTP/1.1" 200 119819 "-" "Mozilla/5.0 (compatible; Googlebot/2.1; +http://www.google.com/bot.html)"
66.249.70.102 - - [14/May/2009:21:48:39 -0700] "GET www.twibuzz.com/cgi/search.py?query=happy+star+wars+day HTTP/1.1" 200 27392 "-" "Mozilla/5.0 (compatible; Googlebot/2.1; +http://www.google.com/bot.html)"
66.249.70.102 - - [14/May/2009:21:52:57 -0700] "GET www.twibuzz.com/cgi/search.py?query=%23musicmonday HTTP/1.1" 200 44433 "-" "Mozilla/5.0 (compatible; Googlebot/2.1; +http://www.google.com/bot.html)"
216.129.119.44 - - [14/May/2009:21:56:34 -0700] "GET www.kinneryandrajan.com/ HTTP/1.0" 200 20109 "-" "Mozilla/5.0 (Twiceler-0.9 http://www.cuil.com/twiceler/robot.html)"
66.249.70.102 - - [14/May/2009:22:02:39 -0700] "GET www.twibuzz.com/cgi/search.py?query=amsterdam HTTP/1.1" 200 106128 "-" "Mozilla/5.0 (compatible; Googlebot/2.1; +http://www.google.com/bot.html)"
66.249.70.102 - - [14/May/2009:22:04:59 -0700] "GET www.twibuzz.com/cgi/search.py?query=houston HTTP/1.1" 200 127581 "-" "Mozilla/5.0 (compatible; Googlebot/2.1; +http://www.google.com/bot.html)"
74.6.22.103 - - [14/May/2009:22:05:10 -0700] "GET www.twibuzz.com/cgi/search.py?query=souljaboytellem HTTP/1.0" 200 37441 "-" "Mozilla/5.0 (compatible; Yahoo! Slurp/3.0; http://help.yahoo.com/help/us/ysearch/slurp)"
74.6.22.103 - - [14/May/2009:22:05:11 -0700] "GET www.twibuzz.com/cgi/tweets.py?q=souljaboytellem HTTP/1.0" 200 7671 "http://www.twibuzz.com/cgi/search.py?query=souljaboytellem" "Mozilla/5.0 (compatible; Yahoo! Slurp/3.0; http://help.yahoo.com/help/us/ysearch/slurp)"
74.6.22.103 - - [14/May/2009:22:39:53 -0700] "GET www.twibuzz.com/cgi/search.py?query=dollhouse HTTP/1.0" 200 91543 "-" "Mozilla/5.0 (compatible; Yahoo! Slurp/3.0; http://help.yahoo.com/help/us/ysearch/slurp)"
74.6.22.103 - - [14/May/2009:22:41:04 -0700] "GET www.twibuzz.com/cgi/tweets.py?q=dollhouse HTTP/1.0" 200 7746 "http://www.twibuzz.com/cgi/search.py?query=dollhouse" "Mozilla/5.0 (compatible; Yahoo! Slurp/3.0; http://help.yahoo.com/help/us/ysearch/slurp)"
66.249.70.102 - - [14/May/2009:22:41:17 -0700] "GET www.twibuzz.com/cgi/search.py?query=retweet HTTP/1.1" 200 125343 "-" "Mozilla/5.0 (compatible; Googlebot/2.1; +http://www.google.com/bot.html)"
66.249.70.102 - - [14/May/2009:22:44:51 -0700] "GET www.twibuzz.com/cgi/search.py?query=oprah HTTP/1.1" 200 112054 "-" "Mozilla/5.0 (compatible; Googlebot/2.1; +http://www.google.com/bot.html)"
66.249.70.102 - - [14/May/2009:22:50:55 -0700] "GET www.twibuzz.com/cgi/search.py?query=%23woofwednesday HTTP/1.1" 200 32857 "-" "Mozilla/5.0 (compatible; Googlebot/2.1; +http://www.google.com/bot.html)"
66.249.70.102 - - [14/May/2009:22:51:26 -0700] "GET www.twibuzz.com/cgi/search.py?query=chelsea HTTP/1.1" 200 59630 "-" "Mozilla/5.0 (compatible; Googlebot/2.1; +http://www.google.com/bot.html)"
66.249.70.102 - - [14/May/2009:22:51:45 -0700] "GET www.twibuzz.com/cgi/search.py?query=drogba HTTP/1.1" 200 45446 "-" "Mozilla/5.0 (compatible; Googlebot/2.1; +http://www.google.com/bot.html)"
209.131.41.48 - - [14/May/2009:22:53:36 -0700] "GET www.kinneryandrajan.com/?feed=rss2 HTTP/1.0" 200 14428 "-" "YahooFeedSeeker/2.0 (compatible; Mozilla 4.0; MSIE 5.5; http://publisher.yahoo.com/rssguide; users 1; views 78)"
72.167.232.193 - - [14/May/2009:22:53:36 -0700] "HEAD www.kinneryandrajan.com/wp-cron.php?check=7106ae27ea4c45ab67094da19cc97812 HTTP/1.0" 200 0 "-" "WordPress/2.7"
66.249.70.102 - - [14/May/2009:22:57:57 -0700] "GET www.twibuzz.com/cgi/search.py?query=manchester HTTP/1.1" 200 62259 "-" "Mozilla/5.0 (compatible; Googlebot/2.1; +http://www.google.com/bot.html)"
66.249.70.102 - - [14/May/2009:22:59:48 -0700] "GET www.twibuzz.com/cgi/search.py?query=antm HTTP/1.1" 200 12107 "-" "Mozilla/5.0 (compatible; Googlebot/2.1; +http://www.google.com/bot.html)"
194.8.74.220 - - [14/May/2009:23:22:04 -0700] "GET www.kinneryandrajan.com/?page_id=2 HTTP/1.0" 200 14125 "http://www.kinneryandrajan.com/?page_id=2" "Mozilla/4.0 (compatible; MSIE 6.0; Windows NT 5.1; SV1; FunWebProducts)"
194.8.74.220 - - [14/May/2009:23:22:06 -0700] "POST www.kinneryandrajan.com/wp-comments-post.php HTTP/1.0" 302 0 "http://www.kinneryandrajan.com/?page_id=2" "Mozilla/4.0 (compatible; MSIE 6.0; Windows NT 5.1; SV1; FunWebProducts)"
66.249.70.102 - - [14/May/2009:23:26:19 -0700] "GET www.twibuzz.com/robots.txt HTTP/1.1" 404 - "-" "Mozilla/5.0 (compatible; Googlebot/2.1; +http://www.google.com/bot.html)"
66.249.70.102 - - [14/May/2009:23:26:20 -0700] "GET www.twibuzz.com/cgi/search.py?query=barca HTTP/1.1" 200 50701 "-" "Mozilla/5.0 (compatible; Googlebot/2.1; +http://www.google.com/bot.html)"
194.8.75.163 - - [14/May/2009:23:26:36 -0700] "GET www.kinneryandrajan.com/?page_id=2 HTTP/1.0" 200 14125 "http://www.kinneryandrajan.com/?page_id=2" "Mozilla/4.0 (compatible; MSIE 6.0; Update a; AOL 6.0; Windows 98)"
194.8.75.163 - - [14/May/2009:23:26:37 -0700] "POST www.kinneryandrajan.com/wp-comments-post.php HTTP/1.0" 302 0 "http://www.kinneryandrajan.com/?page_id=2" "Mozilla/4.0 (compatible; MSIE 6.0; Update a; AOL 6.0; Windows 98)"
66.249.70.102 - - [14/May/2009:23:30:10 -0700] "GET www.twibuzz.com/cgi/search.py?query=bbc HTTP/1.1" 200 64794 "-" "Mozilla/5.0 (compatible; Googlebot/2.1; +http://www.google.com/bot.html)"
194.8.75.149 - - [15/May/2009:00:02:13 -0700] "GET www.kinneryandrajan.com/?page_id=2 HTTP/1.0" 200 14125 "http://www.kinneryandrajan.com/?page_id=2" "Mozilla/4.0 (compatible; MSIE 5.0; Windows 95) Opera 6.01  [en]"
194.8.75.149 - - [15/May/2009:00:02:15 -0700] "POST www.kinneryandrajan.com/wp-comments-post.php HTTP/1.0" 302 0 "http://www.kinneryandrajan.com/?page_id=2" "Mozilla/4.0 (compatible; MSIE 5.0; Windows 95) Opera 6.01  [en]"
201.6.229.96 - - [15/May/2009:00:06:27 -0700] "GET www.twibuzz.com/cgi/search.py HTTP/1.1" 200 157562 "-" "Mozilla/5.0 (Windows; U; Windows NT 5.1; en-US) AppleWebKit/525.19 (KHTML, like Gecko) Chrome/1.0.154.65 Safari/525.19"
201.6.229.96 - - [15/May/2009:00:06:28 -0700] "GET www.twibuzz.com/style.css HTTP/1.1" 200 639 "http://www.twibuzz.com/cgi/search.py" "Mozilla/5.0 (Windows; U; Windows NT 5.1; en-US) AppleWebKit/525.19 (KHTML, like Gecko) Chrome/1.0.154.65 Safari/525.19"
201.6.229.96 - - [15/May/2009:00:06:28 -0700] "GET www.twibuzz.com/logo.png HTTP/1.1" 200 5410 "http://www.twibuzz.com/cgi/search.py" "Mozilla/5.0 (Windows; U; Windows NT 5.1; en-US) AppleWebKit/525.19 (KHTML, like Gecko) Chrome/1.0.154.65 Safari/525.19"
201.6.229.96 - - [15/May/2009:00:06:31 -0700] "GET www.twibuzz.com/cgi/tweets.py?q=apple HTTP/1.1" 200 7680 "http://www.twibuzz.com/cgi/search.py" "Mozilla/5.0 (Windows; U; Windows NT 5.1; en-US) AppleWebKit/525.19 (KHTML, like Gecko) Chrome/1.0.154.65 Safari/525.19"
201.6.229.96 - - [15/May/2009:00:06:43 -0700] "GET www.twibuzz.com/cgi/search.py?query=apple%2C+microsoft HTTP/1.1" 200 224601 "http://www.twibuzz.com/cgi/search.py" "Mozilla/5.0 (Windows; U; Windows NT 5.1; en-US) AppleWebKit/525.19 (KHTML, like Gecko) Chrome/1.0.154.65 Safari/525.19"
201.6.229.96 - - [15/May/2009:00:06:46 -0700] "GET www.twibuzz.com/cgi/tweets.py?q=apple HTTP/1.1" 200 7735 "http://www.twibuzz.com/cgi/search.py?query=apple%2C+microsoft" "Mozilla/5.0 (Windows; U; Windows NT 5.1; en-US) AppleWebKit/525.19 (KHTML, like Gecko) Chrome/1.0.154.65 Safari/525.19"
201.6.229.96 - - [15/May/2009:00:07:05 -0700] "GET www.twibuzz.com/cgi/search.py?query=madonna HTTP/1.1" 200 2096 "http://www.twibuzz.com/cgi/search.py?query=apple%2C+microsoft" "Mozilla/5.0 (Windows; U; Windows NT 5.1; en-US) AppleWebKit/525.19 (KHTML, like Gecko) Chrome/1.0.154.65 Safari/525.19"
201.6.229.96 - - [15/May/2009:00:07:20 -0700] "POST www.twibuzz.com/cgi/search.py HTTP/1.1" 200 1357 "http://www.twibuzz.com/cgi/search.py?query=madonna" "Mozilla/5.0 (Windows; U; Windows NT 5.1; en-US) AppleWebKit/525.19 (KHTML, like Gecko) Chrome/1.0.154.65 Safari/525.19"
201.6.229.96 - - [15/May/2009:00:07:27 -0700] "GET www.twibuzz.com/cgi/tweets.py?q=apple HTTP/1.1" 200 7743 "http://www.twibuzz.com/cgi/search.py?query=apple%2C+microsoft" "Mozilla/5.0 (Windows; U; Windows NT 5.1; en-US) AppleWebKit/525.19 (KHTML, like Gecko) Chrome/1.0.154.65 Safari/525.19"
201.6.229.96 - - [15/May/2009:00:07:34 -0700] "GET www.twibuzz.com/cgi/tweets.py?q=apple HTTP/1.1" 200 7743 "http://www.twibuzz.com/cgi/search.py" "Mozilla/5.0 (Windows; U; Windows NT 5.1; en-US) AppleWebKit/525.19 (KHTML, like Gecko) Chrome/1.0.154.65 Safari/525.19"
201.6.229.96 - - [15/May/2009:00:07:49 -0700] "GET www.twibuzz.com/cgi/search.py?query=toonday HTTP/1.1" 200 2096 "http://www.twibuzz.com/cgi/search.py" "Mozilla/5.0 (Windows; U; Windows NT 5.1; en-US) AppleWebKit/525.19 (KHTML, like Gecko) Chrome/1.0.154.65 Safari/525.19"
201.6.229.96 - - [15/May/2009:00:08:07 -0700] "POST www.twibuzz.com/cgi/search.py HTTP/1.1" 200 1357 "http://www.twibuzz.com/cgi/search.py?query=toonday" "Mozilla/5.0 (Windows; U; Windows NT 5.1; en-US) AppleWebKit/525.19 (KHTML, like Gecko) Chrome/1.0.154.65 Safari/525.19"
67.202.41.3 - - [15/May/2009:01:33:55 -0700] "GET www.twibuzz.com/robots.txt HTTP/1.0" 404 - "-" "ia_archiver (+http://www.alexa.com/site/help/webmasters; crawler@alexa.com)"
67.202.41.3 - - [15/May/2009:01:33:56 -0700] "GET www.twibuzz.com/ HTTP/1.0" 200 125496 "-" "ia_archiver (+http://www.alexa.com/site/help/webmasters; crawler@alexa.com)"
67.202.41.3 - - [15/May/2009:01:34:03 -0700] "GET www.twibuzz.com/cgi/search.py? HTTP/1.0" 200 157594 "-" "ia_archiver (+http://www.alexa.com/site/help/webmasters; crawler@alexa.com)"
194.8.74.220 - - [15/May/2009:01:48:06 -0700] "GET www.kinneryandrajan.com/?page_id=2 HTTP/1.0" 200 11128 "http://www.kinneryandrajan.com/?page_id=2" "Mozilla/4.76 [en] (Windows NT 5.0; U)"
194.8.74.220 - - [15/May/2009:01:48:13 -0700] "POST www.kinneryandrajan.com/wp-comments-post.php HTTP/1.0" 302 0 "http://www.kinneryandrajan.com/?page_id=2" "Mozilla/4.76 [en] (Windows NT 5.0; U)"
194.8.75.163 - - [15/May/2009:01:52:35 -0700] "GET www.kinneryandrajan.com/?page_id=2 HTTP/1.0" 200 13670 "http://www.kinneryandrajan.com/?page_id=2" "Mozilla/4.0 (compatible; MSIE 6.0; Windows NT 5.2; Win64; x64; SV1; .NET CLR 2.0.50727)"
194.8.75.163 - - [15/May/2009:01:52:39 -0700] "POST www.kinneryandrajan.com/wp-comments-post.php HTTP/1.0" 302 0 "http://www.kinneryandrajan.com/?page_id=2" "Mozilla/4.0 (compatible; MSIE 6.0; Windows NT 5.2; Win64; x64; SV1; .NET CLR 2.0.50727)"
66.249.70.102 - - [15/May/2009:02:05:58 -0700] "GET www.kinneryandrajan.com/?m=200902 HTTP/1.1" 200 13375 "-" "Mozilla/5.0 (compatible; Googlebot/2.1; +http://www.google.com/bot.html)"
194.8.75.149 - - [15/May/2009:02:28:14 -0700] "GET www.kinneryandrajan.com/?page_id=2 HTTP/1.0" 200 14125 "http://www.kinneryandrajan.com/?page_id=2" "Mozilla/1.22 (compatible; MSIE 2.0d; Windows NT)"
194.8.75.149 - - [15/May/2009:02:28:17 -0700] "POST www.kinneryandrajan.com/wp-comments-post.php HTTP/1.0" 302 0 "http://www.kinneryandrajan.com/?page_id=2" "Mozilla/1.22 (compatible; MSIE 2.0d; Windows NT)"
74.6.22.103 - - [15/May/2009:03:01:09 -0700] "GET www.twibuzz.com/cgi/search.py?query=denver HTTP/1.0" 200 112792 "-" "Mozilla/5.0 (compatible; Yahoo! Slurp/3.0; http://help.yahoo.com/help/us/ysearch/slurp)"
74.6.22.103 - - [15/May/2009:03:01:11 -0700] "GET www.twibuzz.com/style.css HTTP/1.0" 304 - "http://www.twibuzz.com/cgi/search.py?query=denver" "Mozilla/5.0 (compatible; Yahoo! Slurp/3.0; http://help.yahoo.com/help/us/ysearch/slurp)"
74.6.22.103 - - [15/May/2009:03:01:16 -0700] "GET www.twibuzz.com/cgi/tweets.py?q=denver HTTP/1.0" 200 6982 "http://www.twibuzz.com/cgi/search.py?query=denver" "Mozilla/5.0 (compatible; Yahoo! Slurp/3.0; http://help.yahoo.com/help/us/ysearch/slurp)"
66.249.70.102 - - [15/May/2009:03:10:52 -0700] "GET www.twibuzz.com/cgi/search.py?query=caps HTTP/1.1" 200 87350 "-" "Mozilla/5.0 (compatible; Googlebot/2.1; +http://www.google.com/bot.html)"
74.6.22.103 - - [15/May/2009:03:57:08 -0700] "GET www.twibuzz.com/cgi/search.py?query=retweet HTTP/1.0" 200 126348 "-" "Mozilla/5.0 (compatible; Yahoo! Slurp/3.0; http://help.yahoo.com/help/us/ysearch/slurp)"
74.6.22.103 - - [15/May/2009:03:57:12 -0700] "GET www.twibuzz.com/cgi/tweets.py?q=retweet HTTP/1.0" 200 7519 "http://www.twibuzz.com/cgi/search.py?query=retweet" "Mozilla/5.0 (compatible; Yahoo! Slurp/3.0; http://help.yahoo.com/help/us/ysearch/slurp)"
194.8.74.220 - - [15/May/2009:04:24:01 -0700] "GET www.kinneryandrajan.com/?page_id=2 HTTP/1.0" 200 14125 "http://www.kinneryandrajan.com/?page_id=2" "Mozilla/4.0 (compatible; MSIE 6.0; Windows NT 5.1; .NET CLR 1.0.3705)"
194.8.74.220 - - [15/May/2009:04:24:02 -0700] "POST www.kinneryandrajan.com/wp-comments-post.php HTTP/1.0" 302 0 "http://www.kinneryandrajan.com/?page_id=2" "Mozilla/4.0 (compatible; MSIE 6.0; Windows NT 5.1; .NET CLR 1.0.3705)"
194.8.75.163 - - [15/May/2009:04:28:37 -0700] "GET www.kinneryandrajan.com/?page_id=2 HTTP/1.0" 200 14125 "http://www.kinneryandrajan.com/?page_id=2" "Mozilla/4.0 (compatible; MSIE 6.0; Windows NT 5.2; WOW64; SV1; .NET CLR 2.0.50727)"
194.8.75.163 - - [15/May/2009:04:28:39 -0700] "POST www.kinneryandrajan.com/wp-comments-post.php HTTP/1.0" 302 0 "http://www.kinneryandrajan.com/?page_id=2" "Mozilla/4.0 (compatible; MSIE 6.0; Windows NT 5.2; WOW64; SV1; .NET CLR 2.0.50727)"
194.8.75.149 - - [15/May/2009:04:54:12 -0700] "GET www.kinneryandrajan.com/?page_id=2 HTTP/1.0" 200 14125 "http://www.kinneryandrajan.com/?page_id=2" "Mozilla/4.0 (compatible; MSIE 6.0; Windows NT 5.2; Win64; AMD64)"
194.8.75.149 - - [15/May/2009:04:54:14 -0700] "POST www.kinneryandrajan.com/wp-comments-post.php HTTP/1.0" 302 0 "http://www.kinneryandrajan.com/?page_id=2" "Mozilla/4.0 (compatible; MSIE 6.0; Windows NT 5.2; Win64; AMD64)"
72.196.205.225 - - [15/May/2009:04:54:46 -0700] "GET www.twibuzz.com/style.css HTTP/1.1" 200 639 "http://www.twibuzz.com/" "Mozilla/5.0 (Macintosh; U; Intel Mac OS X 10.5; en-US; rv:1.9.0.10) Gecko/2009042315 Firefox/3.0.10 GTB5"
72.196.205.225 - - [15/May/2009:04:54:46 -0700] "GET www.twibuzz.com/logo.png HTTP/1.1" 200 5410 "http://www.twibuzz.com/" "Mozilla/5.0 (Macintosh; U; Intel Mac OS X 10.5; en-US; rv:1.9.0.10) Gecko/2009042315 Firefox/3.0.10 GTB5"
72.196.205.225 - - [15/May/2009:04:54:46 -0700] "GET www.twibuzz.com/ HTTP/1.1" 200 125557 "http://twitter.pbworks.com/Apps" "Mozilla/5.0 (Macintosh; U; Intel Mac OS X 10.5; en-US; rv:1.9.0.10) Gecko/2009042315 Firefox/3.0.10 GTB5"
72.196.205.225 - - [15/May/2009:04:54:46 -0700] "GET www.twibuzz.com/favicon.ico HTTP/1.1" 404 - "-" "Mozilla/5.0 (Macintosh; U; Intel Mac OS X 10.5; en-US; rv:1.9.0.10) Gecko/2009042315 Firefox/3.0.10 GTB5"
72.196.205.225 - - [15/May/2009:04:54:49 -0700] "GET www.twibuzz.com/favicon.ico HTTP/1.1" 404 - "-" "Mozilla/5.0 (Macintosh; U; Intel Mac OS X 10.5; en-US; rv:1.9.0.10) Gecko/2009042315 Firefox/3.0.10 GTB5"
209.131.41.48 - - [15/May/2009:04:55:50 -0700] "GET www.kinneryandrajan.com/?feed=rss2 HTTP/1.0" 200 14428 "-" "YahooFeedSeeker/2.0 (compatible; Mozilla 4.0; MSIE 5.5; http://publisher.yahoo.com/rssguide; users 1; views 78)"
72.14.195.223 - - [15/May/2009:05:27:24 -0700] "GET www.kinneryandrajan.com/ HTTP/1.1" 200 21773 "http://www.google.com/search?hl=en&q=social+neuroscience+degree" "Mozilla/4.0 (compatible; MSIE 6.0; Windows NT 5.1)"
72.14.195.223 - - [15/May/2009:05:27:25 -0700] "GET www.kinneryandrajan.com/wp-content/themes/inove/ie6.css HTTP/1.1" 200 96 "http://www.kinneryandrajan.com/" "Mozilla/4.0 (compatible; MSIE 6.0; Windows NT 5.1)"
72.14.195.223 - - [15/May/2009:05:27:25 -0700] "GET www.kinneryandrajan.com/wp-content/themes/inove/style.css HTTP/1.1" 200 19374 "http://www.kinneryandrajan.com/" "Mozilla/4.0 (compatible; MSIE 6.0; Windows NT 5.1)"
72.14.195.223 - - [15/May/2009:05:27:40 -0700] "GET www.kinneryandrajan.com/wp-content/themes/inove/js/menu.js HTTP/1.1" 200 5886 "http://www.kinneryandrajan.com/" "Mozilla/4.0 (compatible; MSIE 6.0; Windows NT 5.1)"
72.14.195.223 - - [15/May/2009:05:27:41 -0700] "GET www.kinneryandrajan.com/wp-content/plugins/wp-recaptcha/recaptcha.css HTTP/1.1" 200 1739 "http://www.kinneryandrajan.com/" "Mozilla/4.0 (compatible; MSIE 6.0; Windows NT 5.1)"
72.14.195.223 - - [15/May/2009:05:27:41 -0700] "GET www.kinneryandrajan.com/wp-content/themes/inove/img/bg.jpg HTTP/1.1" 200 1769 "http://www.kinneryandrajan.com/" "Mozilla/4.0 (compatible; MSIE 6.0; Windows NT 5.1)"
72.14.195.223 - - [15/May/2009:05:27:41 -0700] "GET www.kinneryandrajan.com/wp-content/themes/inove/js/util.js HTTP/1.1" 200 2128 "http://www.kinneryandrajan.com/" "Mozilla/4.0 (compatible; MSIE 6.0; Windows NT 5.1)"
72.14.195.223 - - [15/May/2009:05:27:41 -0700] "GET www.kinneryandrajan.com/wp-content/themes/inove/img/header_footer.jpg HTTP/1.1" 200 26837 "http://www.kinneryandrajan.com/" "Mozilla/4.0 (compatible; MSIE 6.0; Windows NT 5.1)"
72.14.195.223 - - [15/May/2009:05:27:42 -0700] "GET www.kinneryandrajan.com/wp-content/themes/inove/img/menu.gif HTTP/1.1" 200 1326 "http://www.kinneryandrajan.com/" "Mozilla/4.0 (compatible; MSIE 6.0; Windows NT 5.1)"
72.14.195.223 - - [15/May/2009:05:27:43 -0700] "GET www.kinneryandrajan.com/wp-content/themes/inove/img/textfield.gif HTTP/1.1" 200 57 "http://www.kinneryandrajan.com/" "Mozilla/4.0 (compatible; MSIE 6.0; Windows NT 5.1)"
72.14.195.223 - - [15/May/2009:05:27:43 -0700] "GET www.kinneryandrajan.com/wp-content/themes/inove/img/sidesep.gif HTTP/1.1" 200 102 "http://www.kinneryandrajan.com/" "Mozilla/4.0 (compatible; MSIE 6.0; Windows NT 5.1)"
72.14.195.223 - - [15/May/2009:05:27:43 -0700] "GET www.kinneryandrajan.com/wp-content/themes/inove/img/widgetsep.png HTTP/1.1" 200 3272 "http://www.kinneryandrajan.com/" "Mozilla/4.0 (compatible; MSIE 6.0; Windows NT 5.1)"
72.14.195.223 - - [15/May/2009:05:27:44 -0700] "GET www.kinneryandrajan.com/wp-content/themes/inove/img/icons.gif HTTP/1.1" 200 3997 "http://www.kinneryandrajan.com/" "Mozilla/4.0 (compatible; MSIE 6.0; Windows NT 5.1)"
72.14.195.223 - - [15/May/2009:05:27:45 -0700] "GET www.kinneryandrajan.com/wp-content/themes/inove/img/feeds.gif HTTP/1.1" 200 2028 "http://www.kinneryandrajan.com/" "Mozilla/4.0 (compatible; MSIE 6.0; Windows NT 5.1)"
72.14.195.223 - - [15/May/2009:05:27:46 -0700] "GET www.kinneryandrajan.com/wp-content/themes/inove/img/wp-logo.png HTTP/1.1" 200 7838 "http://www.kinneryandrajan.com/" "Mozilla/4.0 (compatible; MSIE 6.0; Windows NT 5.1)"
72.14.195.223 - - [15/May/2009:05:27:47 -0700] "GET www.kinneryandrajan.com/wp-content/themes/inove/img/readers.gif HTTP/1.1" 200 7128 "http://www.kinneryandrajan.com/" "Mozilla/4.0 (compatible; MSIE 6.0; Windows NT 5.1)"
72.14.195.223 - - [15/May/2009:05:27:49 -0700] "GET www.kinneryandrajan.com/wp-content/uploads/2009/04/plot.png HTTP/1.1" 200 80601 "http://www.kinneryandrajan.com/" "Mozilla/4.0 (compatible; MSIE 6.0; Windows NT 5.1)"
72.14.195.223 - - [15/May/2009:05:27:49 -0700] "GET www.kinneryandrajan.com/wp-content/uploads/2009/03/trek.jpg HTTP/1.1" 200 147712 "http://www.kinneryandrajan.com/" "Mozilla/4.0 (compatible; MSIE 6.0; Windows NT 5.1)"
72.14.195.223 - - [15/May/2009:05:28:02 -0700] "GET www.kinneryandrajan.com/wp-content/themes/inove/img/light.gif HTTP/1.1" 200 15379 "http://www.kinneryandrajan.com/" "Mozilla/4.0 (compatible; MSIE 6.0; Windows NT 5.1)"
74.6.22.103 - - [15/May/2009:06:08:31 -0700] "GET www.twibuzz.com/cgi/search.py?query=%23eurovision?521dd098 HTTP/1.0" 200 61 "-" "Mozilla/5.0 (compatible; Yahoo! Slurp/3.0; http://help.yahoo.com/help/us/ysearch/slurp)"
74.6.22.103 - - [15/May/2009:06:18:23 -0700] "GET www.twibuzz.com/cgi/search.py?query=retweet HTTP/1.0" 200 126739 "-" "Mozilla/5.0 (compatible; Yahoo! Slurp/3.0; http://help.yahoo.com/help/us/ysearch/slurp)"
74.6.22.103 - - [15/May/2009:06:18:24 -0700] "GET www.twibuzz.com/style.css HTTP/1.0" 304 - "http://www.twibuzz.com/cgi/search.py?query=retweet" "Mozilla/5.0 (compatible; Yahoo! Slurp/3.0; http://help.yahoo.com/help/us/ysearch/slurp)"
74.6.22.103 - - [15/May/2009:06:19:27 -0700] "GET www.twibuzz.com/cgi/tweets.py?q=retweet HTTP/1.0" 200 - "http://www.twibuzz.com/cgi/search.py?query=retweet" "Mozilla/5.0 (compatible; Yahoo! Slurp/3.0; http://help.yahoo.com/help/us/ysearch/slurp)"
74.6.22.103 - - [15/May/2009:06:20:36 -0700] "GET www.twibuzz.com/cgi/tweets.py?q=retweet HTTP/1.0" 200 - "http://www.twibuzz.com/cgi/search.py?query=retweet" "Mozilla/5.0 (compatible; Yahoo! Slurp/3.0; http://help.yahoo.com/help/us/ysearch/slurp)"
74.6.22.103 - - [15/May/2009:06:20:56 -0700] "GET www.twibuzz.com/cgi/tweets.py?q=retweet HTTP/1.0" 200 - "http://www.twibuzz.com/cgi/search.py?query=retweet" "Mozilla/5.0 (compatible; Yahoo! Slurp/3.0; http://help.yahoo.com/help/us/ysearch/slurp)"
74.6.22.103 - - [15/May/2009:06:21:08 -0700] "GET www.twibuzz.com/cgi/tweets.py?q=retweet HTTP/1.0" 200 7366 "http://www.twibuzz.com/cgi/search.py?query=retweet" "Mozilla/5.0 (compatible; Yahoo! Slurp/3.0; http://help.yahoo.com/help/us/ysearch/slurp)"
74.6.22.103 - - [15/May/2009:06:21:28 -0700] "GET www.twibuzz.com/cgi/tweets.py?q=retweet HTTP/1.0" 200 7357 "http://www.twibuzz.com/cgi/search.py?query=retweet" "Mozilla/5.0 (compatible; Yahoo! Slurp/3.0; http://help.yahoo.com/help/us/ysearch/slurp)"
74.6.22.103 - - [15/May/2009:06:21:51 -0700] "GET www.twibuzz.com/cgi/tweets.py?q=retweet HTTP/1.0" 200 7401 "http://www.twibuzz.com/cgi/search.py?query=retweet" "Mozilla/5.0 (compatible; Yahoo! Slurp/3.0; http://help.yahoo.com/help/us/ysearch/slurp)"
66.249.70.102 - - [15/May/2009:06:39:07 -0700] "GET www.kinneryandrajan.com/robots.txt HTTP/1.1" 404 - "-" "Mozilla/5.0 (compatible; Googlebot/2.1; +http://www.google.com/bot.html)"
66.249.70.102 - - [15/May/2009:06:39:10 -0700] "GET www.kinneryandrajan.com/?page_id=2 HTTP/1.1" 200 15208 "-" "Mozilla/5.0 (compatible; Googlebot/2.1; +http://www.google.com/bot.html)"
194.8.74.220 - - [15/May/2009:06:50:05 -0700] "GET www.kinneryandrajan.com/?page_id=2 HTTP/1.0" 200 13265 "http://www.kinneryandrajan.com/?page_id=2" "Mozilla/4.0 (compatible; MSIE 6.0; Windows NT 5.0; KTXN)"
194.8.74.220 - - [15/May/2009:06:50:12 -0700] "POST www.kinneryandrajan.com/wp-comments-post.php HTTP/1.0" 302 0 "http://www.kinneryandrajan.com/?page_id=2" "Mozilla/4.0 (compatible; MSIE 6.0; Windows NT 5.0; KTXN)"
194.8.75.163 - - [15/May/2009:06:54:39 -0700] "GET www.kinneryandrajan.com/?page_id=2 HTTP/1.0" 200 11036 "http://www.kinneryandrajan.com/?page_id=2" "Mozilla/4.0 (compatible; MSIE 6.0; Windows NT 5.1; Q312461)"
194.8.75.163 - - [15/May/2009:06:54:43 -0700] "POST www.kinneryandrajan.com/wp-comments-post.php HTTP/1.0" 302 0 "http://www.kinneryandrajan.com/?page_id=2" "Mozilla/4.0 (compatible; MSIE 6.0; Windows NT 5.1; Q312461)"
74.6.22.103 - - [15/May/2009:07:01:54 -0700] "GET www.twibuzz.com/cgi/search.py?query=%23bwetweetup HTTP/1.0" 200 9592 "-" "Mozilla/5.0 (compatible; Yahoo! Slurp/3.0; http://help.yahoo.com/help/us/ysearch/slurp)"
74.6.22.103 - - [15/May/2009:07:01:59 -0700] "GET www.twibuzz.com/cgi/tweets.py?q=%23bwetweetup HTTP/1.0" 200 7828 "http://www.twibuzz.com/cgi/search.py?query=%23bwetweetup" "Mozilla/5.0 (compatible; Yahoo! Slurp/3.0; http://help.yahoo.com/help/us/ysearch/slurp)"
194.8.75.149 - - [15/May/2009:07:20:14 -0700] "GET www.kinneryandrajan.com/?page_id=2 HTTP/1.0" 200 13670 "http://www.kinneryandrajan.com/?page_id=2" "Mozilla/4.0 (compatible; MSIE 6.0; Windows NT 5.1; FREE; .NET CLR 1.1.4322)"
194.8.75.149 - - [15/May/2009:07:20:16 -0700] "POST www.kinneryandrajan.com/wp-comments-post.php HTTP/1.0" 302 0 "http://www.kinneryandrajan.com/?page_id=2" "Mozilla/4.0 (compatible; MSIE 6.0; Windows NT 5.1; FREE; .NET CLR 1.1.4322)"
74.6.22.103 - - [15/May/2009:07:48:26 -0700] "GET www.twibuzz.com/cgi/search.py?query=dollhouse?92e56148 HTTP/1.0" 200 61 "-" "Mozilla/5.0 (compatible; Yahoo! Slurp/3.0; http://help.yahoo.com/help/us/ysearch/slurp)"
216.239.45.4 - - [15/May/2009:08:18:22 -0700] "GET www.twibuzz.com/ HTTP/1.1" 200 127336 "-" "Mozilla/5.0 (Windows; U; Windows NT 5.1; en-US) AppleWebKit/525.19 (KHTML, like Gecko) Chrome/1.0.154.65 Safari/525.19"
216.239.45.4 - - [15/May/2009:08:18:23 -0700] "GET www.twibuzz.com/style.css HTTP/1.1" 304 - "http://www.twibuzz.com/" "Mozilla/5.0 (Windows; U; Windows NT 5.1; en-US) AppleWebKit/525.19 (KHTML, like Gecko) Chrome/1.0.154.65 Safari/525.19"
216.239.45.4 - - [15/May/2009:08:18:23 -0700] "GET www.twibuzz.com/logo.png HTTP/1.1" 304 - "http://www.twibuzz.com/" "Mozilla/5.0 (Windows; U; Windows NT 5.1; en-US) AppleWebKit/525.19 (KHTML, like Gecko) Chrome/1.0.154.65 Safari/525.19"
216.239.45.4 - - [15/May/2009:08:18:30 -0700] "GET www.twibuzz.com/cgi/search.py?query=green+day HTTP/1.1" 200 98860 "http://www.twibuzz.com/" "Mozilla/5.0 (Windows; U; Windows NT 5.1; en-US) AppleWebKit/525.19 (KHTML, like Gecko) Chrome/1.0.154.65 Safari/525.19"
216.239.45.4 - - [15/May/2009:08:18:33 -0700] "GET www.twibuzz.com/cgi/tweets.py?q=green%20day HTTP/1.1" 200 8062 "http://www.twibuzz.com/cgi/search.py?query=green+day" "Mozilla/5.0 (Windows; U; Windows NT 5.1; en-US) AppleWebKit/525.19 (KHTML, like Gecko) Chrome/1.0.154.65 Safari/525.19"
216.239.45.4 - - [15/May/2009:08:53:59 -0700] "GET www.twibuzz.com/ HTTP/1.1" 200 127458 "-" "Mozilla/5.0 (Windows; U; Windows NT 5.1; en-US) AppleWebKit/525.19 (KHTML, like Gecko) Chrome/1.0.154.65 Safari/525.19"
216.239.45.4 - - [15/May/2009:08:54:53 -0700] "GET www.twibuzz.com/cgi/search.py?query=star+trek HTTP/1.1" 200 130248 "http://www.twibuzz.com/" "Mozilla/5.0 (Windows; U; Windows NT 5.1; en-US) AppleWebKit/525.19 (KHTML, like Gecko) Chrome/1.0.154.65 Safari/525.19"
216.239.45.4 - - [15/May/2009:08:54:59 -0700] "GET www.twibuzz.com/cgi/tweets.py?q=star%20trek HTTP/1.1" 200 7677 "http://www.twibuzz.com/cgi/search.py?query=star+trek" "Mozilla/5.0 (Windows; U; Windows NT 5.1; en-US) AppleWebKit/525.19 (KHTML, like Gecko) Chrome/1.0.154.65 Safari/525.19"
216.239.45.4 - - [15/May/2009:08:55:07 -0700] "GET www.twibuzz.com/cgi/tweets.py?q=star%20trek&since=2009-05-12&until=2009-05-15 HTTP/1.1" 200 0 "http://www.twibuzz.com/cgi/search.py?query=star+trek" "Mozilla/5.0 (Windows; U; Windows NT 5.1; en-US) AppleWebKit/525.19 (KHTML, like Gecko) Chrome/1.0.154.65 Safari/525.19"
216.239.45.4 - - [15/May/2009:08:55:08 -0700] "GET www.twibuzz.com/cgi/tweets.py?q=star%20trek&since=2009-05-08&until=2009-05-11 HTTP/1.1" 200 0 "http://www.twibuzz.com/cgi/search.py?query=star+trek" "Mozilla/5.0 (Windows; U; Windows NT 5.1; en-US) AppleWebKit/525.19 (KHTML, like Gecko) Chrome/1.0.154.65 Safari/525.19"
216.239.45.4 - - [15/May/2009:08:55:11 -0700] "GET www.twibuzz.com/cgi/tweets.py?q=star%20trek&since=2009-05-08&until=2009-05-09 HTTP/1.1" 200 0 "http://www.twibuzz.com/cgi/search.py?query=star+trek" "Mozilla/5.0 (Windows; U; Windows NT 5.1; en-US) AppleWebKit/525.19 (KHTML, like Gecko) Chrome/1.0.154.65 Safari/525.19"
216.239.45.4 - - [15/May/2009:08:55:14 -0700] "GET www.twibuzz.com/cgi/tweets.py?q=star%20trek&since=2009-05-09&until=2009-05-10 HTTP/1.1" 200 7670 "http://www.twibuzz.com/cgi/search.py?query=star+trek" "Mozilla/5.0 (Windows; U; Windows NT 5.1; en-US) AppleWebKit/525.19 (KHTML, like Gecko) Chrome/1.0.154.65 Safari/525.19"
216.239.45.4 - - [15/May/2009:08:55:37 -0700] "GET www.twibuzz.com/cgi/tweets.py?q=star%20trek&since=2009-05-09&until=2009-05-15 HTTP/1.1" 200 0 "http://www.twibuzz.com/cgi/search.py?query=star+trek" "Mozilla/5.0 (Windows; U; Windows NT 5.1; en-US) AppleWebKit/525.19 (KHTML, like Gecko) Chrome/1.0.154.65 Safari/525.19"
216.239.45.4 - - [15/May/2009:08:55:38 -0700] "GET www.twibuzz.com/cgi/tweets.py?q=star%20trek&since=2009-05-03&until=2009-05-15 HTTP/1.1" 200 7532 "http://www.twibuzz.com/cgi/search.py?query=star+trek" "Mozilla/5.0 (Windows; U; Windows NT 5.1; en-US) AppleWebKit/525.19 (KHTML, like Gecko) Chrome/1.0.154.65 Safari/525.19"
66.249.70.102 - - [15/May/2009:09:14:07 -0700] "GET www.kinneryandrajan.com/wp-content/plugins/wp-recaptcha/recaptcha.css HTTP/1.1" 200 1739 "-" "Mozilla/5.0 (compatible; Googlebot/2.1; +http://www.google.com/bot.html)"
194.8.74.220 - - [15/May/2009:09:16:07 -0700] "GET www.kinneryandrajan.com/?page_id=2 HTTP/1.0" 200 14125 "http://www.kinneryandrajan.com/?page_id=2" "Mozilla/4.0 (compatible; MSIE 4.01; Digital AlphaServer 1000A 4/233; Windows NT; Powered By 64-Bit Alpha Processor)"
194.8.74.220 - - [15/May/2009:09:16:11 -0700] "POST www.kinneryandrajan.com/wp-comments-post.php HTTP/1.0" 302 0 "http://www.kinneryandrajan.com/?page_id=2" "Mozilla/4.0 (compatible; MSIE 4.01; Digital AlphaServer 1000A 4/233; Windows NT; Powered By 64-Bit Alpha Processor)"
194.8.75.163 - - [15/May/2009:09:20:36 -0700] "GET www.kinneryandrajan.com/?page_id=2 HTTP/1.0" 200 14125 "http://www.kinneryandrajan.com/?page_id=2" "Mozilla/4.0 (compatible; MSIE 6.0; Windows NT 5.1; SV1; .NET CLR 1.1.4322) Babya Discoverer  8.0:"
194.8.75.163 - - [15/May/2009:09:20:37 -0700] "POST www.kinneryandrajan.com/wp-comments-post.php HTTP/1.0" 302 0 "http://www.kinneryandrajan.com/?page_id=2" "Mozilla/4.0 (compatible; MSIE 6.0; Windows NT 5.1; SV1; .NET CLR 1.1.4322) Babya Discoverer  8.0:"
66.249.70.102 - - [15/May/2009:09:26:42 -0700] "GET www.twibuzz.com/cgi/tweets.py?q=flu HTTP/1.1" 200 7789 "-" "Mozilla/5.0 (compatible; Googlebot/2.1; +http://www.google.com/bot.html)"
66.249.70.102 - - [15/May/2009:09:26:49 -0700] "GET www.twibuzz.com/cgi/tweets.py?q=test HTTP/1.1" 200 7104 "-" "Mozilla/5.0 (compatible; Googlebot/2.1; +http://www.google.com/bot.html)"
194.8.75.149 - - [15/May/2009:09:46:12 -0700] "GET www.kinneryandrajan.com/?page_id=2 HTTP/1.0" 200 14125 "http://www.kinneryandrajan.com/?page_id=2" "Mozilla/1.22 (compatible; MSIE 2.0; Windows 95)"
194.8.75.149 - - [15/May/2009:09:46:13 -0700] "POST www.kinneryandrajan.com/wp-comments-post.php HTTP/1.0" 302 0 "http://www.kinneryandrajan.com/?page_id=2" "Mozilla/1.22 (compatible; MSIE 2.0; Windows 95)"
189.157.130.85 - - [15/May/2009:10:10:39 -0700] "GET www.twibuzz.com/ HTTP/1.1" 200 127890 "-" "Mozilla/5.0 (Windows; U; Windows NT 6.0; en-US) AppleWebKit/525.19 (KHTML, like Gecko) Chrome/1.0.154.65 Safari/525.19"
