66.249.70.102 - - [16/May/2009:15:07:13 -0700] "GET www.twibuzz.com/cgi/tweets.py?q=rpattz HTTP/1.1" 200 7743 "-" "Mozilla/5.0 (compatible; Googlebot/2.1; +http://www.google.com/bot.html)"
66.249.70.102 - - [16/May/2009:15:09:47 -0700] "GET www.twibuzz.com/cgi/tweets.py?q=pelosi HTTP/1.1" 200 7829 "-" "Mozilla/5.0 (compatible; Googlebot/2.1; +http://www.google.com/bot.html)"
66.249.70.102 - - [16/May/2009:15:12:15 -0700] "GET www.twibuzz.com/cgi/tweets.py?q=norway HTTP/1.1" 200 7650 "-" "Mozilla/5.0 (compatible; Googlebot/2.1; +http://www.google.com/bot.html)"
66.249.70.102 - - [16/May/2009:15:15:12 -0700] "GET www.twibuzz.com/cgi/tweets.py?q=eminem HTTP/1.1" 200 7510 "-" "Mozilla/5.0 (compatible; Googlebot/2.1; +http://www.google.com/bot.html)"
66.249.70.102 - - [16/May/2009:15:17:12 -0700] "GET www.twibuzz.com/cgi/tweets.py?q=hubble HTTP/1.1" 200 7240 "-" "Mozilla/5.0 (compatible; Googlebot/2.1; +http://www.google.com/bot.html)"
66.249.70.102 - - [16/May/2009:15:21:52 -0700] "GET www.twibuzz.com/cgi/tweets.py?q=moscow HTTP/1.1" 200 7962 "-" "Mozilla/5.0 (compatible; Googlebot/2.1; +http://www.google.com/bot.html)"
66.249.70.102 - - [16/May/2009:15:25:26 -0700] "GET www.twibuzz.com/cgi/search.py?query=iceland HTTP/1.1" 200 22568 "-" "Mozilla/5.0 (compatible; Googlebot/2.1; +http://www.google.com/bot.html)"
66.249.70.102 - - [16/May/2009:15:26:10 -0700] "GET www.twibuzz.com/cgi/search.py?query=steveagee HTTP/1.1" 200 7102 "-" "Mozilla/5.0 (compatible; Googlebot/2.1; +http://www.google.com/bot.html)"
66.249.70.102 - - [16/May/2009:15:27:12 -0700] "GET www.twibuzz.com/cgi/search.py?query=%23twumpet HTTP/1.1" 200 7351 "-" "Mozilla/5.0 (compatible; Googlebot/2.1; +http://www.google.com/bot.html)"
66.249.70.102 - - [16/May/2009:15:27:18 -0700] "GET www.twibuzz.com/cgi/search.py?query=graham+norton HTTP/1.1" 200 7207 "-" "Mozilla/5.0 (compatible; Googlebot/2.1; +http://www.google.com/bot.html)"
66.249.70.102 - - [16/May/2009:15:29:10 -0700] "GET www.twibuzz.com/cgi/tweets.py?q=%23goodgirlsgobad HTTP/1.1" 200 7801 "-" "Mozilla/5.0 (compatible; Googlebot/2.1; +http://www.google.com/bot.html)"
66.249.70.102 - - [16/May/2009:15:32:46 -0700] "GET www.twibuzz.com/cgi/search.py?query=watching+eurovision HTTP/1.1" 200 7240 "-" "Mozilla/5.0 (compatible; Googlebot/2.1; +http://www.google.com/bot.html)"
66.249.70.102 - - [16/May/2009:15:36:52 -0700] "GET www.twibuzz.com/cgi/tweets.py?q=ferrari HTTP/1.1" 200 6467 "-" "Mozilla/5.0 (compatible; Googlebot/2.1; +http://www.google.com/bot.html)"
66.249.70.102 - - [16/May/2009:15:38:56 -0700] "GET www.twibuzz.com/cgi/tweets.py?q=warning HTTP/1.1" 200 7918 "-" "Mozilla/5.0 (compatible; Googlebot/2.1; +http://www.google.com/bot.html)"
66.249.70.102 - - [16/May/2009:15:39:50 -0700] "GET www.twibuzz.com/cgi/tweets.py?q=michael HTTP/1.1" 200 6290 "-" "Mozilla/5.0 (compatible; Googlebot/2.1; +http://www.google.com/bot.html)"
74.6.22.103 - - [16/May/2009:15:48:35 -0700] "GET www.twibuzz.com/cgi/search.py?query=%23indiavotes09 HTTP/1.0" 200 10006 "-" "Mozilla/5.0 (compatible; Yahoo! Slurp/3.0; http://help.yahoo.com/help/us/ysearch/slurp)"
74.6.22.103 - - [16/May/2009:15:48:35 -0700] "GET www.twibuzz.com/style.css HTTP/1.0" 304 - "http://www.twibuzz.com/cgi/search.py?query=%23indiavotes09" "Mozilla/5.0 (compatible; Yahoo! Slurp/3.0; http://help.yahoo.com/help/us/ysearch/slurp)"
74.6.22.103 - - [16/May/2009:15:48:36 -0700] "GET www.twibuzz.com/cgi/tweets.py?q=%23indiavotes09 HTTP/1.0" 200 8149 "http://www.twibuzz.com/cgi/search.py?query=%23indiavotes09" "Mozilla/5.0 (compatible; Yahoo! Slurp/3.0; http://help.yahoo.com/help/us/ysearch/slurp)"
66.249.70.102 - - [16/May/2009:15:49:33 -0700] "GET www.twibuzz.com/cgi/tweets.py?q=germany HTTP/1.1" 200 7208 "-" "Mozilla/5.0 (compatible; Googlebot/2.1; +http://www.google.com/bot.html)"
66.249.70.102 - - [16/May/2009:15:53:59 -0700] "GET www.twibuzz.com/cgi/tweets.py?q=margate HTTP/1.1" 200 7569 "-" "Mozilla/5.0 (compatible; Googlebot/2.1; +http://www.google.com/bot.html)"
66.249.70.102 - - [16/May/2009:15:56:30 -0700] "GET www.twibuzz.com/cgi/tweets.py?q=%23dance HTTP/1.1" 200 7485 "-" "Mozilla/5.0 (compatible; Googlebot/2.1; +http://www.google.com/bot.html)"
66.249.70.102 - - [16/May/2009:16:08:47 -0700] "GET www.twibuzz.com/cgi/tweets.py?q=%23mcfly HTTP/1.1" 200 6918 "-" "Mozilla/5.0 (compatible; Googlebot/2.1; +http://www.google.com/bot.html)"
66.249.70.102 - - [16/May/2009:16:11:03 -0700] "GET www.twibuzz.com/cgi/tweets.py?q=game%207 HTTP/1.1" 200 7757 "-" "Mozilla/5.0 (compatible; Googlebot/2.1; +http://www.google.com/bot.html)"
66.249.70.102 - - [16/May/2009:16:15:17 -0700] "GET www.twibuzz.com/cgi/tweets.py?q=chrysler HTTP/1.1" 200 7768 "-" "Mozilla/5.0 (compatible; Googlebot/2.1; +http://www.google.com/bot.html)"
66.249.70.102 - - [16/May/2009:16:16:48 -0700] "GET www.twibuzz.com/cgi/tweets.py?q=coldplay HTTP/1.1" 200 7496 "-" "Mozilla/5.0 (compatible; Googlebot/2.1; +http://www.google.com/bot.html)"
66.249.70.102 - - [16/May/2009:16:17:24 -0700] "GET www.twibuzz.com/cgi/tweets.py?q=man%20utd HTTP/1.1" 200 7985 "-" "Mozilla/5.0 (compatible; Googlebot/2.1; +http://www.google.com/bot.html)"
66.249.70.102 - - [16/May/2009:16:20:46 -0700] "GET www.twibuzz.com/cgi/tweets.py?q=champions HTTP/1.1" 200 7629 "-" "Mozilla/5.0 (compatible; Googlebot/2.1; +http://www.google.com/bot.html)"
66.249.70.102 - - [16/May/2009:16:21:16 -0700] "GET www.twibuzz.com/cgi/search.py?query=apple HTTP/1.1" 200 165846 "-" "Mozilla/5.0 (compatible; Googlebot/2.1; +http://www.google.com/bot.html)"
66.249.70.102 - - [16/May/2009:16:35:40 -0700] "GET www.twibuzz.com/cgi/search.py?query=%23eurovision HTTP/1.1" 200 24244 "-" "Mozilla/5.0 (compatible; Googlebot/2.1; +http://www.google.com/bot.html)"
67.202.41.3 - - [16/May/2009:16:42:34 -0700] "GET www.twibuzz.com/robots.txt HTTP/1.0" 404 - "-" "ia_archiver (+http://www.alexa.com/site/help/webmasters; crawler@alexa.com)"
67.202.41.3 - - [16/May/2009:16:42:35 -0700] "GET www.twibuzz.com/cgi/search.py?query=%23whyitweet HTTP/1.0" 200 18005 "-" "ia_archiver (+http://www.alexa.com/site/help/webmasters; crawler@alexa.com)"
67.202.41.3 - - [16/May/2009:16:42:40 -0700] "GET www.twibuzz.com/cgi/search.py?query=apple HTTP/1.0" 200 165715 "-" "ia_archiver (+http://www.alexa.com/site/help/webmasters; crawler@alexa.com)"
67.202.41.3 - - [16/May/2009:16:42:45 -0700] "GET www.twibuzz.com/cgi/search.py?query=bbc HTTP/1.0" 200 72833 "-" "ia_archiver (+http://www.alexa.com/site/help/webmasters; crawler@alexa.com)"
67.202.41.3 - - [16/May/2009:16:42:50 -0700] "GET www.twibuzz.com/cgi/search.py?query=ben HTTP/1.0" 200 134928 "-" "ia_archiver (+http://www.alexa.com/site/help/webmasters; crawler@alexa.com)"
67.202.41.3 - - [16/May/2009:16:42:55 -0700] "GET www.twibuzz.com/cgi/search.py?query=breakfast HTTP/1.0" 200 43949 "-" "ia_archiver (+http://www.alexa.com/site/help/webmasters; crawler@alexa.com)"
67.202.41.3 - - [16/May/2009:16:43:00 -0700] "GET www.twibuzz.com/cgi/search.py?query=dinner HTTP/1.0" 200 44063 "-" "ia_archiver (+http://www.alexa.com/site/help/webmasters; crawler@alexa.com)"
67.202.41.3 - - [16/May/2009:16:43:05 -0700] "GET www.twibuzz.com/cgi/search.py?query=drunk HTTP/1.0" 200 43371 "-" "ia_archiver (+http://www.alexa.com/site/help/webmasters; crawler@alexa.com)"
67.202.41.3 - - [16/May/2009:16:43:10 -0700] "GET www.twibuzz.com/cgi/search.py?query=eurovision HTTP/1.0" 200 26796 "-" "ia_archiver (+http://www.alexa.com/site/help/webmasters; crawler@alexa.com)"
67.202.41.3 - - [16/May/2009:16:43:15 -0700] "GET www.twibuzz.com/cgi/search.py?query=flu HTTP/1.0" 200 158963 "-" "ia_archiver (+http://www.alexa.com/site/help/webmasters; crawler@alexa.com)"
67.202.41.3 - - [16/May/2009:16:43:20 -0700] "GET www.twibuzz.com/cgi/search.py?query=follow+friday HTTP/1.0" 200 91921 "-" "ia_archiver (+http://www.alexa.com/site/help/webmasters; crawler@alexa.com)"
67.202.41.3 - - [16/May/2009:16:43:25 -0700] "GET www.twibuzz.com/cgi/search.py?query=friends HTTP/1.0" 200 139334 "-" "ia_archiver (+http://www.alexa.com/site/help/webmasters; crawler@alexa.com)"
67.202.41.3 - - [16/May/2009:16:43:31 -0700] "GET www.twibuzz.com/cgi/search.py?query=goodnight HTTP/1.0" 200 128299 "-" "ia_archiver (+http://www.alexa.com/site/help/webmasters; crawler@alexa.com)"
67.202.41.3 - - [16/May/2009:16:43:41 -0700] "GET www.twibuzz.com/cgi/search.py?query=google HTTP/1.0" 200 168320 "-" "ia_archiver (+http://www.alexa.com/site/help/webmasters; crawler@alexa.com)"
66.249.70.102 - - [16/May/2009:16:43:45 -0700] "GET www.twibuzz.com/cgi/tweets.py?q=conchords HTTP/1.1" 200 6719 "-" "Mozilla/5.0 (compatible; Googlebot/2.1; +http://www.google.com/bot.html)"
67.202.41.3 - - [16/May/2009:16:43:46 -0700] "GET www.twibuzz.com/cgi/search.py?query=green HTTP/1.0" 200 28731 "-" "ia_archiver (+http://www.alexa.com/site/help/webmasters; crawler@alexa.com)"
67.202.41.3 - - [16/May/2009:16:43:51 -0700] "GET www.twibuzz.com/cgi/search.py?query=h1n1 HTTP/1.0" 200 138719 "-" "ia_archiver (+http://www.alexa.com/site/help/webmasters; crawler@alexa.com)"
67.202.41.3 - - [16/May/2009:16:43:56 -0700] "GET www.twibuzz.com/cgi/search.py?query=iphone HTTP/1.0" 200 87597 "-" "ia_archiver (+http://www.alexa.com/site/help/webmasters; crawler@alexa.com)"
67.202.41.3 - - [16/May/2009:16:44:03 -0700] "GET www.twibuzz.com/cgi/search.py?query=ipod HTTP/1.0" 200 44346 "-" "ia_archiver (+http://www.alexa.com/site/help/webmasters; crawler@alexa.com)"
67.202.41.3 - - [16/May/2009:16:44:07 -0700] "GET www.twibuzz.com/cgi/search.py?query=lakers HTTP/1.0" 200 109287 "-" "ia_archiver (+http://www.alexa.com/site/help/webmasters; crawler@alexa.com)"
67.202.41.3 - - [16/May/2009:16:44:12 -0700] "GET www.twibuzz.com/cgi/search.py?query=london HTTP/1.0" 200 48008 "-" "ia_archiver (+http://www.alexa.com/site/help/webmasters; crawler@alexa.com)"
67.202.41.3 - - [16/May/2009:16:44:20 -0700] "GET www.twibuzz.com/cgi/search.py?query=lunch HTTP/1.0" 200 43869 "-" "ia_archiver (+http://www.alexa.com/site/help/webmasters; crawler@alexa.com)"
67.202.41.3 - - [16/May/2009:16:44:34 -0700] "GET www.twibuzz.com/cgi/search.py?query=make+money HTTP/1.0" 200 90200 "-" "ia_archiver (+http://www.alexa.com/site/help/webmasters; crawler@alexa.com)"
67.202.41.3 - - [16/May/2009:16:44:39 -0700] "GET www.twibuzz.com/cgi/search.py?query=morning HTTP/1.0" 200 47841 "-" "ia_archiver (+http://www.alexa.com/site/help/webmasters; crawler@alexa.com)"
66.249.70.102 - - [16/May/2009:16:44:43 -0700] "GET www.twibuzz.com/cgi/tweets.py?q=newcastle HTTP/1.1" 200 7924 "-" "Mozilla/5.0 (compatible; Googlebot/2.1; +http://www.google.com/bot.html)"
67.202.41.3 - - [16/May/2009:16:44:59 -0700] "GET www.twibuzz.com/cgi/search.py?query=new+york HTTP/1.0" 200 86333 "-" "ia_archiver (+http://www.alexa.com/site/help/webmasters; crawler@alexa.com)"
67.202.41.3 - - [16/May/2009:16:45:05 -0700] "GET www.twibuzz.com/cgi/search.py?query=obama HTTP/1.0" 200 155679 "-" "ia_archiver (+http://www.alexa.com/site/help/webmasters; crawler@alexa.com)"
67.202.41.3 - - [16/May/2009:16:45:26 -0700] "GET www.twibuzz.com/cgi/search.py?query=radiotagr HTTP/1.0" 200 118454 "-" "ia_archiver (+http://www.alexa.com/site/help/webmasters; crawler@alexa.com)"
66.249.70.102 - - [16/May/2009:16:45:35 -0700] "GET www.twibuzz.com/cgi/tweets.py?q=craigslist HTTP/1.1" 200 7819 "-" "Mozilla/5.0 (compatible; Googlebot/2.1; +http://www.google.com/bot.html)"
67.202.41.3 - - [16/May/2009:16:45:36 -0700] "GET www.twibuzz.com/cgi/search.py?query=star+trek HTTP/1.0" 200 136728 "-" "ia_archiver (+http://www.alexa.com/site/help/webmasters; crawler@alexa.com)"
67.202.41.3 - - [16/May/2009:16:45:49 -0700] "GET www.twibuzz.com/cgi/search.py?query=swine+flu HTTP/1.0" 200 156692 "-" "ia_archiver (+http://www.alexa.com/site/help/webmasters; crawler@alexa.com)"
67.202.41.3 - - [16/May/2009:16:46:29 -0700] "GET www.twibuzz.com/cgi/search.py?query=tea HTTP/1.0" 200 134910 "-" "ia_archiver (+http://www.alexa.com/site/help/webmasters; crawler@alexa.com)"
67.202.41.3 - - [16/May/2009:16:46:41 -0700] "GET www.twibuzz.com/cgi/search.py?query=test HTTP/1.0" 200 167661 "-" "ia_archiver (+http://www.alexa.com/site/help/webmasters; crawler@alexa.com)"
67.202.41.3 - - [16/May/2009:16:47:26 -0700] "GET www.twibuzz.com/cgi/search.py?query=twitter HTTP/1.0" 200 96845 "-" "ia_archiver (+http://www.alexa.com/site/help/webmasters; crawler@alexa.com)"
67.202.41.3 - - [16/May/2009:16:47:48 -0700] "GET www.twibuzz.com/cgi/tweets.py?q=apple HTTP/1.0" 200 7365 "-" "ia_archiver (+http://www.alexa.com/site/help/webmasters; crawler@alexa.com)"
66.249.70.102 - - [16/May/2009:16:49:32 -0700] "GET www.twibuzz.com/cgi/tweets.py?q=blackhawks HTTP/1.1" 200 8050 "-" "Mozilla/5.0 (compatible; Googlebot/2.1; +http://www.google.com/bot.html)"
66.249.70.102 - - [16/May/2009:16:49:46 -0700] "GET www.twibuzz.com/cgi/search.py?query=itunes HTTP/1.1" 200 31063 "-" "Mozilla/5.0 (compatible; Googlebot/2.1; +http://www.google.com/bot.html)"
66.249.70.102 - - [16/May/2009:16:49:53 -0700] "GET www.twibuzz.com/cgi/tweets.py?q=eurovision HTTP/1.1" 200 7646 "-" "Mozilla/5.0 (compatible; Googlebot/2.1; +http://www.google.com/bot.html)"
72.30.142.90 - - [16/May/2009:16:51:57 -0700] "GET www.kinneryandrajan.com/robots.txt HTTP/1.0" 404 - "-" "Mozilla/5.0 (compatible; Yahoo! Slurp; http://help.yahoo.com/help/us/ysearch/slurp)"
72.30.142.90 - - [16/May/2009:16:51:59 -0700] "GET www.kinneryandrajan.com/?page_id=2 HTTP/1.0" 200 14125 "-" "Mozilla/5.0 (compatible; Yahoo! Slurp/3.0; http://help.yahoo.com/help/us/ysearch/slurp)"
72.30.142.90 - - [16/May/2009:16:52:00 -0700] "GET www.kinneryandrajan.com/wp-content/themes/inove/style.css HTTP/1.0" 304 - "http://www.kinneryandrajan.com/?page_id=2" "Mozilla/5.0 (compatible; Yahoo! Slurp/3.0; http://help.yahoo.com/help/us/ysearch/slurp)"
72.30.142.90 - - [16/May/2009:16:52:00 -0700] "GET www.kinneryandrajan.com/wp-content/plugins/wp-recaptcha/recaptcha.css HTTP/1.0" 304 - "http://www.kinneryandrajan.com/?page_id=2" "Mozilla/5.0 (compatible; Yahoo! Slurp/3.0; http://help.yahoo.com/help/us/ysearch/slurp)"
66.249.70.102 - - [16/May/2009:16:52:02 -0700] "GET www.twibuzz.com/cgi/tweets.py?q=%23getaway HTTP/1.1" 200 8172 "-" "Mozilla/5.0 (compatible; Googlebot/2.1; +http://www.google.com/bot.html)"
66.249.70.102 - - [16/May/2009:16:55:09 -0700] "GET www.twibuzz.com/cgi/tweets.py?q=test HTTP/1.1" 200 7572 "-" "Mozilla/5.0 (compatible; Googlebot/2.1; +http://www.google.com/bot.html)"
194.8.75.163 - - [16/May/2009:16:56:37 -0700] "GET www.kinneryandrajan.com/?page_id=2 HTTP/1.0" 200 14125 "http://www.kinneryandrajan.com/?page_id=2" "Mozilla/4.0 (compatible; MSIE 6.0; Windows NT 5.0; KTXN)"
194.8.75.163 - - [16/May/2009:16:56:38 -0700] "POST www.kinneryandrajan.com/wp-comments-post.php HTTP/1.0" 302 0 "http://www.kinneryandrajan.com/?page_id=2" "Mozilla/4.0 (compatible; MSIE 6.0; Windows NT 5.0; KTXN)"
194.8.74.220 - - [16/May/2009:16:56:59 -0700] "GET www.kinneryandrajan.com/?page_id=2 HTTP/1.0" 200 14125 "http://www.kinneryandrajan.com/?page_id=2" "Mozilla/4.0 (compatible; MSIE 6.0; Windows NT 5.1; SV1; .NET CLR 1.1.4322)"
194.8.74.220 - - [16/May/2009:16:57:00 -0700] "POST www.kinneryandrajan.com/wp-comments-post.php HTTP/1.0" 302 0 "http://www.kinneryandrajan.com/?page_id=2" "Mozilla/4.0 (compatible; MSIE 6.0; Windows NT 5.1; SV1; .NET CLR 1.1.4322)"
66.249.70.102 - - [16/May/2009:17:01:32 -0700] "GET www.twibuzz.com/cgi/search.py?query=jade HTTP/1.1" 200 7017 "-" "Mozilla/5.0 (compatible; Googlebot/2.1; +http://www.google.com/bot.html)"
66.249.70.102 - - [16/May/2009:17:11:00 -0700] "GET www.twibuzz.com/cgi/search.py?query=malta HTTP/1.1" 200 7088 "-" "Mozilla/5.0 (compatible; Googlebot/2.1; +http://www.google.com/bot.html)"
66.249.70.102 - - [16/May/2009:17:12:11 -0700] "GET www.twibuzz.com/cgi/search.py?query=fringe HTTP/1.1" 200 71970 "-" "Mozilla/5.0 (compatible; Googlebot/2.1; +http://www.google.com/bot.html)"
66.249.70.102 - - [16/May/2009:17:14:59 -0700] "GET www.twibuzz.com/cgi/search.py?query=%23esc HTTP/1.1" 200 7254 "-" "Mozilla/5.0 (compatible; Googlebot/2.1; +http://www.google.com/bot.html)"
66.249.70.102 - - [16/May/2009:17:21:26 -0700] "GET www.twibuzz.com/cgi/search.py?query=finland HTTP/1.1" 200 22841 "-" "Mozilla/5.0 (compatible; Googlebot/2.1; +http://www.google.com/bot.html)"
194.8.75.149 - - [16/May/2009:17:24:13 -0700] "GET www.kinneryandrajan.com/?page_id=2 HTTP/1.0" 200 14125 "http://www.kinneryandrajan.com/?page_id=2" "Mozilla/4.0 (compatible; MSIE 7.0b; Windows NT 6.0)"
194.8.75.149 - - [16/May/2009:17:24:14 -0700] "POST www.kinneryandrajan.com/wp-comments-post.php HTTP/1.0" 302 0 "http://www.kinneryandrajan.com/?page_id=2" "Mozilla/4.0 (compatible; MSIE 7.0b; Windows NT 6.0)"
66.249.70.102 - - [16/May/2009:17:24:36 -0700] "GET www.twibuzz.com/cgi/search.py?query=prop+8 HTTP/1.1" 200 11253 "-" "Mozilla/5.0 (compatible; Googlebot/2.1; +http://www.google.com/bot.html)"
66.249.70.102 - - [16/May/2009:17:34:01 -0700] "GET www.twibuzz.com/cgi/search.py?query=moldova HTTP/1.1" 200 7168 "-" "Mozilla/5.0 (compatible; Googlebot/2.1; +http://www.google.com/bot.html)"
66.249.70.102 - - [16/May/2009:17:41:57 -0700] "GET www.twibuzz.com/cgi/search.py?query=madonna HTTP/1.1" 200 13671 "-" "Mozilla/5.0 (compatible; Googlebot/2.1; +http://www.google.com/bot.html)"
66.249.70.102 - - [16/May/2009:17:43:32 -0700] "GET www.twibuzz.com/cgi/search.py?query=denmark HTTP/1.1" 200 14736 "-" "Mozilla/5.0 (compatible; Googlebot/2.1; +http://www.google.com/bot.html)"
66.249.70.102 - - [16/May/2009:17:44:09 -0700] "GET www.twibuzz.com/cgi/search.py?query=armenia HTTP/1.1" 200 7245 "-" "Mozilla/5.0 (compatible; Googlebot/2.1; +http://www.google.com/bot.html)"
66.249.70.102 - - [16/May/2009:17:49:15 -0700] "GET www.twibuzz.com/cgi/search.py?query=portugal HTTP/1.1" 200 7330 "-" "Mozilla/5.0 (compatible; Googlebot/2.1; +http://www.google.com/bot.html)"
66.249.70.102 - - [16/May/2009:18:03:48 -0700] "GET www.twibuzz.com/cgi/tweets.py?q=philippines HTTP/1.1" 200 7574 "-" "Mozilla/5.0 (compatible; Googlebot/2.1; +http://www.google.com/bot.html)"
66.249.70.102 - - [16/May/2009:18:04:10 -0700] "GET www.twibuzz.com/cgi/search.py?query=azerbaijan HTTP/1.1" 200 7369 "-" "Mozilla/5.0 (compatible; Googlebot/2.1; +http://www.google.com/bot.html)"
66.249.70.102 - - [16/May/2009:18:05:10 -0700] "GET www.twibuzz.com/cgi/tweets.py?q=iceland HTTP/1.1" 200 7288 "-" "Mozilla/5.0 (compatible; Googlebot/2.1; +http://www.google.com/bot.html)"
208.80.195.51 - - [16/May/2009:18:18:34 -0700] "GET kinneryandrajan.com/ HTTP/1.0" 302 0 "-" "Mozilla/4.0 (compatible; MSIE 6.0; Windows NT 5.1; SV1; .NET CLR 2.0.50727; .NET CLR 1.0.3705; InfoPath.1; .NET CLR 3.0.04506.30; .NET CLR 1.1.4322)"
66.249.70.102 - - [16/May/2009:18:19:36 -0700] "GET www.twibuzz.com/cgi/tweets.py?q=steveagee HTTP/1.1" 200 7766 "-" "Mozilla/5.0 (compatible; Googlebot/2.1; +http://www.google.com/bot.html)"
209.131.41.48 - - [16/May/2009:18:20:18 -0700] "GET www.kinneryandrajan.com/?feed=rss2 HTTP/1.0" 200 14428 "-" "YahooFeedSeeker/2.0 (compatible; Mozilla 4.0; MSIE 5.5; http://publisher.yahoo.com/rssguide; users 1; views 101)"
66.249.70.102 - - [16/May/2009:18:32:19 -0700] "GET www.twibuzz.com/cgi/tweets.py?q=preakness HTTP/1.1" 200 7626 "-" "Mozilla/5.0 (compatible; Googlebot/2.1; +http://www.google.com/bot.html)"
66.249.70.102 - - [16/May/2009:18:37:18 -0700] "GET www.twibuzz.com/cgi/tweets.py?q=%23twumpet HTTP/1.1" 200 7645 "-" "Mozilla/5.0 (compatible; Googlebot/2.1; +http://www.google.com/bot.html)"
66.249.70.102 - - [16/May/2009:19:00:56 -0700] "GET www.twibuzz.com/cgi/tweets.py?q=%23lofnotc HTTP/1.1" 200 7779 "-" "Mozilla/5.0 (compatible; Googlebot/2.1; +http://www.google.com/bot.html)"
66.249.70.102 - - [16/May/2009:19:11:50 -0700] "GET www.twibuzz.com/cgi/tweets.py?q=%23redwings HTTP/1.1" 200 8178 "-" "Mozilla/5.0 (compatible; Googlebot/2.1; +http://www.google.com/bot.html)"
66.249.70.102 - - [16/May/2009:19:13:35 -0700] "GET www.twibuzz.com/cgi/tweets.py?q=green%20day HTTP/1.1" 200 5877 "-" "Mozilla/5.0 (compatible; Googlebot/2.1; +http://www.google.com/bot.html)"
194.8.75.163 - - [16/May/2009:19:22:37 -0700] "GET www.kinneryandrajan.com/?page_id=2 HTTP/1.0" 200 14125 "http://www.kinneryandrajan.com/?page_id=2" "Mozilla/4.0 (compatible; MSIE 6.0; Windows NT 5.2; Win64; AMD64)"
194.8.75.163 - - [16/May/2009:19:22:40 -0700] "POST www.kinneryandrajan.com/wp-comments-post.php HTTP/1.0" 302 0 "http://www.kinneryandrajan.com/?page_id=2" "Mozilla/4.0 (compatible; MSIE 6.0; Windows NT 5.2; Win64; AMD64)"
194.8.74.220 - - [16/May/2009:19:23:01 -0700] "GET www.kinneryandrajan.com/?page_id=2 HTTP/1.0" 200 14125 "http://www.kinneryandrajan.com/?page_id=2" "Mozilla/4.0 (compatible; MSIE 6.0; Windows NT 5.1; SV1; .NET CLR 1.1.4322; .NET CLR 2.0.50727)"
194.8.74.220 - - [16/May/2009:19:23:03 -0700] "POST www.kinneryandrajan.com/wp-comments-post.php HTTP/1.0" 302 0 "http://www.kinneryandrajan.com/?page_id=2" "Mozilla/4.0 (compatible; MSIE 6.0; Windows NT 5.1; SV1; .NET CLR 1.1.4322; .NET CLR 2.0.50727)"
74.6.22.103 - - [16/May/2009:19:23:15 -0700] "GET www.twibuzz.com/ HTTP/1.0" 200 134826 "-" "Mozilla/5.0 (compatible; Yahoo! Slurp/3.0; http://help.yahoo.com/help/us/ysearch/slurp)"
74.6.22.103 - - [16/May/2009:19:23:18 -0700] "GET www.twibuzz.com/style.css HTTP/1.0" 304 - "http://www.twibuzz.com/" "Mozilla/5.0 (compatible; Yahoo! Slurp/3.0; http://help.yahoo.com/help/us/ysearch/slurp)"
74.6.22.103 - - [16/May/2009:19:25:59 -0700] "GET www.twibuzz.com/cgi/search.py?query=nascar HTTP/1.0" 200 6684 "-" "Mozilla/5.0 (compatible; Yahoo! Slurp/3.0; http://help.yahoo.com/help/us/ysearch/slurp)"
74.6.22.103 - - [16/May/2009:19:26:01 -0700] "GET www.twibuzz.com/cgi/tweets.py?q=nascar HTTP/1.0" 200 7679 "http://www.twibuzz.com/cgi/search.py?query=nascar" "Mozilla/5.0 (compatible; Yahoo! Slurp/3.0; http://help.yahoo.com/help/us/ysearch/slurp)"
201.239.160.238 - - [16/May/2009:19:33:38 -0700] "GET twibuzz.com/style.css HTTP/1.1" 200 639 "http://twibuzz.com/" "Mozilla/5.0 (Windows; U; Windows NT 5.1; es-ES; rv:1.9.0.10) Gecko/2009042316 Firefox/3.0.10 GTB5"
201.239.160.238 - - [16/May/2009:19:33:38 -0700] "GET twibuzz.com/logo.png HTTP/1.1" 200 5410 "http://twibuzz.com/" "Mozilla/5.0 (Windows; U; Windows NT 5.1; es-ES; rv:1.9.0.10) Gecko/2009042316 Firefox/3.0.10 GTB5"
201.239.160.238 - - [16/May/2009:19:33:40 -0700] "GET twibuzz.com/ HTTP/1.1" 200 134877 "http://es.wikipedia.org/wiki/Twitter" "Mozilla/5.0 (Windows; U; Windows NT 5.1; es-ES; rv:1.9.0.10) Gecko/2009042316 Firefox/3.0.10 GTB5"
201.239.160.238 - - [16/May/2009:19:33:44 -0700] "GET twibuzz.com/favicon.ico HTTP/1.1" 404 - "-" "Mozilla/5.0 (Windows; U; Windows NT 5.1; es-ES; rv:1.9.0.10) Gecko/2009042316 Firefox/3.0.10 GTB5"
201.239.160.238 - - [16/May/2009:19:33:47 -0700] "GET twibuzz.com/favicon.ico HTTP/1.1" 404 - "-" "Mozilla/5.0 (Windows; U; Windows NT 5.1; es-ES; rv:1.9.0.10) Gecko/2009042316 Firefox/3.0.10 GTB5"
74.6.22.103 - - [16/May/2009:19:40:28 -0700] "GET www.twibuzz.com/cgi/search.py?query=%23wearelasers HTTP/1.0" 200 6798 "-" "Mozilla/5.0 (compatible; Yahoo! Slurp/3.0; http://help.yahoo.com/help/us/ysearch/slurp)"
74.6.22.103 - - [16/May/2009:19:40:31 -0700] "GET www.twibuzz.com/cgi/tweets.py?q=%23wearelasers HTTP/1.0" 200 7687 "http://www.twibuzz.com/cgi/search.py?query=%23wearelasers" "Mozilla/5.0 (compatible; Yahoo! Slurp/3.0; http://help.yahoo.com/help/us/ysearch/slurp)"
74.6.22.103 - - [16/May/2009:19:43:44 -0700] "GET www.twibuzz.com/cgi/search.py?query=%233turnoffwords HTTP/1.0" 200 6898 "-" "Mozilla/5.0 (compatible; Yahoo! Slurp/3.0; http://help.yahoo.com/help/us/ysearch/slurp)"
74.6.22.103 - - [16/May/2009:19:43:45 -0700] "GET www.twibuzz.com/cgi/tweets.py?q=%233turnoffwords HTTP/1.0" 200 7181 "http://www.twibuzz.com/cgi/search.py?query=%233turnoffwords" "Mozilla/5.0 (compatible; Yahoo! Slurp/3.0; http://help.yahoo.com/help/us/ysearch/slurp)"
194.8.75.149 - - [16/May/2009:19:50:13 -0700] "GET www.kinneryandrajan.com/?page_id=2 HTTP/1.0" 200 14125 "http://www.kinneryandrajan.com/?page_id=2" "Opera/9.01 (Windows NT 5.1; U; en)"
194.8.75.149 - - [16/May/2009:19:50:15 -0700] "POST www.kinneryandrajan.com/wp-comments-post.php HTTP/1.0" 302 0 "http://www.kinneryandrajan.com/?page_id=2" "Opera/9.01 (Windows NT 5.1; U; en)"
66.249.70.102 - - [16/May/2009:19:57:41 -0700] "GET www.twibuzz.com/cgi/tweets.py?q=%23eurovision HTTP/1.1" 200 6804 "-" "Mozilla/5.0 (compatible; Googlebot/2.1; +http://www.google.com/bot.html)"
66.249.70.102 - - [16/May/2009:19:57:56 -0700] "GET www.twibuzz.com/cgi/tweets.py?q=jade HTTP/1.1" 200 7615 "-" "Mozilla/5.0 (compatible; Googlebot/2.1; +http://www.google.com/bot.html)"
66.249.70.102 - - [16/May/2009:19:58:54 -0700] "GET www.twibuzz.com/cgi/tweets.py?q=malta HTTP/1.1" 200 5694 "-" "Mozilla/5.0 (compatible; Googlebot/2.1; +http://www.google.com/bot.html)"
72.30.142.90 - - [16/May/2009:20:00:34 -0700] "GET www.kinneryandrajan.com/wp-content/themes/inove/style.css HTTP/1.0" 304 - "http://www.kinneryandrajan.com/?m=200904" "Mozilla/5.0 (compatible; Yahoo! Slurp/3.0; http://help.yahoo.com/help/us/ysearch/slurp)"
72.30.142.90 - - [16/May/2009:20:00:34 -0700] "GET www.kinneryandrajan.com/?m=200904 HTTP/1.0" 200 12970 "-" "Mozilla/5.0 (compatible; Yahoo! Slurp/3.0; http://help.yahoo.com/help/us/ysearch/slurp)"
72.30.142.90 - - [16/May/2009:20:00:34 -0700] "GET www.kinneryandrajan.com/wp-content/plugins/wp-recaptcha/recaptcha.css HTTP/1.0" 304 - "http://www.kinneryandrajan.com/?m=200904" "Mozilla/5.0 (compatible; Yahoo! Slurp/3.0; http://help.yahoo.com/help/us/ysearch/slurp)"
66.249.70.102 - - [16/May/2009:20:02:04 -0700] "GET www.twibuzz.com/cgi/tweets.py?q=%23esc HTTP/1.1" 200 2759 "-" "Mozilla/5.0 (compatible; Googlebot/2.1; +http://www.google.com/bot.html)"
74.6.22.103 - - [16/May/2009:20:10:05 -0700] "GET www.twibuzz.com/cgi/search.py?query=%233hotwords HTTP/1.0" 200 6959 "-" "Mozilla/5.0 (compatible; Yahoo! Slurp/3.0; http://help.yahoo.com/help/us/ysearch/slurp)"
74.6.22.103 - - [16/May/2009:20:10:06 -0700] "GET www.twibuzz.com/cgi/tweets.py?q=%233hotwords HTTP/1.0" 200 6478 "http://www.twibuzz.com/cgi/search.py?query=%233hotwords" "Mozilla/5.0 (compatible; Yahoo! Slurp/3.0; http://help.yahoo.com/help/us/ysearch/slurp)"
66.249.70.102 - - [16/May/2009:20:11:39 -0700] "GET www.twibuzz.com/cgi/tweets.py?q=fringe HTTP/1.1" 200 7516 "-" "Mozilla/5.0 (compatible; Googlebot/2.1; +http://www.google.com/bot.html)"
66.249.70.102 - - [16/May/2009:20:14:23 -0700] "GET www.twibuzz.com/cgi/tweets.py?q=denmark HTTP/1.1" 200 8075 "-" "Mozilla/5.0 (compatible; Googlebot/2.1; +http://www.google.com/bot.html)"
201.6.229.96 - - [16/May/2009:20:44:16 -0700] "GET www.twibuzz.com/cgi/search.py HTTP/1.1" 200 166732 "-" "Mozilla/5.0 (Windows; U; Windows NT 5.1; en-US) AppleWebKit/525.19 (KHTML, like Gecko) Chrome/1.0.154.65 Safari/525.19"
201.6.229.96 - - [16/May/2009:20:44:16 -0700] "GET www.twibuzz.com/style.css HTTP/1.1" 200 639 "http://www.twibuzz.com/cgi/search.py" "Mozilla/5.0 (Windows; U; Windows NT 5.1; en-US) AppleWebKit/525.19 (KHTML, like Gecko) Chrome/1.0.154.65 Safari/525.19"
201.6.229.96 - - [16/May/2009:20:44:16 -0700] "GET www.twibuzz.com/logo.png HTTP/1.1" 200 5410 "http://www.twibuzz.com/cgi/search.py" "Mozilla/5.0 (Windows; U; Windows NT 5.1; en-US) AppleWebKit/525.19 (KHTML, like Gecko) Chrome/1.0.154.65 Safari/525.19"
201.6.229.96 - - [16/May/2009:20:44:20 -0700] "GET www.twibuzz.com/cgi/tweets.py?q=apple HTTP/1.1" 200 7904 "http://www.twibuzz.com/cgi/search.py" "Mozilla/5.0 (Windows; U; Windows NT 5.1; en-US) AppleWebKit/525.19 (KHTML, like Gecko) Chrome/1.0.154.65 Safari/525.19"
201.6.229.96 - - [16/May/2009:20:46:25 -0700] "GET www.twibuzz.com/cgi/search.py?query=wolframalpha HTTP/1.1" 200 11601 "http://www.twibuzz.com/cgi/search.py" "Mozilla/5.0 (Windows; U; Windows NT 5.1; en-US) AppleWebKit/525.19 (KHTML, like Gecko) Chrome/1.0.154.65 Safari/525.19"
201.6.229.96 - - [16/May/2009:20:46:29 -0700] "GET www.twibuzz.com/cgi/tweets.py?q=wolframalpha HTTP/1.1" 200 7450 "http://www.twibuzz.com/cgi/search.py?query=wolframalpha" "Mozilla/5.0 (Windows; U; Windows NT 5.1; en-US) AppleWebKit/525.19 (KHTML, like Gecko) Chrome/1.0.154.65 Safari/525.19"
201.6.229.96 - - [16/May/2009:20:47:01 -0700] "GET www.twibuzz.com/cgi/tweets.py?q=wolframalpha&since=2009-05-16&until=2009-05-16 HTTP/1.1" 200 6344 "http://www.twibuzz.com/cgi/search.py?query=wolframalpha" "Mozilla/5.0 (Windows; U; Windows NT 5.1; en-US) AppleWebKit/525.19 (KHTML, like Gecko) Chrome/1.0.154.65 Safari/525.19"
201.6.229.96 - - [16/May/2009:20:47:04 -0700] "GET www.twibuzz.com/cgi/tweets.py?q=wolframalpha&since=2009-05-16&until=2009-05-16 HTTP/1.1" 200 6344 "http://www.twibuzz.com/cgi/search.py?query=wolframalpha" "Mozilla/5.0 (Windows; U; Windows NT 5.1; en-US) AppleWebKit/525.19 (KHTML, like Gecko) Chrome/1.0.154.65 Safari/525.19"
201.6.229.96 - - [16/May/2009:20:47:06 -0700] "GET www.twibuzz.com/cgi/tweets.py?q=wolframalpha&since=2009-05-16&until=2009-05-16 HTTP/1.1" 200 6344 "http://www.twibuzz.com/cgi/search.py?query=wolframalpha" "Mozilla/5.0 (Windows; U; Windows NT 5.1; en-US) AppleWebKit/525.19 (KHTML, like Gecko) Chrome/1.0.154.65 Safari/525.19"
201.6.229.96 - - [16/May/2009:20:47:08 -0700] "GET www.twibuzz.com/cgi/tweets.py?q=wolframalpha&since=2009-05-15&until=2009-05-16 HTTP/1.1" 200 6344 "http://www.twibuzz.com/cgi/search.py?query=wolframalpha" "Mozilla/5.0 (Windows; U; Windows NT 5.1; en-US) AppleWebKit/525.19 (KHTML, like Gecko) Chrome/1.0.154.65 Safari/525.19"
201.6.229.96 - - [16/May/2009:20:47:10 -0700] "GET www.twibuzz.com/cgi/tweets.py?q=wolframalpha&since=2009-05-15&until=2009-05-16 HTTP/1.1" 200 6344 "http://www.twibuzz.com/cgi/search.py?query=wolframalpha" "Mozilla/5.0 (Windows; U; Windows NT 5.1; en-US) AppleWebKit/525.19 (KHTML, like Gecko) Chrome/1.0.154.65 Safari/525.19"
74.6.22.103 - - [16/May/2009:21:04:48 -0700] "GET www.twibuzz.com/robots.txt HTTP/1.0" 404 - "-" "Mozilla/5.0 (compatible; Yahoo! Slurp; http://help.yahoo.com/help/us/ysearch/slurp)"
74.6.22.103 - - [16/May/2009:21:04:50 -0700] "GET www.twibuzz.com/cgi/search.py?query=morning HTTP/1.0" 200 48790 "-" "Mozilla/5.0 (compatible; Yahoo! Slurp/3.0; http://help.yahoo.com/help/us/ysearch/slurp)"
74.6.22.103 - - [16/May/2009:21:04:55 -0700] "GET www.twibuzz.com/cgi/tweets.py?q=morning HTTP/1.0" 200 7637 "http://www.twibuzz.com/cgi/search.py?query=morning" "Mozilla/5.0 (compatible; Yahoo! Slurp/3.0; http://help.yahoo.com/help/us/ysearch/slurp)"
66.249.70.102 - - [16/May/2009:21:23:40 -0700] "GET www.twibuzz.com/cgi/tweets.py?q=moldova HTTP/1.1" 200 6886 "-" "Mozilla/5.0 (compatible; Googlebot/2.1; +http://www.google.com/bot.html)"
66.249.70.102 - - [16/May/2009:21:24:31 -0700] "GET www.twibuzz.com/cgi/tweets.py?q=armenia HTTP/1.1" 200 7879 "-" "Mozilla/5.0 (compatible; Googlebot/2.1; +http://www.google.com/bot.html)"
66.249.70.102 - - [16/May/2009:21:24:49 -0700] "GET www.twibuzz.com/cgi/tweets.py?q=finland HTTP/1.1" 200 6917 "-" "Mozilla/5.0 (compatible; Googlebot/2.1; +http://www.google.com/bot.html)"
66.249.70.102 - - [16/May/2009:21:34:55 -0700] "GET www.twibuzz.com/cgi/tweets.py?q=madonna HTTP/1.1" 200 7127 "-" "Mozilla/5.0 (compatible; Googlebot/2.1; +http://www.google.com/bot.html)"
66.249.70.102 - - [16/May/2009:21:38:26 -0700] "GET www.twibuzz.com/cgi/tweets.py?q=portugal HTTP/1.1" 200 3786 "-" "Mozilla/5.0 (compatible; Googlebot/2.1; +http://www.google.com/bot.html)"
66.249.70.102 - - [16/May/2009:21:42:34 -0700] "GET www.twibuzz.com/cgi/tweets.py?q=azerbaijan HTTP/1.1" 200 7076 "-" "Mozilla/5.0 (compatible; Googlebot/2.1; +http://www.google.com/bot.html)"
194.8.75.163 - - [16/May/2009:21:48:37 -0700] "GET www.kinneryandrajan.com/?page_id=2 HTTP/1.0" 200 14125 "http://www.kinneryandrajan.com/?page_id=2" "Mozilla/4.0 (compatible; MSIE 6.0; Windows NT 5.1; MRA 4.3 (build 01218); .NET CLR 1.1.4322)"
194.8.75.163 - - [16/May/2009:21:48:38 -0700] "POST www.kinneryandrajan.com/wp-comments-post.php HTTP/1.0" 302 0 "http://www.kinneryandrajan.com/?page_id=2" "Mozilla/4.0 (compatible; MSIE 6.0; Windows NT 5.1; MRA 4.3 (build 01218); .NET CLR 1.1.4322)"
194.8.74.220 - - [16/May/2009:21:48:56 -0700] "GET www.kinneryandrajan.com/?page_id=2 HTTP/1.0" 200 14125 "http://www.kinneryandrajan.com/?page_id=2" "Mozilla/4.0 (compatible; MSIE 6.0; Windows NT 5.1; SV1; .NET CLR 1.1.4322; XMPP Tiscali Communicator v.10.0.2; .NET CLR 2.0.50727)"
194.8.74.220 - - [16/May/2009:21:48:57 -0700] "POST www.kinneryandrajan.com/wp-comments-post.php HTTP/1.0" 302 0 "http://www.kinneryandrajan.com/?page_id=2" "Mozilla/4.0 (compatible; MSIE 6.0; Windows NT 5.1; SV1; .NET CLR 1.1.4322; XMPP Tiscali Communicator v.10.0.2; .NET CLR 2.0.50727)"
66.249.70.102 - - [16/May/2009:21:49:58 -0700] "GET www.twibuzz.com/cgi/tweets.py?q=%23knitting HTTP/1.1" 200 8031 "-" "Mozilla/5.0 (compatible; Googlebot/2.1; +http://www.google.com/bot.html)"
66.249.70.102 - - [16/May/2009:21:51:21 -0700] "GET www.twibuzz.com/cgi/tweets.py?q=red%20wings HTTP/1.1" 200 7877 "-" "Mozilla/5.0 (compatible; Googlebot/2.1; +http://www.google.com/bot.html)"
66.249.70.102 - - [16/May/2009:21:51:56 -0700] "GET www.twibuzz.com/cgi/tweets.py?q=%23whyitweet HTTP/1.1" 200 6603 "-" "Mozilla/5.0 (compatible; Googlebot/2.1; +http://www.google.com/bot.html)"
66.249.70.102 - - [16/May/2009:21:53:27 -0700] "GET www.twibuzz.com/cgi/search.py?query=%23hindi HTTP/1.1" 200 19273 "-" "Mozilla/5.0 (compatible; Googlebot/2.1; +http://www.google.com/bot.html)"
66.249.70.102 - - [16/May/2009:21:59:07 -0700] "GET www.twibuzz.com/cgi/search.py?query=espn HTTP/1.1" 200 7350 "-" "Mozilla/5.0 (compatible; Googlebot/2.1; +http://www.google.com/bot.html)"
66.249.70.102 - - [16/May/2009:22:04:03 -0700] "GET www.twibuzz.com/cgi/tweets.py?q=wolframalpha HTTP/1.1" 200 7945 "-" "Mozilla/5.0 (compatible; Googlebot/2.1; +http://www.google.com/bot.html)"
74.6.22.103 - - [16/May/2009:22:04:05 -0700] "GET www.twibuzz.com/cgi/search.py?query=demons HTTP/1.0" 200 7184 "-" "Mozilla/5.0 (compatible; Yahoo! Slurp/3.0; http://help.yahoo.com/help/us/ysearch/slurp)"
74.6.22.103 - - [16/May/2009:22:04:07 -0700] "GET www.twibuzz.com/style.css HTTP/1.0" 304 - "http://www.twibuzz.com/cgi/search.py?query=demons" "Mozilla/5.0 (compatible; Yahoo! Slurp/3.0; http://help.yahoo.com/help/us/ysearch/slurp)"
74.6.22.103 - - [16/May/2009:22:04:10 -0700] "GET www.twibuzz.com/cgi/tweets.py?q=demons HTTP/1.0" 200 7318 "http://www.twibuzz.com/cgi/search.py?query=demons" "Mozilla/5.0 (compatible; Yahoo! Slurp/3.0; http://help.yahoo.com/help/us/ysearch/slurp)"
72.167.232.193 - - [16/May/2009:22:16:13 -0700] "HEAD www.kinneryandrajan.com/wp-cron.php?check=7106ae27ea4c45ab67094da19cc97812 HTTP/1.0" 200 0 "-" "WordPress/2.7"
194.8.75.149 - - [16/May/2009:22:16:13 -0700] "GET www.kinneryandrajan.com/?page_id=2 HTTP/1.0" 200 14125 "http://www.kinneryandrajan.com/?page_id=2" "Mozilla/4.0 (compatible; MSIE 7.0; Windows NT 5.1; SV1; .NET CLR 2.0.50727)"
194.8.75.149 - - [16/May/2009:22:16:14 -0700] "POST www.kinneryandrajan.com/wp-comments-post.php HTTP/1.0" 302 0 "http://www.kinneryandrajan.com/?page_id=2" "Mozilla/4.0 (compatible; MSIE 7.0; Windows NT 5.1; SV1; .NET CLR 2.0.50727)"
66.249.70.102 - - [16/May/2009:22:18:41 -0700] "GET www.twibuzz.com/cgi/tweets.py?q=annie%20duke HTTP/1.1" 200 7831 "-" "Mozilla/5.0 (compatible; Googlebot/2.1; +http://www.google.com/bot.html)"
66.249.70.102 - - [16/May/2009:22:19:51 -0700] "GET www.twibuzz.com/cgi/search.py?query=%23smo09 HTTP/1.1" 200 12253 "-" "Mozilla/5.0 (compatible; Googlebot/2.1; +http://www.google.com/bot.html)"
66.249.70.102 - - [16/May/2009:22:22:20 -0700] "GET www.twibuzz.com/cgi/search.py?query=congress HTTP/1.1" 200 10706 "-" "Mozilla/5.0 (compatible; Googlebot/2.1; +http://www.google.com/bot.html)"
66.249.70.102 - - [16/May/2009:22:30:09 -0700] "GET www.twibuzz.com/cgi/search.py?query=star+trek HTTP/1.1" 200 138118 "-" "Mozilla/5.0 (compatible; Googlebot/2.1; +http://www.google.com/bot.html)"
66.249.70.102 - - [16/May/2009:22:33:39 -0700] "GET www.twibuzz.com/cgi/tweets.py?q=%23unconf2009 HTTP/1.1" 200 7890 "-" "Mozilla/5.0 (compatible; Googlebot/2.1; +http://www.google.com/bot.html)"
66.249.70.102 - - [16/May/2009:22:41:36 -0700] "GET www.twibuzz.com/cgi/tweets.py?q=danny%20gokey HTTP/1.1" 200 7989 "-" "Mozilla/5.0 (compatible; Googlebot/2.1; +http://www.google.com/bot.html)"
66.249.70.102 - - [16/May/2009:22:44:53 -0700] "GET www.twibuzz.com/cgi/tweets.py?q=%23alltimelow HTTP/1.1" 200 7808 "-" "Mozilla/5.0 (compatible; Googlebot/2.1; +http://www.google.com/bot.html)"
66.249.70.102 - - [16/May/2009:22:45:00 -0700] "GET www.twibuzz.com/cgi/tweets.py?q=%23googlefail HTTP/1.1" 200 6846 "-" "Mozilla/5.0 (compatible; Googlebot/2.1; +http://www.google.com/bot.html)"
66.249.70.102 - - [16/May/2009:23:02:55 -0700] "GET www.twibuzz.com/cgi/search.py?query=radiotagr HTTP/1.1" 200 119799 "-" "Mozilla/5.0 (compatible; Googlebot/2.1; +http://www.google.com/bot.html)"
66.249.70.102 - - [16/May/2009:23:06:00 -0700] "GET www.twibuzz.com/cgi/tweets.py?q=%23bwetweetup HTTP/1.1" 200 7939 "-" "Mozilla/5.0 (compatible; Googlebot/2.1; +http://www.google.com/bot.html)"
74.6.22.103 - - [16/May/2009:23:12:20 -0700] "GET www.twibuzz.com/cgi/search.py?query=goodnight HTTP/1.0" 200 129686 "-" "Mozilla/5.0 (compatible; Yahoo! Slurp/3.0; http://help.yahoo.com/help/us/ysearch/slurp)"
74.6.22.103 - - [16/May/2009:23:12:22 -0700] "GET www.twibuzz.com/cgi/tweets.py?q=goodnight HTTP/1.0" 200 6888 "http://www.twibuzz.com/cgi/search.py?query=goodnight" "Mozilla/5.0 (compatible; Yahoo! Slurp/3.0; http://help.yahoo.com/help/us/ysearch/slurp)"
66.249.70.102 - - [16/May/2009:23:14:54 -0700] "GET www.twibuzz.com/cgi/search.py?query=%23nascar HTTP/1.1" 200 7770 "-" "Mozilla/5.0 (compatible; Googlebot/2.1; +http://www.google.com/bot.html)"
66.249.70.102 - - [16/May/2009:23:19:58 -0700] "GET www.twibuzz.com/cgi/tweets.py?q=%23foodallergy HTTP/1.1" 200 8143 "-" "Mozilla/5.0 (compatible; Googlebot/2.1; +http://www.google.com/bot.html)"
66.249.70.102 - - [16/May/2009:23:22:40 -0700] "GET www.twibuzz.com/cgi/tweets.py?q=donald%20trump HTTP/1.1" 200 7601 "-" "Mozilla/5.0 (compatible; Googlebot/2.1; +http://www.google.com/bot.html)"
66.249.70.102 - - [16/May/2009:23:35:39 -0700] "GET www.twibuzz.com/cgi/tweets.py?q=%23twitterfail HTTP/1.1" 200 7993 "-" "Mozilla/5.0 (compatible; Googlebot/2.1; +http://www.google.com/bot.html)"
66.249.70.102 - - [16/May/2009:23:37:39 -0700] "GET www.twibuzz.com/cgi/tweets.py?q=%23savethegame HTTP/1.1" 200 7912 "-" "Mozilla/5.0 (compatible; Googlebot/2.1; +http://www.google.com/bot.html)"
66.249.70.102 - - [16/May/2009:23:47:05 -0700] "GET www.twibuzz.com/cgi/tweets.py?q=charm%20school HTTP/1.1" 200 7809 "-" "Mozilla/5.0 (compatible; Googlebot/2.1; +http://www.google.com/bot.html)"
66.249.70.102 - - [16/May/2009:23:49:59 -0700] "GET www.twibuzz.com/cgi/search.py?query=confession HTTP/1.1" 200 12620 "-" "Mozilla/5.0 (compatible; Googlebot/2.1; +http://www.google.com/bot.html)"
66.249.70.102 - - [17/May/2009:00:07:59 -0700] "GET www.twibuzz.com/robots.txt HTTP/1.1" 404 - "-" "Mozilla/5.0 (compatible; Googlebot/2.1; +http://www.google.com/bot.html)"
66.249.70.102 - - [17/May/2009:00:08:00 -0700] "GET www.twibuzz.com/cgi/search.py?query=tgif HTTP/1.1" 200 80857 "-" "Mozilla/5.0 (compatible; Googlebot/2.1; +http://www.google.com/bot.html)"
66.249.70.102 - - [17/May/2009:00:09:02 -0700] "GET www.twibuzz.com/cgi/tweets.py?q=%23socialmedia HTTP/1.1" 200 8354 "-" "Mozilla/5.0 (compatible; Googlebot/2.1; +http://www.google.com/bot.html)"
66.249.70.102 - - [17/May/2009:00:09:17 -0700] "GET www.twibuzz.com/cgi/search.py?query=twitterhit HTTP/1.1" 200 14963 "-" "Mozilla/5.0 (compatible; Googlebot/2.1; +http://www.google.com/bot.html)"
66.249.70.102 - - [17/May/2009:00:14:29 -0700] "GET www.twibuzz.com/cgi/search.py?query=kfc HTTP/1.1" 200 111707 "-" "Mozilla/5.0 (compatible; Googlebot/2.1; +http://www.google.com/bot.html)"
194.8.75.163 - - [17/May/2009:00:14:38 -0700] "GET www.kinneryandrajan.com/?page_id=2 HTTP/1.0" 200 14125 "http://www.kinneryandrajan.com/?page_id=2" "Mozilla/4.0 (compatible; MSIE 6.0; Windows NT 5.1; Maxthon; .NET CLR 1.1.4322)"
194.8.75.163 - - [17/May/2009:00:14:39 -0700] "POST www.kinneryandrajan.com/wp-comments-post.php HTTP/1.0" 302 0 "http://www.kinneryandrajan.com/?page_id=2" "Mozilla/4.0 (compatible; MSIE 6.0; Windows NT 5.1; Maxthon; .NET CLR 1.1.4322)"
194.8.74.220 - - [17/May/2009:00:14:57 -0700] "GET www.kinneryandrajan.com/?page_id=2 HTTP/1.0" 200 14125 "http://www.kinneryandrajan.com/?page_id=2" "Mozilla/4.0 (compatible; MSIE 5.5; Windows NT 4.0; .NET CLR 1.0.2914)"
194.8.74.220 - - [17/May/2009:00:14:58 -0700] "POST www.kinneryandrajan.com/wp-comments-post.php HTTP/1.0" 302 0 "http://www.kinneryandrajan.com/?page_id=2" "Mozilla/4.0 (compatible; MSIE 5.5; Windows NT 4.0; .NET CLR 1.0.2914)"
74.86.223.42 - - [17/May/2009:00:16:19 -0700] "GET www.twibuzz.com/ HTTP/1.1" 200 135902 "http://www.followsite.com/bot.html" "FollowSite Bot ( http://www.followsite.com/bot.html )"
66.249.70.102 - - [17/May/2009:00:16:34 -0700] "GET www.twibuzz.com/cgi/search.py?query=%23twithit HTTP/1.1" 200 14629 "-" "Mozilla/5.0 (compatible; Googlebot/2.1; +http://www.google.com/bot.html)"
77.179.195.218 - - [17/May/2009:00:17:42 -0700] "GET www.twibuzz.com/robots.txt HTTP/1.1" 404 - "-" "Jakarta Commons-HttpClient/3.1"
66.249.70.102 - - [17/May/2009:00:20:29 -0700] "GET www.twibuzz.com/cgi/tweets.py?q=prison%20break HTTP/1.1" 200 5903 "-" "Mozilla/5.0 (compatible; Googlebot/2.1; +http://www.google.com/bot.html)"
66.249.70.102 - - [17/May/2009:00:20:32 -0700] "GET www.twibuzz.com/cgi/search.py?query=matt HTTP/1.1" 200 148273 "-" "Mozilla/5.0 (compatible; Googlebot/2.1; +http://www.google.com/bot.html)"
66.249.70.102 - - [17/May/2009:00:24:01 -0700] "GET www.twibuzz.com/cgi/tweets.py?q=%23supernatural HTTP/1.1" 200 6971 "-" "Mozilla/5.0 (compatible; Googlebot/2.1; +http://www.google.com/bot.html)"
209.131.41.49 - - [17/May/2009:00:24:51 -0700] "GET www.kinneryandrajan.com/?feed=rss2 HTTP/1.0" 200 14428 "-" "YahooFeedSeeker/2.0 (compatible; Mozilla 4.0; MSIE 5.5; http://publisher.yahoo.com/rssguide; users 1; views 101)"
66.249.70.102 - - [17/May/2009:00:30:43 -0700] "GET www.twibuzz.com/cgi/tweets.py?q=%23indiavotes09 HTTP/1.1" 200 7892 "-" "Mozilla/5.0 (compatible; Googlebot/2.1; +http://www.google.com/bot.html)"
66.249.70.102 - - [17/May/2009:00:34:39 -0700] "GET www.twibuzz.com/cgi/search.py?query=adam HTTP/1.1" 200 132909 "-" "Mozilla/5.0 (compatible; Googlebot/2.1; +http://www.google.com/bot.html)"
66.249.70.102 - - [17/May/2009:00:34:59 -0700] "GET www.twibuzz.com/cgi/tweets.py?q=%23makesmesmile HTTP/1.1" 200 7048 "-" "Mozilla/5.0 (compatible; Googlebot/2.1; +http://www.google.com/bot.html)"
66.249.70.102 - - [17/May/2009:00:37:57 -0700] "GET www.twibuzz.com/cgi/tweets.py?q=biggest%20loser HTTP/1.1" 200 7699 "-" "Mozilla/5.0 (compatible; Googlebot/2.1; +http://www.google.com/bot.html)"
194.8.75.149 - - [17/May/2009:00:42:13 -0700] "GET www.kinneryandrajan.com/?page_id=2 HTTP/1.0" 200 14125 "http://www.kinneryandrajan.com/?page_id=2" "Mozilla/4.0 (compatible; MSIE 6.0; Windows NT 5.1; SV1; FunWebProducts)"
194.8.75.149 - - [17/May/2009:00:42:15 -0700] "POST www.kinneryandrajan.com/wp-comments-post.php HTTP/1.0" 302 0 "http://www.kinneryandrajan.com/?page_id=2" "Mozilla/4.0 (compatible; MSIE 6.0; Windows NT 5.1; SV1; FunWebProducts)"
66.249.70.102 - - [17/May/2009:00:44:28 -0700] "GET www.twibuzz.com/cgi/tweets.py?q=%23wolframalpha HTTP/1.1" 200 7257 "-" "Mozilla/5.0 (compatible; Googlebot/2.1; +http://www.google.com/bot.html)"
74.6.22.103 - - [17/May/2009:00:49:16 -0700] "GET www.twibuzz.com/cgi/search.py?query=spike+lee HTTP/1.0" 200 7498 "-" "Mozilla/5.0 (compatible; Yahoo! Slurp/3.0; http://help.yahoo.com/help/us/ysearch/slurp)"
74.6.22.103 - - [17/May/2009:00:49:17 -0700] "GET www.twibuzz.com/style.css HTTP/1.0" 304 - "http://www.twibuzz.com/cgi/search.py?query=spike+lee" "Mozilla/5.0 (compatible; Yahoo! Slurp/3.0; http://help.yahoo.com/help/us/ysearch/slurp)"
74.6.22.103 - - [17/May/2009:00:49:20 -0700] "GET www.twibuzz.com/cgi/tweets.py?q=spike%20lee HTTP/1.0" 200 7638 "http://www.twibuzz.com/cgi/search.py?query=spike+lee" "Mozilla/5.0 (compatible; Yahoo! Slurp/3.0; http://help.yahoo.com/help/us/ysearch/slurp)"
66.249.70.102 - - [17/May/2009:00:50:41 -0700] "GET www.twibuzz.com/cgi/search.py?query=jonas HTTP/1.1" 200 108623 "-" "Mozilla/5.0 (compatible; Googlebot/2.1; +http://www.google.com/bot.html)"
66.249.70.102 - - [17/May/2009:00:51:53 -0700] "GET www.twibuzz.com/cgi/tweets.py?q=graham%20norton HTTP/1.1" 200 7283 "-" "Mozilla/5.0 (compatible; Googlebot/2.1; +http://www.google.com/bot.html)"
216.129.119.45 - - [17/May/2009:01:22:42 -0700] "GET www.recipewithme.com/robots.txt HTTP/1.0" 404 1691 "-" "Mozilla/5.0 (Twiceler-0.9 http://www.cuil.com/twiceler/robot.html)"
66.249.70.102 - - [17/May/2009:01:24:27 -0700] "GET www.twibuzz.com/cgi/search.py?query=cricket HTTP/1.1" 200 138533 "-" "Mozilla/5.0 (compatible; Googlebot/2.1; +http://www.google.com/bot.html)"
66.249.70.102 - - [17/May/2009:01:29:24 -0700] "GET www.twibuzz.com/cgi/search.py?query=%23startrek HTTP/1.1" 200 56522 "-" "Mozilla/5.0 (compatible; Googlebot/2.1; +http://www.google.com/bot.html)"
216.129.119.44 - - [17/May/2009:01:42:53 -0700] "GET www.kinneryandrajan.com/?p=17 HTTP/1.0" 200 14948 "-" "Mozilla/5.0 (Twiceler-0.9 http://www.cuil.com/twiceler/robot.html)"
216.129.119.44 - - [17/May/2009:01:45:59 -0700] "GET www.kinneryandrajan.com/?p=1 HTTP/1.0" 200 21448 "-" "Mozilla/5.0 (Twiceler-0.9 http://www.cuil.com/twiceler/robot.html)"
95.134.34.215 - - [17/May/2009:01:57:49 -0700] "GET www.kinneryandrajan.com/wp-login.php HTTP/1.0" 200 2336 "http://www.kinneryandrajan.com/wp-login.php" "Mozilla/4.0 (compatible; MSIE 6.0; Windows 98; Win 9x 4.90)"
66.249.70.102 - - [17/May/2009:01:58:00 -0700] "GET www.twibuzz.com/cgi/search.py?query=mothers+day HTTP/1.1" 200 51897 "-" "Mozilla/5.0 (compatible; Googlebot/2.1; +http://www.google.com/bot.html)"
74.6.22.103 - - [17/May/2009:02:01:10 -0700] "GET www.twibuzz.com/cgi/search.py?query=game+7 HTTP/1.0" 200 103984 "-" "Mozilla/5.0 (compatible; Yahoo! Slurp/3.0; http://help.yahoo.com/help/us/ysearch/slurp)"
74.6.22.103 - - [17/May/2009:02:02:16 -0700] "GET www.twibuzz.com/cgi/tweets.py?q=game%207 HTTP/1.0" 200 7696 "http://www.twibuzz.com/cgi/search.py?query=game+7" "Mozilla/5.0 (compatible; Yahoo! Slurp/3.0; http://help.yahoo.com/help/us/ysearch/slurp)"
66.249.70.102 - - [17/May/2009:02:06:54 -0700] "GET www.twibuzz.com/cgi/search.py?query=follow+friday HTTP/1.1" 200 93664 "-" "Mozilla/5.0 (compatible; Googlebot/2.1; +http://www.google.com/bot.html)"
66.249.70.102 - - [17/May/2009:02:11:31 -0700] "GET www.twibuzz.com/cgi/search.py?query=netherlands HTTP/1.1" 200 103957 "-" "Mozilla/5.0 (compatible; Googlebot/2.1; +http://www.google.com/bot.html)"
66.249.70.102 - - [17/May/2009:02:11:59 -0700] "GET www.twibuzz.com/cgi/tweets.py?q=wayman%20tisdale HTTP/1.1" 200 7653 "-" "Mozilla/5.0 (compatible; Googlebot/2.1; +http://www.google.com/bot.html)"
66.249.70.102 - - [17/May/2009:02:15:03 -0700] "GET www.twibuzz.com/cgi/search.py?query=apprentice HTTP/1.1" 200 115485 "-" "Mozilla/5.0 (compatible; Googlebot/2.1; +http://www.google.com/bot.html)"
201.50.27.92 - - [17/May/2009:02:16:49 -0700] "GET www.kinneryandrajan.com/ HTTP/1.1" 200 21598 "-" "Mozilla/4.0 (compatible; MSIE 6.0; Windows NT 5.0)"
66.249.70.102 - - [17/May/2009:02:18:16 -0700] "GET www.twibuzz.com/cgi/tweets.py?q=carrie%20prejean HTTP/1.1" 200 7353 "-" "Mozilla/5.0 (compatible; Googlebot/2.1; +http://www.google.com/bot.html)"
66.249.70.102 - - [17/May/2009:02:22:04 -0700] "GET www.twibuzz.com/cgi/tweets.py?q=%23jonasparanoid HTTP/1.1" 200 5898 "-" "Mozilla/5.0 (compatible; Googlebot/2.1; +http://www.google.com/bot.html)"
66.249.70.102 - - [17/May/2009:02:24:50 -0700] "GET www.twibuzz.com/cgi/search.py?query=%233hotwords HTTP/1.1" 200 8281 "-" "Mozilla/5.0 (compatible; Googlebot/2.1; +http://www.google.com/bot.html)"
66.249.70.102 - - [17/May/2009:02:26:26 -0700] "GET www.twibuzz.com/cgi/tweets.py?q=to%20end%20hunger HTTP/1.1" 200 7926 "-" "Mozilla/5.0 (compatible; Googlebot/2.1; +http://www.google.com/bot.html)"
74.6.22.103 - - [17/May/2009:02:27:04 -0700] "GET www.twibuzz.com/cgi/search.py?query=green+day HTTP/1.0" 200 107133 "-" "Mozilla/5.0 (compatible; Yahoo! Slurp/3.0; http://help.yahoo.com/help/us/ysearch/slurp)"
74.6.22.103 - - [17/May/2009:02:27:09 -0700] "GET www.twibuzz.com/cgi/tweets.py?q=green%20day HTTP/1.0" 200 5866 "http://www.twibuzz.com/cgi/search.py?query=green+day" "Mozilla/5.0 (compatible; Yahoo! Slurp/3.0; http://help.yahoo.com/help/us/ysearch/slurp)"
66.249.70.102 - - [17/May/2009:02:30:01 -0700] "GET www.twibuzz.com/cgi/tweets.py?q=%23creditcrunchtv HTTP/1.1" 200 7230 "-" "Mozilla/5.0 (compatible; Googlebot/2.1; +http://www.google.com/bot.html)"
66.249.70.102 - - [17/May/2009:02:30:25 -0700] "GET www.twibuzz.com/cgi/search.py?query=google%2Capple HTTP/1.1" 200 334328 "-" "Mozilla/5.0 (compatible; Googlebot/2.1; +http://www.google.com/bot.html)"
66.229.158.224 - - [17/May/2009:02:33:17 -0700] "GET www.kinneryandrajan.com/ HTTP/1.1" 200 21402 "-" "Mozilla/4.0 (compatible; MSIE 6.0; Windows NT 5.0)"
66.249.70.102 - - [17/May/2009:02:37:28 -0700] "GET www.twibuzz.com/cgi/tweets.py?q=miss%20california HTTP/1.1" 200 7019 "-" "Mozilla/5.0 (compatible; Googlebot/2.1; +http://www.google.com/bot.html)"
194.8.75.163 - - [17/May/2009:02:40:40 -0700] "GET www.kinneryandrajan.com/?page_id=2 HTTP/1.0" 200 14125 "http://www.kinneryandrajan.com/?page_id=2" "Mozilla/4.0 (compatible; MSIE 6.0; Windows NT 5.1; FREE; .NET CLR 1.1.4322)"
194.8.75.163 - - [17/May/2009:02:40:43 -0700] "POST www.kinneryandrajan.com/wp-comments-post.php HTTP/1.0" 302 0 "http://www.kinneryandrajan.com/?page_id=2" "Mozilla/4.0 (compatible; MSIE 6.0; Windows NT 5.1; FREE; .NET CLR 1.1.4322)"
